// Vitest Snapshot v1, https://vitest.dev/guide/snapshot.html

exports[`board contents > draws the opening frame: fixed arrows, a goal circle, stable snapshot 1`] = `
[
  {
    "color": 0,
    "h": 282,
    "op": "rect",
    "rgb": "rgb(211, 211, 211)",
    "w": 282,
    "x": 0,
    "y": 0,
  },
  {
    "color": 3,
    "h": 242,
    "op": "rect",
    "rgb": "rgb(0, 0, 0)",
    "w": 242,
    "x": 20,
    "y": 20,
  },
  {
    "color": 0,
    "h": 38,
    "op": "rect",
    "rgb": "rgb(211, 211, 211)",
    "w": 36,
    "x": 23,
    "y": 23,
  },
  {
    "color": 0,
    "h": 38,
    "op": "rect",
    "rgb": "rgb(211, 211, 211)",
    "w": 36,
    "x": 63,
    "y": 23,
  },
  {
    "color": 0,
    "h": 36,
    "op": "rect",
    "rgb": "rgb(211, 211, 211)",
    "w": 36,
    "x": 103,
    "y": 23,
  },
  {
    "color": 0,
    "h": 38,
    "op": "rect",
    "rgb": "rgb(211, 211, 211)",
    "w": 36,
    "x": 143,
    "y": 23,
  },
  {
    "color": 4,
    "op": "line",
    "rgb": "rgb(0, 0, 0)",
    "thickness": 2,
    "x1": 150,
    "x2": 174,
    "y1": 42,
    "y2": 42,
  },
  {
    "color": 4,
    "op": "line",
    "rgb": "rgb(0, 0, 0)",
    "thickness": 2,
    "x1": 162,
    "x2": 150,
    "y1": 35,
    "y2": 42,
  },
  {
    "color": 4,
    "op": "line",
    "rgb": "rgb(0, 0, 0)",
    "thickness": 2,
    "x1": 162,
    "x2": 150,
    "y1": 49,
    "y2": 42,
  },
  {
    "color": 0,
    "h": 38,
    "op": "rect",
    "rgb": "rgb(211, 211, 211)",
    "w": 36,
    "x": 183,
    "y": 23,
  },
  {
    "color": 4,
    "op": "line",
    "rgb": "rgb(0, 0, 0)",
    "thickness": 2,
    "x1": 190,
    "x2": 214,
    "y1": 42,
    "y2": 42,
  },
  {
    "color": 4,
    "op": "line",
    "rgb": "rgb(0, 0, 0)",
    "thickness": 2,
    "x1": 202,
    "x2": 214,
    "y1": 35,
    "y2": 42,
  },
  {
    "color": 4,
    "op": "line",
    "rgb": "rgb(0, 0, 0)",
    "thickness": 2,
    "x1": 202,
    "x2": 214,
    "y1": 49,
    "y2": 42,
  },
  {
    "color": 0,
    "h": 36,
    "op": "rect",
    "rgb": "rgb(211, 211, 211)",
    "w": 36,
    "x": 223,
    "y": 23,
  },
  {
    "color": 0,
    "h": 37,
    "op": "rect",
    "rgb": "rgb(211, 211, 211)",
    "w": 36,
    "x": 23,
    "y": 62,
  },
  {
    "color": 4,
    "op": "line",
    "rgb": "rgb(0, 0, 0)",
    "thickness": 2,
    "x1": 42,
    "x2": 42,
    "y1": 70,
    "y2": 94,
  },
  {
    "color": 4,
    "op": "line",
    "rgb": "rgb(0, 0, 0)",
    "thickness": 2,
    "x1": 42,
    "x2": 35,
    "y1": 94,
    "y2": 82,
  },
  {
    "color": 4,
    "op": "line",
    "rgb": "rgb(0, 0, 0)",
    "thickness": 2,
    "x1": 42,
    "x2": 49,
    "y1": 94,
    "y2": 82,
  },
  {
    "color": 0,
    "h": 39,
    "op": "rect",
    "rgb": "rgb(211, 211, 211)",
    "w": 36,
    "x": 63,
    "y": 62,
  },
  {
    "color": 0,
    "h": 36,
    "op": "rect",
    "rgb": "rgb(211, 211, 211)",
    "w": 38,
    "x": 103,
    "y": 63,
  },
  {
    "color": 0,
    "h": 37,
    "op": "rect",
    "rgb": "rgb(211, 211, 211)",
    "w": 37,
    "x": 142,
    "y": 62,
  },
  {
    "color": 0,
    "h": 37,
    "op": "rect",
    "rgb": "rgb(211, 211, 211)",
    "w": 36,
    "x": 183,
    "y": 62,
  },
  {
    "color": 4,
    "op": "line",
    "rgb": "rgb(0, 0, 0)",
    "thickness": 2,
    "x1": 202,
    "x2": 202,
    "y1": 70,
    "y2": 94,
  },
  {
    "color": 4,
    "op": "line",
    "rgb": "rgb(0, 0, 0)",
    "thickness": 2,
    "x1": 202,
    "x2": 195,
    "y1": 94,
    "y2": 82,
  },
  {
    "color": 4,
    "op": "line",
    "rgb": "rgb(0, 0, 0)",
    "thickness": 2,
    "x1": 202,
    "x2": 209,
    "y1": 94,
    "y2": 82,
  },
  {
    "color": 0,
    "h": 38,
    "op": "rect",
    "rgb": "rgb(211, 211, 211)",
    "w": 36,
    "x": 223,
    "y": 63,
  },
  {
    "color": 4,
    "op": "line",
    "rgb": "rgb(0, 0, 0)",
    "thickness": 2,
    "x1": 230,
    "x2": 254,
    "y1": 82,
    "y2": 82,
  },
  {
    "color": 4,
    "op": "line",
    "rgb": "rgb(0, 0, 0)",
    "thickness": 2,
    "x1": 242,
    "x2": 230,
    "y1": 75,
    "y2": 82,
  },
  {
    "color": 4,
    "op": "line",
    "rgb": "rgb(0, 0, 0)",
    "thickness": 2,
    "x1": 242,
    "x2": 230,
    "y1": 89,
    "y2": 82,
  },
  {
    "color": 0,
    "h": 36,
    "op": "rect",
    "rgb": "rgb(211, 211, 211)",
    "w": 38,
    "x": 23,
    "y": 103,
  },
  {
    "color": 4,
    "op": "line",
    "rgb": "rgb(0, 0, 0)",
    "thickness": 2,
    "x1": 42,
    "x2": 42,
    "y1": 110,
    "y2": 134,
  },
  {
    "color": 4,
    "op": "line",
    "rgb": "rgb(0, 0, 0)",
    "thickness": 2,
    "x1": 42,
    "x2": 35,
    "y1": 134,
    "y2": 122,
  },
  {
    "color": 4,
    "op": "line",
    "rgb": "rgb(0, 0, 0)",
    "thickness": 2,
    "x1": 42,
    "x2": 49,
    "y1": 134,
    "y2": 122,
  },
  {
    "color": 0,
    "h": 37,
    "op": "rect",
    "rgb": "rgb(211, 211, 211)",
    "w": 37,
    "x": 62,
    "y": 102,
  },
  {
    "color": 4,
    "op": "line",
    "rgb": "rgb(0, 0, 0)",
    "thickness": 2,
    "x1": 82,
    "x2": 82,
    "y1": 110,
    "y2": 134,
  },
  {
    "color": 4,
    "op": "line",
    "rgb": "rgb(0, 0, 0)",
    "thickness": 2,
    "x1": 82,
    "x2": 75,
    "y1": 110,
    "y2": 122,
  },
  {
    "color": 4,
    "op": "line",
    "rgb": "rgb(0, 0, 0)",
    "thickness": 2,
    "x1": 82,
    "x2": 89,
    "y1": 110,
    "y2": 122,
  },
  {
    "color": 0,
    "h": 38,
    "op": "rect",
    "rgb": "rgb(211, 211, 211)",
    "w": 38,
    "x": 103,
    "y": 103,
  },
  {
    "color": 4,
    "op": "line",
    "rgb": "rgb(0, 0, 0)",
    "thickness": 2,
    "x1": 122,
    "x2": 122,
    "y1": 110,
    "y2": 134,
  },
  {
    "color": 4,
    "op": "line",
    "rgb": "rgb(0, 0, 0)",
    "thickness": 2,
    "x1": 122,
    "x2": 115,
    "y1": 110,
    "y2": 122,
  },
  {
    "color": 4,
    "op": "line",
    "rgb": "rgb(0, 0, 0)",
    "thickness": 2,
    "x1": 122,
    "x2": 129,
    "y1": 110,
    "y2": 122,
  },
  {
    "color": 0,
    "h": 38,
    "op": "rect",
    "rgb": "rgb(211, 211, 211)",
    "w": 37,
    "x": 142,
    "y": 103,
  },
  {
    "color": 0,
    "h": 38,
    "op": "rect",
    "rgb": "rgb(211, 211, 211)",
    "w": 36,
    "x": 183,
    "y": 103,
  },
  {
    "color": 4,
    "op": "line",
    "rgb": "rgb(0, 0, 0)",
    "thickness": 2,
    "x1": 190,
    "x2": 214,
    "y1": 122,
    "y2": 122,
  },
  {
    "color": 4,
    "op": "line",
    "rgb": "rgb(0, 0, 0)",
    "thickness": 2,
    "x1": 202,
    "x2": 214,
    "y1": 115,
    "y2": 122,
  },
  {
    "color": 4,
    "op": "line",
    "rgb": "rgb(0, 0, 0)",
    "thickness": 2,
    "x1": 202,
    "x2": 214,
    "y1": 129,
    "y2": 122,
  },
  {
    "color": 0,
    "h": 37,
    "op": "rect",
    "rgb": "rgb(211, 211, 211)",
    "w": 36,
    "x": 223,
    "y": 102,
  },
  {
    "color": 0,
    "h": 38,
    "op": "rect",
    "rgb": "rgb(211, 211, 211)",
    "w": 36,
    "x": 23,
    "y": 143,
  },
  {
    "color": 10,
    "h": 36,
    "op": "rect",
    "rgb": "rgb(200, 200, 255)",
    "w": 36,
    "x": 63,
    "y": 143,
  },
  {
    "cx": 82,
    "cy": 162,
    "fill": 11,
    "fillRgb": "rgb(44, 77, 126)",
    "op": "circle",
    "outline": 11,
    "outlineRgb": "rgb(44, 77, 126)",
    "r": 13,
  },
  {
    "color": 0,
    "h": 37,
    "op": "rect",
    "rgb": "rgb(211, 211, 211)",
    "w": 38,
    "x": 103,
    "y": 142,
  },
  {
    "color": 0,
    "h": 37,
    "op": "rect",
    "rgb": "rgb(211, 211, 211)",
    "w": 37,
    "x": 142,
    "y": 142,
  },
  {
    "color": 4,
    "op": "line",
    "rgb": "rgb(0, 0, 0)",
    "thickness": 2,
    "x1": 150,
    "x2": 174,
    "y1": 162,
    "y2": 162,
  },
  {
    "color": 4,
    "op": "line",
    "rgb": "rgb(0, 0, 0)",
    "thickness": 2,
    "x1": 162,
    "x2": 174,
    "y1": 155,
    "y2": 162,
  },
  {
    "color": 4,
    "op": "line",
    "rgb": "rgb(0, 0, 0)",
    "thickness": 2,
    "x1": 162,
    "x2": 174,
    "y1": 169,
    "y2": 162,
  },
  {
    "color": 0,
    "h": 37,
    "op": "rect",
    "rgb": "rgb(211, 211, 211)",
    "w": 36,
    "x": 183,
    "y": 142,
  },
  {
    "color": 0,
    "h": 38,
    "op": "rect",
    "rgb": "rgb(211, 211, 211)",
    "w": 36,
    "x": 223,
    "y": 143,
  },
  {
    "color": 4,
    "op": "line",
    "rgb": "rgb(0, 0, 0)",
    "thickness": 2,
    "x1": 230,
    "x2": 254,
    "y1": 162,
    "y2": 162,
  },
  {
    "color": 4,
    "op": "line",
    "rgb": "rgb(0, 0, 0)",
    "thickness": 2,
    "x1": 242,
    "x2": 230,
    "y1": 155,
    "y2": 162,
  },
  {
    "color": 4,
    "op": "line",
    "rgb": "rgb(0, 0, 0)",
    "thickness": 2,
    "x1": 242,
    "x2": 230,
    "y1": 169,
    "y2": 162,
  },
  {
    "color": 0,
    "h": 39,
    "op": "rect",
    "rgb": "rgb(211, 211, 211)",
    "w": 36,
    "x": 23,
    "y": 182,
  },
  {
    "color": 0,
    "h": 38,
    "op": "rect",
    "rgb": "rgb(211, 211, 211)",
    "w": 36,
    "x": 63,
    "y": 183,
  },
  {
    "color": 4,
    "op": "line",
    "rgb": "rgb(0, 0, 0)",
    "thickness": 2,
    "x1": 70,
    "x2": 94,
    "y1": 202,
    "y2": 202,
  },
  {
    "color": 4,
    "op": "line",
    "rgb": "rgb(0, 0, 0)",
    "thickness": 2,
    "x1": 82,
    "x2": 94,
    "y1": 195,
    "y2": 202,
  },
  {
    "color": 4,
    "op": "line",
    "rgb": "rgb(0, 0, 0)",
    "thickness": 2,
    "x1": 82,
    "x2": 94,
    "y1": 209,
    "y2": 202,
  },
  {
    "color": 0,
    "h": 36,
    "op": "rect",
    "rgb": "rgb(211, 211, 211)",
    "w": 38,
    "x": 103,
    "y": 183,
  },
  {
    "color": 0,
    "h": 36,
    "op": "rect",
    "rgb": "rgb(211, 211, 211)",
    "w": 39,
    "x": 142,
    "y": 183,
  },
  {
    "color": 4,
    "op": "line",
    "rgb": "rgb(0, 0, 0)",
    "thickness": 2,
    "x1": 162,
    "x2": 162,
    "y1": 190,
    "y2": 214,
  },
  {
    "color": 4,
    "op": "line",
    "rgb": "rgb(0, 0, 0)",
    "thickness": 2,
    "x1": 162,
    "x2": 155,
    "y1": 214,
    "y2": 202,
  },
  {
    "color": 4,
    "op": "line",
    "rgb": "rgb(0, 0, 0)",
    "thickness": 2,
    "x1": 162,
    "x2": 169,
    "y1": 214,
    "y2": 202,
  },
  {
    "color": 0,
    "h": 38,
    "op": "rect",
    "rgb": "rgb(211, 211, 211)",
    "w": 37,
    "x": 182,
    "y": 183,
  },
  {
    "color": 0,
    "h": 37,
    "op": "rect",
    "rgb": "rgb(211, 211, 211)",
    "w": 36,
    "x": 223,
    "y": 182,
  },
  {
    "color": 0,
    "h": 37,
    "op": "rect",
    "rgb": "rgb(211, 211, 211)",
    "w": 36,
    "x": 23,
    "y": 222,
  },
  {
    "color": 0,
    "h": 37,
    "op": "rect",
    "rgb": "rgb(211, 211, 211)",
    "w": 36,
    "x": 63,
    "y": 222,
  },
  {
    "color": 4,
    "op": "line",
    "rgb": "rgb(0, 0, 0)",
    "thickness": 2,
    "x1": 70,
    "x2": 94,
    "y1": 242,
    "y2": 242,
  },
  {
    "color": 4,
    "op": "line",
    "rgb": "rgb(0, 0, 0)",
    "thickness": 2,
    "x1": 82,
    "x2": 70,
    "y1": 235,
    "y2": 242,
  },
  {
    "color": 4,
    "op": "line",
    "rgb": "rgb(0, 0, 0)",
    "thickness": 2,
    "x1": 82,
    "x2": 70,
    "y1": 249,
    "y2": 242,
  },
  {
    "color": 0,
    "h": 36,
    "op": "rect",
    "rgb": "rgb(211, 211, 211)",
    "w": 38,
    "x": 103,
    "y": 223,
  },
  {
    "color": 0,
    "h": 36,
    "op": "rect",
    "rgb": "rgb(211, 211, 211)",
    "w": 37,
    "x": 142,
    "y": 223,
  },
  {
    "color": 4,
    "op": "line",
    "rgb": "rgb(0, 0, 0)",
    "thickness": 2,
    "x1": 150,
    "x2": 174,
    "y1": 242,
    "y2": 242,
  },
  {
    "color": 4,
    "op": "line",
    "rgb": "rgb(0, 0, 0)",
    "thickness": 2,
    "x1": 162,
    "x2": 150,
    "y1": 235,
    "y2": 242,
  },
  {
    "color": 4,
    "op": "line",
    "rgb": "rgb(0, 0, 0)",
    "thickness": 2,
    "x1": 162,
    "x2": 150,
    "y1": 249,
    "y2": 242,
  },
  {
    "color": 0,
    "h": 37,
    "op": "rect",
    "rgb": "rgb(211, 211, 211)",
    "w": 36,
    "x": 183,
    "y": 222,
  },
  {
    "color": 0,
    "h": 36,
    "op": "rect",
    "rgb": "rgb(211, 211, 211)",
    "w": 36,
    "x": 223,
    "y": 223,
  },
  {
    "color": 4,
    "op": "line",
    "rgb": "rgb(0, 0, 0)",
    "thickness": 2,
    "x1": 230,
    "x2": 254,
    "y1": 242,
    "y2": 242,
  },
  {
    "color": 4,
    "op": "line",
    "rgb": "rgb(0, 0, 0)",
    "thickness": 2,
    "x1": 242,
    "x2": 230,
    "y1": 235,
    "y2": 242,
  },
  {
    "color": 4,
    "op": "line",
    "rgb": "rgb(0, 0, 0)",
    "thickness": 2,
    "x1": 242,
    "x2": 230,
    "y1": 249,
    "y2": 242,
  },
  {
    "color": 0,
    "h": 14,
    "op": "rect",
    "rgb": "rgb(211, 211, 211)",
    "w": 14,
    "x": 265,
    "y": 3,
  },
]
`;
