// Vitest Snapshot v1, https://vitest.dev/guide/snapshot.html

exports[`Loopy hint frames > draws the pair a step places in the action color, and the pairs it cites in the evidence color 1`] = `
[
  {
    "color": 0,
    "h": 273,
    "op": "rect",
    "rgb": "rgb(211, 211, 211)",
    "w": 273,
    "x": 0,
    "y": 0,
  },
  {
    "color": 0,
    "h": 273,
    "op": "rect",
    "rgb": "rgb(211, 211, 211)",
    "w": 273,
    "x": 0,
    "y": 0,
  },
  {
    "color": 9,
    "op": "line",
    "rgb": "rgb(14, 88, 91)",
    "thickness": 2,
    "x1": 219,
    "x2": 245,
    "y1": 27,
    "y2": 27,
  },
  {
    "color": 9,
    "op": "line",
    "rgb": "rgb(14, 88, 91)",
    "thickness": 2,
    "x1": 245,
    "x2": 245,
    "y1": 27,
    "y2": 53,
  },
  {
    "color": 9,
    "op": "line",
    "rgb": "rgb(14, 88, 91)",
    "thickness": 2,
    "x1": 245,
    "x2": 219,
    "y1": 53,
    "y2": 53,
  },
  {
    "color": 9,
    "op": "line",
    "rgb": "rgb(14, 88, 91)",
    "thickness": 2,
    "x1": 219,
    "x2": 219,
    "y1": 53,
    "y2": 27,
  },
  {
    "fill": 10,
    "fillRgb": "rgb(105, 105, 211)",
    "op": "polygon",
    "outline": 10,
    "outlineRgb": "rgb(105, 105, 211)",
    "points": [
      [
        38,
        27,
      ],
      [
        37,
        29,
      ],
      [
        36,
        32,
      ],
      [
        34,
        34,
      ],
      [
        32,
        36,
      ],
      [
        29,
        37,
      ],
      [
        27,
        38,
      ],
      [
        25,
        32,
      ],
      [
        27,
        31,
      ],
      [
        28,
        31,
      ],
      [
        30,
        30,
      ],
      [
        31,
        28,
      ],
      [
        31,
        27,
      ],
      [
        32,
        25,
      ],
    ],
  },
  {
    "color": 9,
    "op": "line",
    "rgb": "rgb(14, 88, 91)",
    "thickness": 2,
    "x1": 232,
    "x2": 248,
    "y1": 24,
    "y2": 40,
  },
  {
    "cx": 232,
    "cy": 24,
    "fill": 9,
    "fillRgb": "rgb(14, 88, 91)",
    "op": "circle",
    "outline": 9,
    "outlineRgb": "rgb(14, 88, 91)",
    "r": 3,
  },
  {
    "cx": 248,
    "cy": 40,
    "fill": 9,
    "fillRgb": "rgb(14, 88, 91)",
    "op": "circle",
    "outline": 9,
    "outlineRgb": "rgb(14, 88, 91)",
    "r": 3,
  },
  {
    "color": 8,
    "op": "line",
    "rgb": "rgb(21, 113, 233)",
    "thickness": 2,
    "x1": 216,
    "x2": 232,
    "y1": 40,
    "y2": 56,
  },
  {
    "cx": 216,
    "cy": 40,
    "fill": 8,
    "fillRgb": "rgb(21, 113, 233)",
    "op": "circle",
    "outline": 8,
    "outlineRgb": "rgb(21, 113, 233)",
    "r": 3,
  },
  {
    "cx": 232,
    "cy": 56,
    "fill": 8,
    "fillRgb": "rgb(21, 113, 233)",
    "op": "circle",
    "outline": 8,
    "outlineRgb": "rgb(21, 113, 233)",
    "r": 3,
  },
  {
    "align": "center",
    "baseline": "mathematical",
    "color": 1,
    "fontType": "variable",
    "op": "text",
    "rgb": "rgb(0, 0, 0)",
    "size": 16,
    "text": "3",
    "x": 40,
    "y": 40,
  },
  {
    "align": "center",
    "baseline": "mathematical",
    "color": 1,
    "fontType": "variable",
    "op": "text",
    "rgb": "rgb(0, 0, 0)",
    "size": 16,
    "text": "1",
    "x": 104,
    "y": 40,
  },
  {
    "align": "center",
    "baseline": "mathematical",
    "color": 1,
    "fontType": "variable",
    "op": "text",
    "rgb": "rgb(0, 0, 0)",
    "size": 16,
    "text": "2",
    "x": 232,
    "y": 40,
  },
  {
    "align": "center",
    "baseline": "mathematical",
    "color": 1,
    "fontType": "variable",
    "op": "text",
    "rgb": "rgb(0, 0, 0)",
    "size": 16,
    "text": "2",
    "x": 168,
    "y": 72,
  },
  {
    "align": "center",
    "baseline": "mathematical",
    "color": 1,
    "fontType": "variable",
    "op": "text",
    "rgb": "rgb(0, 0, 0)",
    "size": 16,
    "text": "1",
    "x": 200,
    "y": 72,
  },
  {
    "align": "center",
    "baseline": "mathematical",
    "color": 1,
    "fontType": "variable",
    "op": "text",
    "rgb": "rgb(0, 0, 0)",
    "size": 16,
    "text": "2",
    "x": 232,
    "y": 72,
  },
  {
    "align": "center",
    "baseline": "mathematical",
    "color": 1,
    "fontType": "variable",
    "op": "text",
    "rgb": "rgb(0, 0, 0)",
    "size": 16,
    "text": "2",
    "x": 40,
    "y": 104,
  },
  {
    "align": "center",
    "baseline": "mathematical",
    "color": 1,
    "fontType": "variable",
    "op": "text",
    "rgb": "rgb(0, 0, 0)",
    "size": 16,
    "text": "2",
    "x": 72,
    "y": 104,
  },
  {
    "align": "center",
    "baseline": "mathematical",
    "color": 1,
    "fontType": "variable",
    "op": "text",
    "rgb": "rgb(0, 0, 0)",
    "size": 16,
    "text": "3",
    "x": 104,
    "y": 104,
  },
  {
    "align": "center",
    "baseline": "mathematical",
    "color": 1,
    "fontType": "variable",
    "op": "text",
    "rgb": "rgb(0, 0, 0)",
    "size": 16,
    "text": "3",
    "x": 168,
    "y": 104,
  },
  {
    "align": "center",
    "baseline": "mathematical",
    "color": 1,
    "fontType": "variable",
    "op": "text",
    "rgb": "rgb(0, 0, 0)",
    "size": 16,
    "text": "2",
    "x": 200,
    "y": 104,
  },
  {
    "align": "center",
    "baseline": "mathematical",
    "color": 1,
    "fontType": "variable",
    "op": "text",
    "rgb": "rgb(0, 0, 0)",
    "size": 16,
    "text": "3",
    "x": 232,
    "y": 104,
  },
  {
    "align": "center",
    "baseline": "mathematical",
    "color": 1,
    "fontType": "variable",
    "op": "text",
    "rgb": "rgb(0, 0, 0)",
    "size": 16,
    "text": "3",
    "x": 40,
    "y": 136,
  },
  {
    "align": "center",
    "baseline": "mathematical",
    "color": 1,
    "fontType": "variable",
    "op": "text",
    "rgb": "rgb(0, 0, 0)",
    "size": 16,
    "text": "2",
    "x": 104,
    "y": 136,
  },
  {
    "align": "center",
    "baseline": "mathematical",
    "color": 1,
    "fontType": "variable",
    "op": "text",
    "rgb": "rgb(0, 0, 0)",
    "size": 16,
    "text": "3",
    "x": 168,
    "y": 136,
  },
  {
    "align": "center",
    "baseline": "mathematical",
    "color": 1,
    "fontType": "variable",
    "op": "text",
    "rgb": "rgb(0, 0, 0)",
    "size": 16,
    "text": "1",
    "x": 200,
    "y": 168,
  },
  {
    "align": "center",
    "baseline": "mathematical",
    "color": 1,
    "fontType": "variable",
    "op": "text",
    "rgb": "rgb(0, 0, 0)",
    "size": 16,
    "text": "3",
    "x": 232,
    "y": 168,
  },
  {
    "align": "center",
    "baseline": "mathematical",
    "color": 1,
    "fontType": "variable",
    "op": "text",
    "rgb": "rgb(0, 0, 0)",
    "size": 16,
    "text": "2",
    "x": 72,
    "y": 232,
  },
  {
    "align": "center",
    "baseline": "mathematical",
    "color": 1,
    "fontType": "variable",
    "op": "text",
    "rgb": "rgb(0, 0, 0)",
    "size": 16,
    "text": "3",
    "x": 104,
    "y": 232,
  },
  {
    "align": "center",
    "baseline": "mathematical",
    "color": 1,
    "fontType": "variable",
    "op": "text",
    "rgb": "rgb(0, 0, 0)",
    "size": 16,
    "text": "1",
    "x": 136,
    "y": 232,
  },
  {
    "align": "center",
    "baseline": "mathematical",
    "color": 1,
    "fontType": "variable",
    "op": "text",
    "rgb": "rgb(0, 0, 0)",
    "size": 16,
    "text": "2",
    "x": 168,
    "y": 232,
  },
  {
    "color": 2,
    "op": "line",
    "rgb": "rgb(190, 190, 0)",
    "thickness": 3,
    "x1": 56,
    "x2": 56,
    "y1": 24,
    "y2": 56,
  },
  {
    "color": 2,
    "op": "line",
    "rgb": "rgb(190, 190, 0)",
    "thickness": 3,
    "x1": 56,
    "x2": 24,
    "y1": 56,
    "y2": 56,
  },
  {
    "color": 2,
    "op": "line",
    "rgb": "rgb(190, 190, 0)",
    "thickness": 3,
    "x1": 56,
    "x2": 88,
    "y1": 24,
    "y2": 24,
  },
  {
    "color": 2,
    "op": "line",
    "rgb": "rgb(190, 190, 0)",
    "thickness": 3,
    "x1": 88,
    "x2": 88,
    "y1": 24,
    "y2": 56,
  },
  {
    "color": 2,
    "op": "line",
    "rgb": "rgb(190, 190, 0)",
    "thickness": 3,
    "x1": 88,
    "x2": 56,
    "y1": 56,
    "y2": 56,
  },
  {
    "color": 2,
    "op": "line",
    "rgb": "rgb(190, 190, 0)",
    "thickness": 3,
    "x1": 88,
    "x2": 120,
    "y1": 24,
    "y2": 24,
  },
  {
    "color": 2,
    "op": "line",
    "rgb": "rgb(190, 190, 0)",
    "thickness": 3,
    "x1": 120,
    "x2": 120,
    "y1": 24,
    "y2": 56,
  },
  {
    "color": 2,
    "op": "line",
    "rgb": "rgb(190, 190, 0)",
    "thickness": 3,
    "x1": 120,
    "x2": 88,
    "y1": 56,
    "y2": 56,
  },
  {
    "color": 2,
    "op": "line",
    "rgb": "rgb(190, 190, 0)",
    "thickness": 3,
    "x1": 120,
    "x2": 152,
    "y1": 24,
    "y2": 24,
  },
  {
    "color": 2,
    "op": "line",
    "rgb": "rgb(190, 190, 0)",
    "thickness": 3,
    "x1": 152,
    "x2": 152,
    "y1": 24,
    "y2": 56,
  },
  {
    "color": 2,
    "op": "line",
    "rgb": "rgb(190, 190, 0)",
    "thickness": 3,
    "x1": 152,
    "x2": 120,
    "y1": 56,
    "y2": 56,
  },
  {
    "color": 2,
    "op": "line",
    "rgb": "rgb(190, 190, 0)",
    "thickness": 3,
    "x1": 152,
    "x2": 184,
    "y1": 24,
    "y2": 24,
  },
  {
    "color": 2,
    "op": "line",
    "rgb": "rgb(190, 190, 0)",
    "thickness": 3,
    "x1": 184,
    "x2": 184,
    "y1": 24,
    "y2": 56,
  },
  {
    "color": 2,
    "op": "line",
    "rgb": "rgb(190, 190, 0)",
    "thickness": 3,
    "x1": 184,
    "x2": 152,
    "y1": 56,
    "y2": 56,
  },
  {
    "color": 2,
    "op": "line",
    "rgb": "rgb(190, 190, 0)",
    "thickness": 3,
    "x1": 184,
    "x2": 216,
    "y1": 24,
    "y2": 24,
  },
  {
    "color": 2,
    "op": "line",
    "rgb": "rgb(190, 190, 0)",
    "thickness": 3,
    "x1": 216,
    "x2": 216,
    "y1": 24,
    "y2": 56,
  },
  {
    "color": 2,
    "op": "line",
    "rgb": "rgb(190, 190, 0)",
    "thickness": 3,
    "x1": 216,
    "x2": 184,
    "y1": 56,
    "y2": 56,
  },
  {
    "color": 2,
    "op": "line",
    "rgb": "rgb(190, 190, 0)",
    "thickness": 3,
    "x1": 216,
    "x2": 248,
    "y1": 24,
    "y2": 24,
  },
  {
    "color": 2,
    "op": "line",
    "rgb": "rgb(190, 190, 0)",
    "thickness": 3,
    "x1": 248,
    "x2": 248,
    "y1": 24,
    "y2": 56,
  },
  {
    "color": 2,
    "op": "line",
    "rgb": "rgb(190, 190, 0)",
    "thickness": 3,
    "x1": 248,
    "x2": 216,
    "y1": 56,
    "y2": 56,
  },
  {
    "color": 2,
    "op": "line",
    "rgb": "rgb(190, 190, 0)",
    "thickness": 3,
    "x1": 56,
    "x2": 56,
    "y1": 56,
    "y2": 88,
  },
  {
    "color": 2,
    "op": "line",
    "rgb": "rgb(190, 190, 0)",
    "thickness": 3,
    "x1": 56,
    "x2": 24,
    "y1": 88,
    "y2": 88,
  },
  {
    "color": 2,
    "op": "line",
    "rgb": "rgb(190, 190, 0)",
    "thickness": 3,
    "x1": 24,
    "x2": 24,
    "y1": 88,
    "y2": 56,
  },
  {
    "color": 2,
    "op": "line",
    "rgb": "rgb(190, 190, 0)",
    "thickness": 3,
    "x1": 88,
    "x2": 88,
    "y1": 56,
    "y2": 88,
  },
  {
    "color": 2,
    "op": "line",
    "rgb": "rgb(190, 190, 0)",
    "thickness": 3,
    "x1": 88,
    "x2": 56,
    "y1": 88,
    "y2": 88,
  },
  {
    "color": 2,
    "op": "line",
    "rgb": "rgb(190, 190, 0)",
    "thickness": 3,
    "x1": 120,
    "x2": 120,
    "y1": 56,
    "y2": 88,
  },
  {
    "color": 2,
    "op": "line",
    "rgb": "rgb(190, 190, 0)",
    "thickness": 3,
    "x1": 120,
    "x2": 88,
    "y1": 88,
    "y2": 88,
  },
  {
    "color": 2,
    "op": "line",
    "rgb": "rgb(190, 190, 0)",
    "thickness": 3,
    "x1": 152,
    "x2": 152,
    "y1": 56,
    "y2": 88,
  },
  {
    "color": 2,
    "op": "line",
    "rgb": "rgb(190, 190, 0)",
    "thickness": 3,
    "x1": 152,
    "x2": 120,
    "y1": 88,
    "y2": 88,
  },
  {
    "color": 2,
    "op": "line",
    "rgb": "rgb(190, 190, 0)",
    "thickness": 3,
    "x1": 184,
    "x2": 184,
    "y1": 56,
    "y2": 88,
  },
  {
    "color": 2,
    "op": "line",
    "rgb": "rgb(190, 190, 0)",
    "thickness": 3,
    "x1": 184,
    "x2": 152,
    "y1": 88,
    "y2": 88,
  },
  {
    "color": 2,
    "op": "line",
    "rgb": "rgb(190, 190, 0)",
    "thickness": 3,
    "x1": 216,
    "x2": 216,
    "y1": 56,
    "y2": 88,
  },
  {
    "color": 2,
    "op": "line",
    "rgb": "rgb(190, 190, 0)",
    "thickness": 3,
    "x1": 216,
    "x2": 184,
    "y1": 88,
    "y2": 88,
  },
  {
    "color": 2,
    "op": "line",
    "rgb": "rgb(190, 190, 0)",
    "thickness": 3,
    "x1": 248,
    "x2": 248,
    "y1": 56,
    "y2": 88,
  },
  {
    "color": 2,
    "op": "line",
    "rgb": "rgb(190, 190, 0)",
    "thickness": 3,
    "x1": 248,
    "x2": 216,
    "y1": 88,
    "y2": 88,
  },
  {
    "color": 2,
    "op": "line",
    "rgb": "rgb(190, 190, 0)",
    "thickness": 3,
    "x1": 56,
    "x2": 56,
    "y1": 88,
    "y2": 120,
  },
  {
    "color": 2,
    "op": "line",
    "rgb": "rgb(190, 190, 0)",
    "thickness": 3,
    "x1": 56,
    "x2": 24,
    "y1": 120,
    "y2": 120,
  },
  {
    "color": 2,
    "op": "line",
    "rgb": "rgb(190, 190, 0)",
    "thickness": 3,
    "x1": 24,
    "x2": 24,
    "y1": 120,
    "y2": 88,
  },
  {
    "color": 2,
    "op": "line",
    "rgb": "rgb(190, 190, 0)",
    "thickness": 3,
    "x1": 88,
    "x2": 88,
    "y1": 88,
    "y2": 120,
  },
  {
    "color": 2,
    "op": "line",
    "rgb": "rgb(190, 190, 0)",
    "thickness": 3,
    "x1": 88,
    "x2": 56,
    "y1": 120,
    "y2": 120,
  },
  {
    "color": 2,
    "op": "line",
    "rgb": "rgb(190, 190, 0)",
    "thickness": 3,
    "x1": 120,
    "x2": 120,
    "y1": 88,
    "y2": 120,
  },
  {
    "color": 2,
    "op": "line",
    "rgb": "rgb(190, 190, 0)",
    "thickness": 3,
    "x1": 120,
    "x2": 88,
    "y1": 120,
    "y2": 120,
  },
  {
    "color": 2,
    "op": "line",
    "rgb": "rgb(190, 190, 0)",
    "thickness": 3,
    "x1": 152,
    "x2": 152,
    "y1": 88,
    "y2": 120,
  },
  {
    "color": 2,
    "op": "line",
    "rgb": "rgb(190, 190, 0)",
    "thickness": 3,
    "x1": 152,
    "x2": 120,
    "y1": 120,
    "y2": 120,
  },
  {
    "color": 2,
    "op": "line",
    "rgb": "rgb(190, 190, 0)",
    "thickness": 3,
    "x1": 184,
    "x2": 184,
    "y1": 88,
    "y2": 120,
  },
  {
    "color": 2,
    "op": "line",
    "rgb": "rgb(190, 190, 0)",
    "thickness": 3,
    "x1": 184,
    "x2": 152,
    "y1": 120,
    "y2": 120,
  },
  {
    "color": 2,
    "op": "line",
    "rgb": "rgb(190, 190, 0)",
    "thickness": 3,
    "x1": 216,
    "x2": 216,
    "y1": 88,
    "y2": 120,
  },
  {
    "color": 2,
    "op": "line",
    "rgb": "rgb(190, 190, 0)",
    "thickness": 3,
    "x1": 216,
    "x2": 184,
    "y1": 120,
    "y2": 120,
  },
  {
    "color": 2,
    "op": "line",
    "rgb": "rgb(190, 190, 0)",
    "thickness": 3,
    "x1": 248,
    "x2": 248,
    "y1": 88,
    "y2": 120,
  },
  {
    "color": 2,
    "op": "line",
    "rgb": "rgb(190, 190, 0)",
    "thickness": 3,
    "x1": 248,
    "x2": 216,
    "y1": 120,
    "y2": 120,
  },
  {
    "color": 2,
    "op": "line",
    "rgb": "rgb(190, 190, 0)",
    "thickness": 3,
    "x1": 56,
    "x2": 56,
    "y1": 120,
    "y2": 152,
  },
  {
    "color": 2,
    "op": "line",
    "rgb": "rgb(190, 190, 0)",
    "thickness": 3,
    "x1": 56,
    "x2": 24,
    "y1": 152,
    "y2": 152,
  },
  {
    "color": 2,
    "op": "line",
    "rgb": "rgb(190, 190, 0)",
    "thickness": 3,
    "x1": 24,
    "x2": 24,
    "y1": 152,
    "y2": 120,
  },
  {
    "color": 2,
    "op": "line",
    "rgb": "rgb(190, 190, 0)",
    "thickness": 3,
    "x1": 88,
    "x2": 88,
    "y1": 120,
    "y2": 152,
  },
  {
    "color": 2,
    "op": "line",
    "rgb": "rgb(190, 190, 0)",
    "thickness": 3,
    "x1": 88,
    "x2": 56,
    "y1": 152,
    "y2": 152,
  },
  {
    "color": 2,
    "op": "line",
    "rgb": "rgb(190, 190, 0)",
    "thickness": 3,
    "x1": 120,
    "x2": 120,
    "y1": 120,
    "y2": 152,
  },
  {
    "color": 2,
    "op": "line",
    "rgb": "rgb(190, 190, 0)",
    "thickness": 3,
    "x1": 120,
    "x2": 88,
    "y1": 152,
    "y2": 152,
  },
  {
    "color": 2,
    "op": "line",
    "rgb": "rgb(190, 190, 0)",
    "thickness": 3,
    "x1": 152,
    "x2": 152,
    "y1": 120,
    "y2": 152,
  },
  {
    "color": 2,
    "op": "line",
    "rgb": "rgb(190, 190, 0)",
    "thickness": 3,
    "x1": 152,
    "x2": 120,
    "y1": 152,
    "y2": 152,
  },
  {
    "color": 2,
    "op": "line",
    "rgb": "rgb(190, 190, 0)",
    "thickness": 3,
    "x1": 184,
    "x2": 184,
    "y1": 120,
    "y2": 152,
  },
  {
    "color": 2,
    "op": "line",
    "rgb": "rgb(190, 190, 0)",
    "thickness": 3,
    "x1": 184,
    "x2": 152,
    "y1": 152,
    "y2": 152,
  },
  {
    "color": 2,
    "op": "line",
    "rgb": "rgb(190, 190, 0)",
    "thickness": 3,
    "x1": 216,
    "x2": 216,
    "y1": 120,
    "y2": 152,
  },
  {
    "color": 2,
    "op": "line",
    "rgb": "rgb(190, 190, 0)",
    "thickness": 3,
    "x1": 216,
    "x2": 184,
    "y1": 152,
    "y2": 152,
  },
  {
    "color": 2,
    "op": "line",
    "rgb": "rgb(190, 190, 0)",
    "thickness": 3,
    "x1": 248,
    "x2": 248,
    "y1": 120,
    "y2": 152,
  },
  {
    "color": 2,
    "op": "line",
    "rgb": "rgb(190, 190, 0)",
    "thickness": 3,
    "x1": 248,
    "x2": 216,
    "y1": 152,
    "y2": 152,
  },
  {
    "color": 2,
    "op": "line",
    "rgb": "rgb(190, 190, 0)",
    "thickness": 3,
    "x1": 56,
    "x2": 56,
    "y1": 152,
    "y2": 184,
  },
  {
    "color": 2,
    "op": "line",
    "rgb": "rgb(190, 190, 0)",
    "thickness": 3,
    "x1": 56,
    "x2": 24,
    "y1": 184,
    "y2": 184,
  },
  {
    "color": 2,
    "op": "line",
    "rgb": "rgb(190, 190, 0)",
    "thickness": 3,
    "x1": 24,
    "x2": 24,
    "y1": 184,
    "y2": 152,
  },
  {
    "color": 2,
    "op": "line",
    "rgb": "rgb(190, 190, 0)",
    "thickness": 3,
    "x1": 88,
    "x2": 88,
    "y1": 152,
    "y2": 184,
  },
  {
    "color": 2,
    "op": "line",
    "rgb": "rgb(190, 190, 0)",
    "thickness": 3,
    "x1": 88,
    "x2": 56,
    "y1": 184,
    "y2": 184,
  },
  {
    "color": 2,
    "op": "line",
    "rgb": "rgb(190, 190, 0)",
    "thickness": 3,
    "x1": 120,
    "x2": 120,
    "y1": 152,
    "y2": 184,
  },
  {
    "color": 2,
    "op": "line",
    "rgb": "rgb(190, 190, 0)",
    "thickness": 3,
    "x1": 120,
    "x2": 88,
    "y1": 184,
    "y2": 184,
  },
  {
    "color": 2,
    "op": "line",
    "rgb": "rgb(190, 190, 0)",
    "thickness": 3,
    "x1": 152,
    "x2": 152,
    "y1": 152,
    "y2": 184,
  },
  {
    "color": 2,
    "op": "line",
    "rgb": "rgb(190, 190, 0)",
    "thickness": 3,
    "x1": 152,
    "x2": 120,
    "y1": 184,
    "y2": 184,
  },
  {
    "color": 2,
    "op": "line",
    "rgb": "rgb(190, 190, 0)",
    "thickness": 3,
    "x1": 184,
    "x2": 184,
    "y1": 152,
    "y2": 184,
  },
  {
    "color": 2,
    "op": "line",
    "rgb": "rgb(190, 190, 0)",
    "thickness": 3,
    "x1": 184,
    "x2": 152,
    "y1": 184,
    "y2": 184,
  },
  {
    "color": 2,
    "op": "line",
    "rgb": "rgb(190, 190, 0)",
    "thickness": 3,
    "x1": 216,
    "x2": 216,
    "y1": 152,
    "y2": 184,
  },
  {
    "color": 2,
    "op": "line",
    "rgb": "rgb(190, 190, 0)",
    "thickness": 3,
    "x1": 216,
    "x2": 184,
    "y1": 184,
    "y2": 184,
  },
  {
    "color": 2,
    "op": "line",
    "rgb": "rgb(190, 190, 0)",
    "thickness": 3,
    "x1": 248,
    "x2": 248,
    "y1": 152,
    "y2": 184,
  },
  {
    "color": 2,
    "op": "line",
    "rgb": "rgb(190, 190, 0)",
    "thickness": 3,
    "x1": 248,
    "x2": 216,
    "y1": 184,
    "y2": 184,
  },
  {
    "color": 2,
    "op": "line",
    "rgb": "rgb(190, 190, 0)",
    "thickness": 3,
    "x1": 56,
    "x2": 56,
    "y1": 184,
    "y2": 216,
  },
  {
    "color": 2,
    "op": "line",
    "rgb": "rgb(190, 190, 0)",
    "thickness": 3,
    "x1": 56,
    "x2": 24,
    "y1": 216,
    "y2": 216,
  },
  {
    "color": 2,
    "op": "line",
    "rgb": "rgb(190, 190, 0)",
    "thickness": 3,
    "x1": 24,
    "x2": 24,
    "y1": 216,
    "y2": 184,
  },
  {
    "color": 2,
    "op": "line",
    "rgb": "rgb(190, 190, 0)",
    "thickness": 3,
    "x1": 88,
    "x2": 88,
    "y1": 184,
    "y2": 216,
  },
  {
    "color": 2,
    "op": "line",
    "rgb": "rgb(190, 190, 0)",
    "thickness": 3,
    "x1": 88,
    "x2": 56,
    "y1": 216,
    "y2": 216,
  },
  {
    "color": 2,
    "op": "line",
    "rgb": "rgb(190, 190, 0)",
    "thickness": 3,
    "x1": 120,
    "x2": 120,
    "y1": 184,
    "y2": 216,
  },
  {
    "color": 2,
    "op": "line",
    "rgb": "rgb(190, 190, 0)",
    "thickness": 3,
    "x1": 120,
    "x2": 88,
    "y1": 216,
    "y2": 216,
  },
  {
    "color": 2,
    "op": "line",
    "rgb": "rgb(190, 190, 0)",
    "thickness": 3,
    "x1": 152,
    "x2": 152,
    "y1": 184,
    "y2": 216,
  },
  {
    "color": 2,
    "op": "line",
    "rgb": "rgb(190, 190, 0)",
    "thickness": 3,
    "x1": 152,
    "x2": 120,
    "y1": 216,
    "y2": 216,
  },
  {
    "color": 2,
    "op": "line",
    "rgb": "rgb(190, 190, 0)",
    "thickness": 3,
    "x1": 184,
    "x2": 184,
    "y1": 184,
    "y2": 216,
  },
  {
    "color": 2,
    "op": "line",
    "rgb": "rgb(190, 190, 0)",
    "thickness": 3,
    "x1": 184,
    "x2": 152,
    "y1": 216,
    "y2": 216,
  },
  {
    "color": 2,
    "op": "line",
    "rgb": "rgb(190, 190, 0)",
    "thickness": 3,
    "x1": 216,
    "x2": 216,
    "y1": 184,
    "y2": 216,
  },
  {
    "color": 2,
    "op": "line",
    "rgb": "rgb(190, 190, 0)",
    "thickness": 3,
    "x1": 216,
    "x2": 184,
    "y1": 216,
    "y2": 216,
  },
  {
    "color": 2,
    "op": "line",
    "rgb": "rgb(190, 190, 0)",
    "thickness": 3,
    "x1": 248,
    "x2": 248,
    "y1": 184,
    "y2": 216,
  },
  {
    "color": 2,
    "op": "line",
    "rgb": "rgb(190, 190, 0)",
    "thickness": 3,
    "x1": 248,
    "x2": 216,
    "y1": 216,
    "y2": 216,
  },
  {
    "color": 2,
    "op": "line",
    "rgb": "rgb(190, 190, 0)",
    "thickness": 3,
    "x1": 56,
    "x2": 56,
    "y1": 216,
    "y2": 248,
  },
  {
    "color": 2,
    "op": "line",
    "rgb": "rgb(190, 190, 0)",
    "thickness": 3,
    "x1": 56,
    "x2": 24,
    "y1": 248,
    "y2": 248,
  },
  {
    "color": 2,
    "op": "line",
    "rgb": "rgb(190, 190, 0)",
    "thickness": 3,
    "x1": 24,
    "x2": 24,
    "y1": 248,
    "y2": 216,
  },
  {
    "color": 2,
    "op": "line",
    "rgb": "rgb(190, 190, 0)",
    "thickness": 3,
    "x1": 88,
    "x2": 88,
    "y1": 216,
    "y2": 248,
  },
  {
    "color": 2,
    "op": "line",
    "rgb": "rgb(190, 190, 0)",
    "thickness": 3,
    "x1": 88,
    "x2": 56,
    "y1": 248,
    "y2": 248,
  },
  {
    "color": 2,
    "op": "line",
    "rgb": "rgb(190, 190, 0)",
    "thickness": 3,
    "x1": 120,
    "x2": 120,
    "y1": 216,
    "y2": 248,
  },
  {
    "color": 2,
    "op": "line",
    "rgb": "rgb(190, 190, 0)",
    "thickness": 3,
    "x1": 120,
    "x2": 88,
    "y1": 248,
    "y2": 248,
  },
  {
    "color": 2,
    "op": "line",
    "rgb": "rgb(190, 190, 0)",
    "thickness": 3,
    "x1": 152,
    "x2": 152,
    "y1": 216,
    "y2": 248,
  },
  {
    "color": 2,
    "op": "line",
    "rgb": "rgb(190, 190, 0)",
    "thickness": 3,
    "x1": 152,
    "x2": 120,
    "y1": 248,
    "y2": 248,
  },
  {
    "color": 2,
    "op": "line",
    "rgb": "rgb(190, 190, 0)",
    "thickness": 3,
    "x1": 184,
    "x2": 184,
    "y1": 216,
    "y2": 248,
  },
  {
    "color": 2,
    "op": "line",
    "rgb": "rgb(190, 190, 0)",
    "thickness": 3,
    "x1": 184,
    "x2": 152,
    "y1": 248,
    "y2": 248,
  },
  {
    "color": 2,
    "op": "line",
    "rgb": "rgb(190, 190, 0)",
    "thickness": 3,
    "x1": 216,
    "x2": 216,
    "y1": 216,
    "y2": 248,
  },
  {
    "color": 2,
    "op": "line",
    "rgb": "rgb(190, 190, 0)",
    "thickness": 3,
    "x1": 216,
    "x2": 184,
    "y1": 248,
    "y2": 248,
  },
  {
    "color": 2,
    "op": "line",
    "rgb": "rgb(190, 190, 0)",
    "thickness": 3,
    "x1": 248,
    "x2": 248,
    "y1": 216,
    "y2": 248,
  },
  {
    "color": 2,
    "op": "line",
    "rgb": "rgb(190, 190, 0)",
    "thickness": 3,
    "x1": 248,
    "x2": 216,
    "y1": 248,
    "y2": 248,
  },
  {
    "color": 1,
    "op": "line",
    "rgb": "rgb(0, 0, 0)",
    "thickness": 3,
    "x1": 24,
    "x2": 56,
    "y1": 24,
    "y2": 24,
  },
  {
    "color": 1,
    "op": "line",
    "rgb": "rgb(0, 0, 0)",
    "thickness": 3,
    "x1": 24,
    "x2": 24,
    "y1": 56,
    "y2": 24,
  },
  {
    "align": "center",
    "baseline": "mathematical",
    "color": 9,
    "fontType": "variable",
    "op": "text",
    "rgb": "rgb(14, 88, 91)",
    "size": 10,
    "text": "=",
    "x": 233,
    "y": 35,
  },
  {
    "align": "center",
    "baseline": "mathematical",
    "color": 8,
    "fontType": "variable",
    "op": "text",
    "rgb": "rgb(21, 113, 233)",
    "size": 10,
    "text": "=",
    "x": 217,
    "y": 51,
  },
  {
    "cx": 24,
    "cy": 24,
    "fill": 1,
    "fillRgb": "rgb(0, 0, 0)",
    "op": "circle",
    "outline": 1,
    "outlineRgb": "rgb(0, 0, 0)",
    "r": 3,
  },
  {
    "cx": 56,
    "cy": 24,
    "fill": 1,
    "fillRgb": "rgb(0, 0, 0)",
    "op": "circle",
    "outline": 1,
    "outlineRgb": "rgb(0, 0, 0)",
    "r": 3,
  },
  {
    "cx": 56,
    "cy": 56,
    "fill": 1,
    "fillRgb": "rgb(0, 0, 0)",
    "op": "circle",
    "outline": 1,
    "outlineRgb": "rgb(0, 0, 0)",
    "r": 3,
  },
  {
    "cx": 24,
    "cy": 56,
    "fill": 1,
    "fillRgb": "rgb(0, 0, 0)",
    "op": "circle",
    "outline": 1,
    "outlineRgb": "rgb(0, 0, 0)",
    "r": 3,
  },
  {
    "cx": 88,
    "cy": 24,
    "fill": 1,
    "fillRgb": "rgb(0, 0, 0)",
    "op": "circle",
    "outline": 1,
    "outlineRgb": "rgb(0, 0, 0)",
    "r": 3,
  },
  {
    "cx": 88,
    "cy": 56,
    "fill": 1,
    "fillRgb": "rgb(0, 0, 0)",
    "op": "circle",
    "outline": 1,
    "outlineRgb": "rgb(0, 0, 0)",
    "r": 3,
  },
  {
    "cx": 120,
    "cy": 24,
    "fill": 1,
    "fillRgb": "rgb(0, 0, 0)",
    "op": "circle",
    "outline": 1,
    "outlineRgb": "rgb(0, 0, 0)",
    "r": 3,
  },
  {
    "cx": 120,
    "cy": 56,
    "fill": 1,
    "fillRgb": "rgb(0, 0, 0)",
    "op": "circle",
    "outline": 1,
    "outlineRgb": "rgb(0, 0, 0)",
    "r": 3,
  },
  {
    "cx": 152,
    "cy": 24,
    "fill": 1,
    "fillRgb": "rgb(0, 0, 0)",
    "op": "circle",
    "outline": 1,
    "outlineRgb": "rgb(0, 0, 0)",
    "r": 3,
  },
  {
    "cx": 152,
    "cy": 56,
    "fill": 1,
    "fillRgb": "rgb(0, 0, 0)",
    "op": "circle",
    "outline": 1,
    "outlineRgb": "rgb(0, 0, 0)",
    "r": 3,
  },
  {
    "cx": 184,
    "cy": 24,
    "fill": 1,
    "fillRgb": "rgb(0, 0, 0)",
    "op": "circle",
    "outline": 1,
    "outlineRgb": "rgb(0, 0, 0)",
    "r": 3,
  },
  {
    "cx": 184,
    "cy": 56,
    "fill": 1,
    "fillRgb": "rgb(0, 0, 0)",
    "op": "circle",
    "outline": 1,
    "outlineRgb": "rgb(0, 0, 0)",
    "r": 3,
  },
  {
    "cx": 216,
    "cy": 24,
    "fill": 1,
    "fillRgb": "rgb(0, 0, 0)",
    "op": "circle",
    "outline": 1,
    "outlineRgb": "rgb(0, 0, 0)",
    "r": 3,
  },
  {
    "cx": 216,
    "cy": 56,
    "fill": 1,
    "fillRgb": "rgb(0, 0, 0)",
    "op": "circle",
    "outline": 1,
    "outlineRgb": "rgb(0, 0, 0)",
    "r": 3,
  },
  {
    "cx": 248,
    "cy": 24,
    "fill": 1,
    "fillRgb": "rgb(0, 0, 0)",
    "op": "circle",
    "outline": 1,
    "outlineRgb": "rgb(0, 0, 0)",
    "r": 3,
  },
  {
    "cx": 248,
    "cy": 56,
    "fill": 1,
    "fillRgb": "rgb(0, 0, 0)",
    "op": "circle",
    "outline": 1,
    "outlineRgb": "rgb(0, 0, 0)",
    "r": 3,
  },
  {
    "cx": 56,
    "cy": 88,
    "fill": 1,
    "fillRgb": "rgb(0, 0, 0)",
    "op": "circle",
    "outline": 1,
    "outlineRgb": "rgb(0, 0, 0)",
    "r": 3,
  },
  {
    "cx": 24,
    "cy": 88,
    "fill": 1,
    "fillRgb": "rgb(0, 0, 0)",
    "op": "circle",
    "outline": 1,
    "outlineRgb": "rgb(0, 0, 0)",
    "r": 3,
  },
  {
    "cx": 88,
    "cy": 88,
    "fill": 1,
    "fillRgb": "rgb(0, 0, 0)",
    "op": "circle",
    "outline": 1,
    "outlineRgb": "rgb(0, 0, 0)",
    "r": 3,
  },
  {
    "cx": 120,
    "cy": 88,
    "fill": 1,
    "fillRgb": "rgb(0, 0, 0)",
    "op": "circle",
    "outline": 1,
    "outlineRgb": "rgb(0, 0, 0)",
    "r": 3,
  },
  {
    "cx": 152,
    "cy": 88,
    "fill": 1,
    "fillRgb": "rgb(0, 0, 0)",
    "op": "circle",
    "outline": 1,
    "outlineRgb": "rgb(0, 0, 0)",
    "r": 3,
  },
  {
    "cx": 184,
    "cy": 88,
    "fill": 1,
    "fillRgb": "rgb(0, 0, 0)",
    "op": "circle",
    "outline": 1,
    "outlineRgb": "rgb(0, 0, 0)",
    "r": 3,
  },
  {
    "cx": 216,
    "cy": 88,
    "fill": 1,
    "fillRgb": "rgb(0, 0, 0)",
    "op": "circle",
    "outline": 1,
    "outlineRgb": "rgb(0, 0, 0)",
    "r": 3,
  },
  {
    "cx": 248,
    "cy": 88,
    "fill": 1,
    "fillRgb": "rgb(0, 0, 0)",
    "op": "circle",
    "outline": 1,
    "outlineRgb": "rgb(0, 0, 0)",
    "r": 3,
  },
  {
    "cx": 56,
    "cy": 120,
    "fill": 1,
    "fillRgb": "rgb(0, 0, 0)",
    "op": "circle",
    "outline": 1,
    "outlineRgb": "rgb(0, 0, 0)",
    "r": 3,
  },
  {
    "cx": 24,
    "cy": 120,
    "fill": 1,
    "fillRgb": "rgb(0, 0, 0)",
    "op": "circle",
    "outline": 1,
    "outlineRgb": "rgb(0, 0, 0)",
    "r": 3,
  },
  {
    "cx": 88,
    "cy": 120,
    "fill": 1,
    "fillRgb": "rgb(0, 0, 0)",
    "op": "circle",
    "outline": 1,
    "outlineRgb": "rgb(0, 0, 0)",
    "r": 3,
  },
  {
    "cx": 120,
    "cy": 120,
    "fill": 1,
    "fillRgb": "rgb(0, 0, 0)",
    "op": "circle",
    "outline": 1,
    "outlineRgb": "rgb(0, 0, 0)",
    "r": 3,
  },
  {
    "cx": 152,
    "cy": 120,
    "fill": 1,
    "fillRgb": "rgb(0, 0, 0)",
    "op": "circle",
    "outline": 1,
    "outlineRgb": "rgb(0, 0, 0)",
    "r": 3,
  },
  {
    "cx": 184,
    "cy": 120,
    "fill": 1,
    "fillRgb": "rgb(0, 0, 0)",
    "op": "circle",
    "outline": 1,
    "outlineRgb": "rgb(0, 0, 0)",
    "r": 3,
  },
  {
    "cx": 216,
    "cy": 120,
    "fill": 1,
    "fillRgb": "rgb(0, 0, 0)",
    "op": "circle",
    "outline": 1,
    "outlineRgb": "rgb(0, 0, 0)",
    "r": 3,
  },
  {
    "cx": 248,
    "cy": 120,
    "fill": 1,
    "fillRgb": "rgb(0, 0, 0)",
    "op": "circle",
    "outline": 1,
    "outlineRgb": "rgb(0, 0, 0)",
    "r": 3,
  },
  {
    "cx": 56,
    "cy": 152,
    "fill": 1,
    "fillRgb": "rgb(0, 0, 0)",
    "op": "circle",
    "outline": 1,
    "outlineRgb": "rgb(0, 0, 0)",
    "r": 3,
  },
  {
    "cx": 24,
    "cy": 152,
    "fill": 1,
    "fillRgb": "rgb(0, 0, 0)",
    "op": "circle",
    "outline": 1,
    "outlineRgb": "rgb(0, 0, 0)",
    "r": 3,
  },
  {
    "cx": 88,
    "cy": 152,
    "fill": 1,
    "fillRgb": "rgb(0, 0, 0)",
    "op": "circle",
    "outline": 1,
    "outlineRgb": "rgb(0, 0, 0)",
    "r": 3,
  },
  {
    "cx": 120,
    "cy": 152,
    "fill": 1,
    "fillRgb": "rgb(0, 0, 0)",
    "op": "circle",
    "outline": 1,
    "outlineRgb": "rgb(0, 0, 0)",
    "r": 3,
  },
  {
    "cx": 152,
    "cy": 152,
    "fill": 1,
    "fillRgb": "rgb(0, 0, 0)",
    "op": "circle",
    "outline": 1,
    "outlineRgb": "rgb(0, 0, 0)",
    "r": 3,
  },
  {
    "cx": 184,
    "cy": 152,
    "fill": 1,
    "fillRgb": "rgb(0, 0, 0)",
    "op": "circle",
    "outline": 1,
    "outlineRgb": "rgb(0, 0, 0)",
    "r": 3,
  },
  {
    "cx": 216,
    "cy": 152,
    "fill": 1,
    "fillRgb": "rgb(0, 0, 0)",
    "op": "circle",
    "outline": 1,
    "outlineRgb": "rgb(0, 0, 0)",
    "r": 3,
  },
  {
    "cx": 248,
    "cy": 152,
    "fill": 1,
    "fillRgb": "rgb(0, 0, 0)",
    "op": "circle",
    "outline": 1,
    "outlineRgb": "rgb(0, 0, 0)",
    "r": 3,
  },
  {
    "cx": 56,
    "cy": 184,
    "fill": 1,
    "fillRgb": "rgb(0, 0, 0)",
    "op": "circle",
    "outline": 1,
    "outlineRgb": "rgb(0, 0, 0)",
    "r": 3,
  },
  {
    "cx": 24,
    "cy": 184,
    "fill": 1,
    "fillRgb": "rgb(0, 0, 0)",
    "op": "circle",
    "outline": 1,
    "outlineRgb": "rgb(0, 0, 0)",
    "r": 3,
  },
  {
    "cx": 88,
    "cy": 184,
    "fill": 1,
    "fillRgb": "rgb(0, 0, 0)",
    "op": "circle",
    "outline": 1,
    "outlineRgb": "rgb(0, 0, 0)",
    "r": 3,
  },
  {
    "cx": 120,
    "cy": 184,
    "fill": 1,
    "fillRgb": "rgb(0, 0, 0)",
    "op": "circle",
    "outline": 1,
    "outlineRgb": "rgb(0, 0, 0)",
    "r": 3,
  },
  {
    "cx": 152,
    "cy": 184,
    "fill": 1,
    "fillRgb": "rgb(0, 0, 0)",
    "op": "circle",
    "outline": 1,
    "outlineRgb": "rgb(0, 0, 0)",
    "r": 3,
  },
  {
    "cx": 184,
    "cy": 184,
    "fill": 1,
    "fillRgb": "rgb(0, 0, 0)",
    "op": "circle",
    "outline": 1,
    "outlineRgb": "rgb(0, 0, 0)",
    "r": 3,
  },
  {
    "cx": 216,
    "cy": 184,
    "fill": 1,
    "fillRgb": "rgb(0, 0, 0)",
    "op": "circle",
    "outline": 1,
    "outlineRgb": "rgb(0, 0, 0)",
    "r": 3,
  },
  {
    "cx": 248,
    "cy": 184,
    "fill": 1,
    "fillRgb": "rgb(0, 0, 0)",
    "op": "circle",
    "outline": 1,
    "outlineRgb": "rgb(0, 0, 0)",
    "r": 3,
  },
  {
    "cx": 56,
    "cy": 216,
    "fill": 1,
    "fillRgb": "rgb(0, 0, 0)",
    "op": "circle",
    "outline": 1,
    "outlineRgb": "rgb(0, 0, 0)",
    "r": 3,
  },
  {
    "cx": 24,
    "cy": 216,
    "fill": 1,
    "fillRgb": "rgb(0, 0, 0)",
    "op": "circle",
    "outline": 1,
    "outlineRgb": "rgb(0, 0, 0)",
    "r": 3,
  },
  {
    "cx": 88,
    "cy": 216,
    "fill": 1,
    "fillRgb": "rgb(0, 0, 0)",
    "op": "circle",
    "outline": 1,
    "outlineRgb": "rgb(0, 0, 0)",
    "r": 3,
  },
  {
    "cx": 120,
    "cy": 216,
    "fill": 1,
    "fillRgb": "rgb(0, 0, 0)",
    "op": "circle",
    "outline": 1,
    "outlineRgb": "rgb(0, 0, 0)",
    "r": 3,
  },
  {
    "cx": 152,
    "cy": 216,
    "fill": 1,
    "fillRgb": "rgb(0, 0, 0)",
    "op": "circle",
    "outline": 1,
    "outlineRgb": "rgb(0, 0, 0)",
    "r": 3,
  },
  {
    "cx": 184,
    "cy": 216,
    "fill": 1,
    "fillRgb": "rgb(0, 0, 0)",
    "op": "circle",
    "outline": 1,
    "outlineRgb": "rgb(0, 0, 0)",
    "r": 3,
  },
  {
    "cx": 216,
    "cy": 216,
    "fill": 1,
    "fillRgb": "rgb(0, 0, 0)",
    "op": "circle",
    "outline": 1,
    "outlineRgb": "rgb(0, 0, 0)",
    "r": 3,
  },
  {
    "cx": 248,
    "cy": 216,
    "fill": 1,
    "fillRgb": "rgb(0, 0, 0)",
    "op": "circle",
    "outline": 1,
    "outlineRgb": "rgb(0, 0, 0)",
    "r": 3,
  },
  {
    "cx": 56,
    "cy": 248,
    "fill": 1,
    "fillRgb": "rgb(0, 0, 0)",
    "op": "circle",
    "outline": 1,
    "outlineRgb": "rgb(0, 0, 0)",
    "r": 3,
  },
  {
    "cx": 24,
    "cy": 248,
    "fill": 1,
    "fillRgb": "rgb(0, 0, 0)",
    "op": "circle",
    "outline": 1,
    "outlineRgb": "rgb(0, 0, 0)",
    "r": 3,
  },
  {
    "cx": 88,
    "cy": 248,
    "fill": 1,
    "fillRgb": "rgb(0, 0, 0)",
    "op": "circle",
    "outline": 1,
    "outlineRgb": "rgb(0, 0, 0)",
    "r": 3,
  },
  {
    "cx": 120,
    "cy": 248,
    "fill": 1,
    "fillRgb": "rgb(0, 0, 0)",
    "op": "circle",
    "outline": 1,
    "outlineRgb": "rgb(0, 0, 0)",
    "r": 3,
  },
  {
    "cx": 152,
    "cy": 248,
    "fill": 1,
    "fillRgb": "rgb(0, 0, 0)",
    "op": "circle",
    "outline": 1,
    "outlineRgb": "rgb(0, 0, 0)",
    "r": 3,
  },
  {
    "cx": 184,
    "cy": 248,
    "fill": 1,
    "fillRgb": "rgb(0, 0, 0)",
    "op": "circle",
    "outline": 1,
    "outlineRgb": "rgb(0, 0, 0)",
    "r": 3,
  },
  {
    "cx": 216,
    "cy": 248,
    "fill": 1,
    "fillRgb": "rgb(0, 0, 0)",
    "op": "circle",
    "outline": 1,
    "outlineRgb": "rgb(0, 0, 0)",
    "r": 3,
  },
  {
    "cx": 248,
    "cy": 248,
    "fill": 1,
    "fillRgb": "rgb(0, 0, 0)",
    "op": "circle",
    "outline": 1,
    "outlineRgb": "rgb(0, 0, 0)",
    "r": 3,
  },
]
`;

exports[`Loopy hint frames > outlines the clue a step counts inside its face 1`] = `
[
  {
    "color": 0,
    "h": 273,
    "op": "rect",
    "rgb": "rgb(211, 211, 211)",
    "w": 273,
    "x": 0,
    "y": 0,
  },
  {
    "color": 0,
    "h": 273,
    "op": "rect",
    "rgb": "rgb(211, 211, 211)",
    "w": 273,
    "x": 0,
    "y": 0,
  },
  {
    "color": 9,
    "op": "line",
    "rgb": "rgb(14, 88, 91)",
    "thickness": 2,
    "x1": 27,
    "x2": 53,
    "y1": 27,
    "y2": 27,
  },
  {
    "color": 9,
    "op": "line",
    "rgb": "rgb(14, 88, 91)",
    "thickness": 2,
    "x1": 53,
    "x2": 53,
    "y1": 27,
    "y2": 53,
  },
  {
    "color": 9,
    "op": "line",
    "rgb": "rgb(14, 88, 91)",
    "thickness": 2,
    "x1": 53,
    "x2": 27,
    "y1": 53,
    "y2": 53,
  },
  {
    "color": 9,
    "op": "line",
    "rgb": "rgb(14, 88, 91)",
    "thickness": 2,
    "x1": 27,
    "x2": 27,
    "y1": 53,
    "y2": 27,
  },
  {
    "fill": 8,
    "fillRgb": "rgb(21, 113, 233)",
    "op": "polygon",
    "outline": 8,
    "outlineRgb": "rgb(21, 113, 233)",
    "points": [
      [
        38,
        27,
      ],
      [
        37,
        29,
      ],
      [
        36,
        32,
      ],
      [
        34,
        34,
      ],
      [
        32,
        36,
      ],
      [
        29,
        37,
      ],
      [
        27,
        38,
      ],
      [
        25,
        32,
      ],
      [
        27,
        31,
      ],
      [
        28,
        31,
      ],
      [
        30,
        30,
      ],
      [
        31,
        28,
      ],
      [
        31,
        27,
      ],
      [
        32,
        25,
      ],
    ],
  },
  {
    "align": "center",
    "baseline": "mathematical",
    "color": 1,
    "fontType": "variable",
    "op": "text",
    "rgb": "rgb(0, 0, 0)",
    "size": 16,
    "text": "3",
    "x": 40,
    "y": 40,
  },
  {
    "align": "center",
    "baseline": "mathematical",
    "color": 1,
    "fontType": "variable",
    "op": "text",
    "rgb": "rgb(0, 0, 0)",
    "size": 16,
    "text": "1",
    "x": 104,
    "y": 40,
  },
  {
    "align": "center",
    "baseline": "mathematical",
    "color": 1,
    "fontType": "variable",
    "op": "text",
    "rgb": "rgb(0, 0, 0)",
    "size": 16,
    "text": "2",
    "x": 232,
    "y": 40,
  },
  {
    "align": "center",
    "baseline": "mathematical",
    "color": 1,
    "fontType": "variable",
    "op": "text",
    "rgb": "rgb(0, 0, 0)",
    "size": 16,
    "text": "2",
    "x": 168,
    "y": 72,
  },
  {
    "align": "center",
    "baseline": "mathematical",
    "color": 1,
    "fontType": "variable",
    "op": "text",
    "rgb": "rgb(0, 0, 0)",
    "size": 16,
    "text": "1",
    "x": 200,
    "y": 72,
  },
  {
    "align": "center",
    "baseline": "mathematical",
    "color": 1,
    "fontType": "variable",
    "op": "text",
    "rgb": "rgb(0, 0, 0)",
    "size": 16,
    "text": "2",
    "x": 232,
    "y": 72,
  },
  {
    "align": "center",
    "baseline": "mathematical",
    "color": 1,
    "fontType": "variable",
    "op": "text",
    "rgb": "rgb(0, 0, 0)",
    "size": 16,
    "text": "2",
    "x": 40,
    "y": 104,
  },
  {
    "align": "center",
    "baseline": "mathematical",
    "color": 1,
    "fontType": "variable",
    "op": "text",
    "rgb": "rgb(0, 0, 0)",
    "size": 16,
    "text": "2",
    "x": 72,
    "y": 104,
  },
  {
    "align": "center",
    "baseline": "mathematical",
    "color": 1,
    "fontType": "variable",
    "op": "text",
    "rgb": "rgb(0, 0, 0)",
    "size": 16,
    "text": "3",
    "x": 104,
    "y": 104,
  },
  {
    "align": "center",
    "baseline": "mathematical",
    "color": 1,
    "fontType": "variable",
    "op": "text",
    "rgb": "rgb(0, 0, 0)",
    "size": 16,
    "text": "3",
    "x": 168,
    "y": 104,
  },
  {
    "align": "center",
    "baseline": "mathematical",
    "color": 1,
    "fontType": "variable",
    "op": "text",
    "rgb": "rgb(0, 0, 0)",
    "size": 16,
    "text": "2",
    "x": 200,
    "y": 104,
  },
  {
    "align": "center",
    "baseline": "mathematical",
    "color": 1,
    "fontType": "variable",
    "op": "text",
    "rgb": "rgb(0, 0, 0)",
    "size": 16,
    "text": "3",
    "x": 232,
    "y": 104,
  },
  {
    "align": "center",
    "baseline": "mathematical",
    "color": 1,
    "fontType": "variable",
    "op": "text",
    "rgb": "rgb(0, 0, 0)",
    "size": 16,
    "text": "3",
    "x": 40,
    "y": 136,
  },
  {
    "align": "center",
    "baseline": "mathematical",
    "color": 1,
    "fontType": "variable",
    "op": "text",
    "rgb": "rgb(0, 0, 0)",
    "size": 16,
    "text": "2",
    "x": 104,
    "y": 136,
  },
  {
    "align": "center",
    "baseline": "mathematical",
    "color": 1,
    "fontType": "variable",
    "op": "text",
    "rgb": "rgb(0, 0, 0)",
    "size": 16,
    "text": "3",
    "x": 168,
    "y": 136,
  },
  {
    "align": "center",
    "baseline": "mathematical",
    "color": 1,
    "fontType": "variable",
    "op": "text",
    "rgb": "rgb(0, 0, 0)",
    "size": 16,
    "text": "1",
    "x": 200,
    "y": 168,
  },
  {
    "align": "center",
    "baseline": "mathematical",
    "color": 1,
    "fontType": "variable",
    "op": "text",
    "rgb": "rgb(0, 0, 0)",
    "size": 16,
    "text": "3",
    "x": 232,
    "y": 168,
  },
  {
    "align": "center",
    "baseline": "mathematical",
    "color": 1,
    "fontType": "variable",
    "op": "text",
    "rgb": "rgb(0, 0, 0)",
    "size": 16,
    "text": "2",
    "x": 72,
    "y": 232,
  },
  {
    "align": "center",
    "baseline": "mathematical",
    "color": 1,
    "fontType": "variable",
    "op": "text",
    "rgb": "rgb(0, 0, 0)",
    "size": 16,
    "text": "3",
    "x": 104,
    "y": 232,
  },
  {
    "align": "center",
    "baseline": "mathematical",
    "color": 1,
    "fontType": "variable",
    "op": "text",
    "rgb": "rgb(0, 0, 0)",
    "size": 16,
    "text": "1",
    "x": 136,
    "y": 232,
  },
  {
    "align": "center",
    "baseline": "mathematical",
    "color": 1,
    "fontType": "variable",
    "op": "text",
    "rgb": "rgb(0, 0, 0)",
    "size": 16,
    "text": "2",
    "x": 168,
    "y": 232,
  },
  {
    "color": 2,
    "op": "line",
    "rgb": "rgb(190, 190, 0)",
    "thickness": 3,
    "x1": 24,
    "x2": 56,
    "y1": 24,
    "y2": 24,
  },
  {
    "color": 2,
    "op": "line",
    "rgb": "rgb(190, 190, 0)",
    "thickness": 3,
    "x1": 56,
    "x2": 56,
    "y1": 24,
    "y2": 56,
  },
  {
    "color": 2,
    "op": "line",
    "rgb": "rgb(190, 190, 0)",
    "thickness": 3,
    "x1": 56,
    "x2": 24,
    "y1": 56,
    "y2": 56,
  },
  {
    "color": 2,
    "op": "line",
    "rgb": "rgb(190, 190, 0)",
    "thickness": 3,
    "x1": 24,
    "x2": 24,
    "y1": 56,
    "y2": 24,
  },
  {
    "color": 2,
    "op": "line",
    "rgb": "rgb(190, 190, 0)",
    "thickness": 3,
    "x1": 56,
    "x2": 88,
    "y1": 24,
    "y2": 24,
  },
  {
    "color": 2,
    "op": "line",
    "rgb": "rgb(190, 190, 0)",
    "thickness": 3,
    "x1": 88,
    "x2": 88,
    "y1": 24,
    "y2": 56,
  },
  {
    "color": 2,
    "op": "line",
    "rgb": "rgb(190, 190, 0)",
    "thickness": 3,
    "x1": 88,
    "x2": 56,
    "y1": 56,
    "y2": 56,
  },
  {
    "color": 2,
    "op": "line",
    "rgb": "rgb(190, 190, 0)",
    "thickness": 3,
    "x1": 88,
    "x2": 120,
    "y1": 24,
    "y2": 24,
  },
  {
    "color": 2,
    "op": "line",
    "rgb": "rgb(190, 190, 0)",
    "thickness": 3,
    "x1": 120,
    "x2": 120,
    "y1": 24,
    "y2": 56,
  },
  {
    "color": 2,
    "op": "line",
    "rgb": "rgb(190, 190, 0)",
    "thickness": 3,
    "x1": 120,
    "x2": 88,
    "y1": 56,
    "y2": 56,
  },
  {
    "color": 2,
    "op": "line",
    "rgb": "rgb(190, 190, 0)",
    "thickness": 3,
    "x1": 120,
    "x2": 152,
    "y1": 24,
    "y2": 24,
  },
  {
    "color": 2,
    "op": "line",
    "rgb": "rgb(190, 190, 0)",
    "thickness": 3,
    "x1": 152,
    "x2": 152,
    "y1": 24,
    "y2": 56,
  },
  {
    "color": 2,
    "op": "line",
    "rgb": "rgb(190, 190, 0)",
    "thickness": 3,
    "x1": 152,
    "x2": 120,
    "y1": 56,
    "y2": 56,
  },
  {
    "color": 2,
    "op": "line",
    "rgb": "rgb(190, 190, 0)",
    "thickness": 3,
    "x1": 152,
    "x2": 184,
    "y1": 24,
    "y2": 24,
  },
  {
    "color": 2,
    "op": "line",
    "rgb": "rgb(190, 190, 0)",
    "thickness": 3,
    "x1": 184,
    "x2": 184,
    "y1": 24,
    "y2": 56,
  },
  {
    "color": 2,
    "op": "line",
    "rgb": "rgb(190, 190, 0)",
    "thickness": 3,
    "x1": 184,
    "x2": 152,
    "y1": 56,
    "y2": 56,
  },
  {
    "color": 2,
    "op": "line",
    "rgb": "rgb(190, 190, 0)",
    "thickness": 3,
    "x1": 184,
    "x2": 216,
    "y1": 24,
    "y2": 24,
  },
  {
    "color": 2,
    "op": "line",
    "rgb": "rgb(190, 190, 0)",
    "thickness": 3,
    "x1": 216,
    "x2": 216,
    "y1": 24,
    "y2": 56,
  },
  {
    "color": 2,
    "op": "line",
    "rgb": "rgb(190, 190, 0)",
    "thickness": 3,
    "x1": 216,
    "x2": 184,
    "y1": 56,
    "y2": 56,
  },
  {
    "color": 2,
    "op": "line",
    "rgb": "rgb(190, 190, 0)",
    "thickness": 3,
    "x1": 216,
    "x2": 248,
    "y1": 24,
    "y2": 24,
  },
  {
    "color": 2,
    "op": "line",
    "rgb": "rgb(190, 190, 0)",
    "thickness": 3,
    "x1": 248,
    "x2": 248,
    "y1": 24,
    "y2": 56,
  },
  {
    "color": 2,
    "op": "line",
    "rgb": "rgb(190, 190, 0)",
    "thickness": 3,
    "x1": 248,
    "x2": 216,
    "y1": 56,
    "y2": 56,
  },
  {
    "color": 2,
    "op": "line",
    "rgb": "rgb(190, 190, 0)",
    "thickness": 3,
    "x1": 56,
    "x2": 56,
    "y1": 56,
    "y2": 88,
  },
  {
    "color": 2,
    "op": "line",
    "rgb": "rgb(190, 190, 0)",
    "thickness": 3,
    "x1": 56,
    "x2": 24,
    "y1": 88,
    "y2": 88,
  },
  {
    "color": 2,
    "op": "line",
    "rgb": "rgb(190, 190, 0)",
    "thickness": 3,
    "x1": 24,
    "x2": 24,
    "y1": 88,
    "y2": 56,
  },
  {
    "color": 2,
    "op": "line",
    "rgb": "rgb(190, 190, 0)",
    "thickness": 3,
    "x1": 88,
    "x2": 88,
    "y1": 56,
    "y2": 88,
  },
  {
    "color": 2,
    "op": "line",
    "rgb": "rgb(190, 190, 0)",
    "thickness": 3,
    "x1": 88,
    "x2": 56,
    "y1": 88,
    "y2": 88,
  },
  {
    "color": 2,
    "op": "line",
    "rgb": "rgb(190, 190, 0)",
    "thickness": 3,
    "x1": 120,
    "x2": 120,
    "y1": 56,
    "y2": 88,
  },
  {
    "color": 2,
    "op": "line",
    "rgb": "rgb(190, 190, 0)",
    "thickness": 3,
    "x1": 120,
    "x2": 88,
    "y1": 88,
    "y2": 88,
  },
  {
    "color": 2,
    "op": "line",
    "rgb": "rgb(190, 190, 0)",
    "thickness": 3,
    "x1": 152,
    "x2": 152,
    "y1": 56,
    "y2": 88,
  },
  {
    "color": 2,
    "op": "line",
    "rgb": "rgb(190, 190, 0)",
    "thickness": 3,
    "x1": 152,
    "x2": 120,
    "y1": 88,
    "y2": 88,
  },
  {
    "color": 2,
    "op": "line",
    "rgb": "rgb(190, 190, 0)",
    "thickness": 3,
    "x1": 184,
    "x2": 184,
    "y1": 56,
    "y2": 88,
  },
  {
    "color": 2,
    "op": "line",
    "rgb": "rgb(190, 190, 0)",
    "thickness": 3,
    "x1": 184,
    "x2": 152,
    "y1": 88,
    "y2": 88,
  },
  {
    "color": 2,
    "op": "line",
    "rgb": "rgb(190, 190, 0)",
    "thickness": 3,
    "x1": 216,
    "x2": 216,
    "y1": 56,
    "y2": 88,
  },
  {
    "color": 2,
    "op": "line",
    "rgb": "rgb(190, 190, 0)",
    "thickness": 3,
    "x1": 216,
    "x2": 184,
    "y1": 88,
    "y2": 88,
  },
  {
    "color": 2,
    "op": "line",
    "rgb": "rgb(190, 190, 0)",
    "thickness": 3,
    "x1": 248,
    "x2": 248,
    "y1": 56,
    "y2": 88,
  },
  {
    "color": 2,
    "op": "line",
    "rgb": "rgb(190, 190, 0)",
    "thickness": 3,
    "x1": 248,
    "x2": 216,
    "y1": 88,
    "y2": 88,
  },
  {
    "color": 2,
    "op": "line",
    "rgb": "rgb(190, 190, 0)",
    "thickness": 3,
    "x1": 56,
    "x2": 56,
    "y1": 88,
    "y2": 120,
  },
  {
    "color": 2,
    "op": "line",
    "rgb": "rgb(190, 190, 0)",
    "thickness": 3,
    "x1": 56,
    "x2": 24,
    "y1": 120,
    "y2": 120,
  },
  {
    "color": 2,
    "op": "line",
    "rgb": "rgb(190, 190, 0)",
    "thickness": 3,
    "x1": 24,
    "x2": 24,
    "y1": 120,
    "y2": 88,
  },
  {
    "color": 2,
    "op": "line",
    "rgb": "rgb(190, 190, 0)",
    "thickness": 3,
    "x1": 88,
    "x2": 88,
    "y1": 88,
    "y2": 120,
  },
  {
    "color": 2,
    "op": "line",
    "rgb": "rgb(190, 190, 0)",
    "thickness": 3,
    "x1": 88,
    "x2": 56,
    "y1": 120,
    "y2": 120,
  },
  {
    "color": 2,
    "op": "line",
    "rgb": "rgb(190, 190, 0)",
    "thickness": 3,
    "x1": 120,
    "x2": 120,
    "y1": 88,
    "y2": 120,
  },
  {
    "color": 2,
    "op": "line",
    "rgb": "rgb(190, 190, 0)",
    "thickness": 3,
    "x1": 120,
    "x2": 88,
    "y1": 120,
    "y2": 120,
  },
  {
    "color": 2,
    "op": "line",
    "rgb": "rgb(190, 190, 0)",
    "thickness": 3,
    "x1": 152,
    "x2": 152,
    "y1": 88,
    "y2": 120,
  },
  {
    "color": 2,
    "op": "line",
    "rgb": "rgb(190, 190, 0)",
    "thickness": 3,
    "x1": 152,
    "x2": 120,
    "y1": 120,
    "y2": 120,
  },
  {
    "color": 2,
    "op": "line",
    "rgb": "rgb(190, 190, 0)",
    "thickness": 3,
    "x1": 184,
    "x2": 184,
    "y1": 88,
    "y2": 120,
  },
  {
    "color": 2,
    "op": "line",
    "rgb": "rgb(190, 190, 0)",
    "thickness": 3,
    "x1": 184,
    "x2": 152,
    "y1": 120,
    "y2": 120,
  },
  {
    "color": 2,
    "op": "line",
    "rgb": "rgb(190, 190, 0)",
    "thickness": 3,
    "x1": 216,
    "x2": 216,
    "y1": 88,
    "y2": 120,
  },
  {
    "color": 2,
    "op": "line",
    "rgb": "rgb(190, 190, 0)",
    "thickness": 3,
    "x1": 216,
    "x2": 184,
    "y1": 120,
    "y2": 120,
  },
  {
    "color": 2,
    "op": "line",
    "rgb": "rgb(190, 190, 0)",
    "thickness": 3,
    "x1": 248,
    "x2": 248,
    "y1": 88,
    "y2": 120,
  },
  {
    "color": 2,
    "op": "line",
    "rgb": "rgb(190, 190, 0)",
    "thickness": 3,
    "x1": 248,
    "x2": 216,
    "y1": 120,
    "y2": 120,
  },
  {
    "color": 2,
    "op": "line",
    "rgb": "rgb(190, 190, 0)",
    "thickness": 3,
    "x1": 56,
    "x2": 56,
    "y1": 120,
    "y2": 152,
  },
  {
    "color": 2,
    "op": "line",
    "rgb": "rgb(190, 190, 0)",
    "thickness": 3,
    "x1": 56,
    "x2": 24,
    "y1": 152,
    "y2": 152,
  },
  {
    "color": 2,
    "op": "line",
    "rgb": "rgb(190, 190, 0)",
    "thickness": 3,
    "x1": 24,
    "x2": 24,
    "y1": 152,
    "y2": 120,
  },
  {
    "color": 2,
    "op": "line",
    "rgb": "rgb(190, 190, 0)",
    "thickness": 3,
    "x1": 88,
    "x2": 88,
    "y1": 120,
    "y2": 152,
  },
  {
    "color": 2,
    "op": "line",
    "rgb": "rgb(190, 190, 0)",
    "thickness": 3,
    "x1": 88,
    "x2": 56,
    "y1": 152,
    "y2": 152,
  },
  {
    "color": 2,
    "op": "line",
    "rgb": "rgb(190, 190, 0)",
    "thickness": 3,
    "x1": 120,
    "x2": 120,
    "y1": 120,
    "y2": 152,
  },
  {
    "color": 2,
    "op": "line",
    "rgb": "rgb(190, 190, 0)",
    "thickness": 3,
    "x1": 120,
    "x2": 88,
    "y1": 152,
    "y2": 152,
  },
  {
    "color": 2,
    "op": "line",
    "rgb": "rgb(190, 190, 0)",
    "thickness": 3,
    "x1": 152,
    "x2": 152,
    "y1": 120,
    "y2": 152,
  },
  {
    "color": 2,
    "op": "line",
    "rgb": "rgb(190, 190, 0)",
    "thickness": 3,
    "x1": 152,
    "x2": 120,
    "y1": 152,
    "y2": 152,
  },
  {
    "color": 2,
    "op": "line",
    "rgb": "rgb(190, 190, 0)",
    "thickness": 3,
    "x1": 184,
    "x2": 184,
    "y1": 120,
    "y2": 152,
  },
  {
    "color": 2,
    "op": "line",
    "rgb": "rgb(190, 190, 0)",
    "thickness": 3,
    "x1": 184,
    "x2": 152,
    "y1": 152,
    "y2": 152,
  },
  {
    "color": 2,
    "op": "line",
    "rgb": "rgb(190, 190, 0)",
    "thickness": 3,
    "x1": 216,
    "x2": 216,
    "y1": 120,
    "y2": 152,
  },
  {
    "color": 2,
    "op": "line",
    "rgb": "rgb(190, 190, 0)",
    "thickness": 3,
    "x1": 216,
    "x2": 184,
    "y1": 152,
    "y2": 152,
  },
  {
    "color": 2,
    "op": "line",
    "rgb": "rgb(190, 190, 0)",
    "thickness": 3,
    "x1": 248,
    "x2": 248,
    "y1": 120,
    "y2": 152,
  },
  {
    "color": 2,
    "op": "line",
    "rgb": "rgb(190, 190, 0)",
    "thickness": 3,
    "x1": 248,
    "x2": 216,
    "y1": 152,
    "y2": 152,
  },
  {
    "color": 2,
    "op": "line",
    "rgb": "rgb(190, 190, 0)",
    "thickness": 3,
    "x1": 56,
    "x2": 56,
    "y1": 152,
    "y2": 184,
  },
  {
    "color": 2,
    "op": "line",
    "rgb": "rgb(190, 190, 0)",
    "thickness": 3,
    "x1": 56,
    "x2": 24,
    "y1": 184,
    "y2": 184,
  },
  {
    "color": 2,
    "op": "line",
    "rgb": "rgb(190, 190, 0)",
    "thickness": 3,
    "x1": 24,
    "x2": 24,
    "y1": 184,
    "y2": 152,
  },
  {
    "color": 2,
    "op": "line",
    "rgb": "rgb(190, 190, 0)",
    "thickness": 3,
    "x1": 88,
    "x2": 88,
    "y1": 152,
    "y2": 184,
  },
  {
    "color": 2,
    "op": "line",
    "rgb": "rgb(190, 190, 0)",
    "thickness": 3,
    "x1": 88,
    "x2": 56,
    "y1": 184,
    "y2": 184,
  },
  {
    "color": 2,
    "op": "line",
    "rgb": "rgb(190, 190, 0)",
    "thickness": 3,
    "x1": 120,
    "x2": 120,
    "y1": 152,
    "y2": 184,
  },
  {
    "color": 2,
    "op": "line",
    "rgb": "rgb(190, 190, 0)",
    "thickness": 3,
    "x1": 120,
    "x2": 88,
    "y1": 184,
    "y2": 184,
  },
  {
    "color": 2,
    "op": "line",
    "rgb": "rgb(190, 190, 0)",
    "thickness": 3,
    "x1": 152,
    "x2": 152,
    "y1": 152,
    "y2": 184,
  },
  {
    "color": 2,
    "op": "line",
    "rgb": "rgb(190, 190, 0)",
    "thickness": 3,
    "x1": 152,
    "x2": 120,
    "y1": 184,
    "y2": 184,
  },
  {
    "color": 2,
    "op": "line",
    "rgb": "rgb(190, 190, 0)",
    "thickness": 3,
    "x1": 184,
    "x2": 184,
    "y1": 152,
    "y2": 184,
  },
  {
    "color": 2,
    "op": "line",
    "rgb": "rgb(190, 190, 0)",
    "thickness": 3,
    "x1": 184,
    "x2": 152,
    "y1": 184,
    "y2": 184,
  },
  {
    "color": 2,
    "op": "line",
    "rgb": "rgb(190, 190, 0)",
    "thickness": 3,
    "x1": 216,
    "x2": 216,
    "y1": 152,
    "y2": 184,
  },
  {
    "color": 2,
    "op": "line",
    "rgb": "rgb(190, 190, 0)",
    "thickness": 3,
    "x1": 216,
    "x2": 184,
    "y1": 184,
    "y2": 184,
  },
  {
    "color": 2,
    "op": "line",
    "rgb": "rgb(190, 190, 0)",
    "thickness": 3,
    "x1": 248,
    "x2": 248,
    "y1": 152,
    "y2": 184,
  },
  {
    "color": 2,
    "op": "line",
    "rgb": "rgb(190, 190, 0)",
    "thickness": 3,
    "x1": 248,
    "x2": 216,
    "y1": 184,
    "y2": 184,
  },
  {
    "color": 2,
    "op": "line",
    "rgb": "rgb(190, 190, 0)",
    "thickness": 3,
    "x1": 56,
    "x2": 56,
    "y1": 184,
    "y2": 216,
  },
  {
    "color": 2,
    "op": "line",
    "rgb": "rgb(190, 190, 0)",
    "thickness": 3,
    "x1": 56,
    "x2": 24,
    "y1": 216,
    "y2": 216,
  },
  {
    "color": 2,
    "op": "line",
    "rgb": "rgb(190, 190, 0)",
    "thickness": 3,
    "x1": 24,
    "x2": 24,
    "y1": 216,
    "y2": 184,
  },
  {
    "color": 2,
    "op": "line",
    "rgb": "rgb(190, 190, 0)",
    "thickness": 3,
    "x1": 88,
    "x2": 88,
    "y1": 184,
    "y2": 216,
  },
  {
    "color": 2,
    "op": "line",
    "rgb": "rgb(190, 190, 0)",
    "thickness": 3,
    "x1": 88,
    "x2": 56,
    "y1": 216,
    "y2": 216,
  },
  {
    "color": 2,
    "op": "line",
    "rgb": "rgb(190, 190, 0)",
    "thickness": 3,
    "x1": 120,
    "x2": 120,
    "y1": 184,
    "y2": 216,
  },
  {
    "color": 2,
    "op": "line",
    "rgb": "rgb(190, 190, 0)",
    "thickness": 3,
    "x1": 120,
    "x2": 88,
    "y1": 216,
    "y2": 216,
  },
  {
    "color": 2,
    "op": "line",
    "rgb": "rgb(190, 190, 0)",
    "thickness": 3,
    "x1": 152,
    "x2": 152,
    "y1": 184,
    "y2": 216,
  },
  {
    "color": 2,
    "op": "line",
    "rgb": "rgb(190, 190, 0)",
    "thickness": 3,
    "x1": 152,
    "x2": 120,
    "y1": 216,
    "y2": 216,
  },
  {
    "color": 2,
    "op": "line",
    "rgb": "rgb(190, 190, 0)",
    "thickness": 3,
    "x1": 184,
    "x2": 184,
    "y1": 184,
    "y2": 216,
  },
  {
    "color": 2,
    "op": "line",
    "rgb": "rgb(190, 190, 0)",
    "thickness": 3,
    "x1": 184,
    "x2": 152,
    "y1": 216,
    "y2": 216,
  },
  {
    "color": 2,
    "op": "line",
    "rgb": "rgb(190, 190, 0)",
    "thickness": 3,
    "x1": 216,
    "x2": 216,
    "y1": 184,
    "y2": 216,
  },
  {
    "color": 2,
    "op": "line",
    "rgb": "rgb(190, 190, 0)",
    "thickness": 3,
    "x1": 216,
    "x2": 184,
    "y1": 216,
    "y2": 216,
  },
  {
    "color": 2,
    "op": "line",
    "rgb": "rgb(190, 190, 0)",
    "thickness": 3,
    "x1": 248,
    "x2": 248,
    "y1": 184,
    "y2": 216,
  },
  {
    "color": 2,
    "op": "line",
    "rgb": "rgb(190, 190, 0)",
    "thickness": 3,
    "x1": 248,
    "x2": 216,
    "y1": 216,
    "y2": 216,
  },
  {
    "color": 2,
    "op": "line",
    "rgb": "rgb(190, 190, 0)",
    "thickness": 3,
    "x1": 56,
    "x2": 56,
    "y1": 216,
    "y2": 248,
  },
  {
    "color": 2,
    "op": "line",
    "rgb": "rgb(190, 190, 0)",
    "thickness": 3,
    "x1": 56,
    "x2": 24,
    "y1": 248,
    "y2": 248,
  },
  {
    "color": 2,
    "op": "line",
    "rgb": "rgb(190, 190, 0)",
    "thickness": 3,
    "x1": 24,
    "x2": 24,
    "y1": 248,
    "y2": 216,
  },
  {
    "color": 2,
    "op": "line",
    "rgb": "rgb(190, 190, 0)",
    "thickness": 3,
    "x1": 88,
    "x2": 88,
    "y1": 216,
    "y2": 248,
  },
  {
    "color": 2,
    "op": "line",
    "rgb": "rgb(190, 190, 0)",
    "thickness": 3,
    "x1": 88,
    "x2": 56,
    "y1": 248,
    "y2": 248,
  },
  {
    "color": 2,
    "op": "line",
    "rgb": "rgb(190, 190, 0)",
    "thickness": 3,
    "x1": 120,
    "x2": 120,
    "y1": 216,
    "y2": 248,
  },
  {
    "color": 2,
    "op": "line",
    "rgb": "rgb(190, 190, 0)",
    "thickness": 3,
    "x1": 120,
    "x2": 88,
    "y1": 248,
    "y2": 248,
  },
  {
    "color": 2,
    "op": "line",
    "rgb": "rgb(190, 190, 0)",
    "thickness": 3,
    "x1": 152,
    "x2": 152,
    "y1": 216,
    "y2": 248,
  },
  {
    "color": 2,
    "op": "line",
    "rgb": "rgb(190, 190, 0)",
    "thickness": 3,
    "x1": 152,
    "x2": 120,
    "y1": 248,
    "y2": 248,
  },
  {
    "color": 2,
    "op": "line",
    "rgb": "rgb(190, 190, 0)",
    "thickness": 3,
    "x1": 184,
    "x2": 184,
    "y1": 216,
    "y2": 248,
  },
  {
    "color": 2,
    "op": "line",
    "rgb": "rgb(190, 190, 0)",
    "thickness": 3,
    "x1": 184,
    "x2": 152,
    "y1": 248,
    "y2": 248,
  },
  {
    "color": 2,
    "op": "line",
    "rgb": "rgb(190, 190, 0)",
    "thickness": 3,
    "x1": 216,
    "x2": 216,
    "y1": 216,
    "y2": 248,
  },
  {
    "color": 2,
    "op": "line",
    "rgb": "rgb(190, 190, 0)",
    "thickness": 3,
    "x1": 216,
    "x2": 184,
    "y1": 248,
    "y2": 248,
  },
  {
    "color": 2,
    "op": "line",
    "rgb": "rgb(190, 190, 0)",
    "thickness": 3,
    "x1": 248,
    "x2": 248,
    "y1": 216,
    "y2": 248,
  },
  {
    "color": 2,
    "op": "line",
    "rgb": "rgb(190, 190, 0)",
    "thickness": 3,
    "x1": 248,
    "x2": 216,
    "y1": 248,
    "y2": 248,
  },
  {
    "cx": 24,
    "cy": 24,
    "fill": 1,
    "fillRgb": "rgb(0, 0, 0)",
    "op": "circle",
    "outline": 1,
    "outlineRgb": "rgb(0, 0, 0)",
    "r": 3,
  },
  {
    "cx": 56,
    "cy": 24,
    "fill": 1,
    "fillRgb": "rgb(0, 0, 0)",
    "op": "circle",
    "outline": 1,
    "outlineRgb": "rgb(0, 0, 0)",
    "r": 3,
  },
  {
    "cx": 56,
    "cy": 56,
    "fill": 1,
    "fillRgb": "rgb(0, 0, 0)",
    "op": "circle",
    "outline": 1,
    "outlineRgb": "rgb(0, 0, 0)",
    "r": 3,
  },
  {
    "cx": 24,
    "cy": 56,
    "fill": 1,
    "fillRgb": "rgb(0, 0, 0)",
    "op": "circle",
    "outline": 1,
    "outlineRgb": "rgb(0, 0, 0)",
    "r": 3,
  },
  {
    "cx": 88,
    "cy": 24,
    "fill": 1,
    "fillRgb": "rgb(0, 0, 0)",
    "op": "circle",
    "outline": 1,
    "outlineRgb": "rgb(0, 0, 0)",
    "r": 3,
  },
  {
    "cx": 88,
    "cy": 56,
    "fill": 1,
    "fillRgb": "rgb(0, 0, 0)",
    "op": "circle",
    "outline": 1,
    "outlineRgb": "rgb(0, 0, 0)",
    "r": 3,
  },
  {
    "cx": 120,
    "cy": 24,
    "fill": 1,
    "fillRgb": "rgb(0, 0, 0)",
    "op": "circle",
    "outline": 1,
    "outlineRgb": "rgb(0, 0, 0)",
    "r": 3,
  },
  {
    "cx": 120,
    "cy": 56,
    "fill": 1,
    "fillRgb": "rgb(0, 0, 0)",
    "op": "circle",
    "outline": 1,
    "outlineRgb": "rgb(0, 0, 0)",
    "r": 3,
  },
  {
    "cx": 152,
    "cy": 24,
    "fill": 1,
    "fillRgb": "rgb(0, 0, 0)",
    "op": "circle",
    "outline": 1,
    "outlineRgb": "rgb(0, 0, 0)",
    "r": 3,
  },
  {
    "cx": 152,
    "cy": 56,
    "fill": 1,
    "fillRgb": "rgb(0, 0, 0)",
    "op": "circle",
    "outline": 1,
    "outlineRgb": "rgb(0, 0, 0)",
    "r": 3,
  },
  {
    "cx": 184,
    "cy": 24,
    "fill": 1,
    "fillRgb": "rgb(0, 0, 0)",
    "op": "circle",
    "outline": 1,
    "outlineRgb": "rgb(0, 0, 0)",
    "r": 3,
  },
  {
    "cx": 184,
    "cy": 56,
    "fill": 1,
    "fillRgb": "rgb(0, 0, 0)",
    "op": "circle",
    "outline": 1,
    "outlineRgb": "rgb(0, 0, 0)",
    "r": 3,
  },
  {
    "cx": 216,
    "cy": 24,
    "fill": 1,
    "fillRgb": "rgb(0, 0, 0)",
    "op": "circle",
    "outline": 1,
    "outlineRgb": "rgb(0, 0, 0)",
    "r": 3,
  },
  {
    "cx": 216,
    "cy": 56,
    "fill": 1,
    "fillRgb": "rgb(0, 0, 0)",
    "op": "circle",
    "outline": 1,
    "outlineRgb": "rgb(0, 0, 0)",
    "r": 3,
  },
  {
    "cx": 248,
    "cy": 24,
    "fill": 1,
    "fillRgb": "rgb(0, 0, 0)",
    "op": "circle",
    "outline": 1,
    "outlineRgb": "rgb(0, 0, 0)",
    "r": 3,
  },
  {
    "cx": 248,
    "cy": 56,
    "fill": 1,
    "fillRgb": "rgb(0, 0, 0)",
    "op": "circle",
    "outline": 1,
    "outlineRgb": "rgb(0, 0, 0)",
    "r": 3,
  },
  {
    "cx": 56,
    "cy": 88,
    "fill": 1,
    "fillRgb": "rgb(0, 0, 0)",
    "op": "circle",
    "outline": 1,
    "outlineRgb": "rgb(0, 0, 0)",
    "r": 3,
  },
  {
    "cx": 24,
    "cy": 88,
    "fill": 1,
    "fillRgb": "rgb(0, 0, 0)",
    "op": "circle",
    "outline": 1,
    "outlineRgb": "rgb(0, 0, 0)",
    "r": 3,
  },
  {
    "cx": 88,
    "cy": 88,
    "fill": 1,
    "fillRgb": "rgb(0, 0, 0)",
    "op": "circle",
    "outline": 1,
    "outlineRgb": "rgb(0, 0, 0)",
    "r": 3,
  },
  {
    "cx": 120,
    "cy": 88,
    "fill": 1,
    "fillRgb": "rgb(0, 0, 0)",
    "op": "circle",
    "outline": 1,
    "outlineRgb": "rgb(0, 0, 0)",
    "r": 3,
  },
  {
    "cx": 152,
    "cy": 88,
    "fill": 1,
    "fillRgb": "rgb(0, 0, 0)",
    "op": "circle",
    "outline": 1,
    "outlineRgb": "rgb(0, 0, 0)",
    "r": 3,
  },
  {
    "cx": 184,
    "cy": 88,
    "fill": 1,
    "fillRgb": "rgb(0, 0, 0)",
    "op": "circle",
    "outline": 1,
    "outlineRgb": "rgb(0, 0, 0)",
    "r": 3,
  },
  {
    "cx": 216,
    "cy": 88,
    "fill": 1,
    "fillRgb": "rgb(0, 0, 0)",
    "op": "circle",
    "outline": 1,
    "outlineRgb": "rgb(0, 0, 0)",
    "r": 3,
  },
  {
    "cx": 248,
    "cy": 88,
    "fill": 1,
    "fillRgb": "rgb(0, 0, 0)",
    "op": "circle",
    "outline": 1,
    "outlineRgb": "rgb(0, 0, 0)",
    "r": 3,
  },
  {
    "cx": 56,
    "cy": 120,
    "fill": 1,
    "fillRgb": "rgb(0, 0, 0)",
    "op": "circle",
    "outline": 1,
    "outlineRgb": "rgb(0, 0, 0)",
    "r": 3,
  },
  {
    "cx": 24,
    "cy": 120,
    "fill": 1,
    "fillRgb": "rgb(0, 0, 0)",
    "op": "circle",
    "outline": 1,
    "outlineRgb": "rgb(0, 0, 0)",
    "r": 3,
  },
  {
    "cx": 88,
    "cy": 120,
    "fill": 1,
    "fillRgb": "rgb(0, 0, 0)",
    "op": "circle",
    "outline": 1,
    "outlineRgb": "rgb(0, 0, 0)",
    "r": 3,
  },
  {
    "cx": 120,
    "cy": 120,
    "fill": 1,
    "fillRgb": "rgb(0, 0, 0)",
    "op": "circle",
    "outline": 1,
    "outlineRgb": "rgb(0, 0, 0)",
    "r": 3,
  },
  {
    "cx": 152,
    "cy": 120,
    "fill": 1,
    "fillRgb": "rgb(0, 0, 0)",
    "op": "circle",
    "outline": 1,
    "outlineRgb": "rgb(0, 0, 0)",
    "r": 3,
  },
  {
    "cx": 184,
    "cy": 120,
    "fill": 1,
    "fillRgb": "rgb(0, 0, 0)",
    "op": "circle",
    "outline": 1,
    "outlineRgb": "rgb(0, 0, 0)",
    "r": 3,
  },
  {
    "cx": 216,
    "cy": 120,
    "fill": 1,
    "fillRgb": "rgb(0, 0, 0)",
    "op": "circle",
    "outline": 1,
    "outlineRgb": "rgb(0, 0, 0)",
    "r": 3,
  },
  {
    "cx": 248,
    "cy": 120,
    "fill": 1,
    "fillRgb": "rgb(0, 0, 0)",
    "op": "circle",
    "outline": 1,
    "outlineRgb": "rgb(0, 0, 0)",
    "r": 3,
  },
  {
    "cx": 56,
    "cy": 152,
    "fill": 1,
    "fillRgb": "rgb(0, 0, 0)",
    "op": "circle",
    "outline": 1,
    "outlineRgb": "rgb(0, 0, 0)",
    "r": 3,
  },
  {
    "cx": 24,
    "cy": 152,
    "fill": 1,
    "fillRgb": "rgb(0, 0, 0)",
    "op": "circle",
    "outline": 1,
    "outlineRgb": "rgb(0, 0, 0)",
    "r": 3,
  },
  {
    "cx": 88,
    "cy": 152,
    "fill": 1,
    "fillRgb": "rgb(0, 0, 0)",
    "op": "circle",
    "outline": 1,
    "outlineRgb": "rgb(0, 0, 0)",
    "r": 3,
  },
  {
    "cx": 120,
    "cy": 152,
    "fill": 1,
    "fillRgb": "rgb(0, 0, 0)",
    "op": "circle",
    "outline": 1,
    "outlineRgb": "rgb(0, 0, 0)",
    "r": 3,
  },
  {
    "cx": 152,
    "cy": 152,
    "fill": 1,
    "fillRgb": "rgb(0, 0, 0)",
    "op": "circle",
    "outline": 1,
    "outlineRgb": "rgb(0, 0, 0)",
    "r": 3,
  },
  {
    "cx": 184,
    "cy": 152,
    "fill": 1,
    "fillRgb": "rgb(0, 0, 0)",
    "op": "circle",
    "outline": 1,
    "outlineRgb": "rgb(0, 0, 0)",
    "r": 3,
  },
  {
    "cx": 216,
    "cy": 152,
    "fill": 1,
    "fillRgb": "rgb(0, 0, 0)",
    "op": "circle",
    "outline": 1,
    "outlineRgb": "rgb(0, 0, 0)",
    "r": 3,
  },
  {
    "cx": 248,
    "cy": 152,
    "fill": 1,
    "fillRgb": "rgb(0, 0, 0)",
    "op": "circle",
    "outline": 1,
    "outlineRgb": "rgb(0, 0, 0)",
    "r": 3,
  },
  {
    "cx": 56,
    "cy": 184,
    "fill": 1,
    "fillRgb": "rgb(0, 0, 0)",
    "op": "circle",
    "outline": 1,
    "outlineRgb": "rgb(0, 0, 0)",
    "r": 3,
  },
  {
    "cx": 24,
    "cy": 184,
    "fill": 1,
    "fillRgb": "rgb(0, 0, 0)",
    "op": "circle",
    "outline": 1,
    "outlineRgb": "rgb(0, 0, 0)",
    "r": 3,
  },
  {
    "cx": 88,
    "cy": 184,
    "fill": 1,
    "fillRgb": "rgb(0, 0, 0)",
    "op": "circle",
    "outline": 1,
    "outlineRgb": "rgb(0, 0, 0)",
    "r": 3,
  },
  {
    "cx": 120,
    "cy": 184,
    "fill": 1,
    "fillRgb": "rgb(0, 0, 0)",
    "op": "circle",
    "outline": 1,
    "outlineRgb": "rgb(0, 0, 0)",
    "r": 3,
  },
  {
    "cx": 152,
    "cy": 184,
    "fill": 1,
    "fillRgb": "rgb(0, 0, 0)",
    "op": "circle",
    "outline": 1,
    "outlineRgb": "rgb(0, 0, 0)",
    "r": 3,
  },
  {
    "cx": 184,
    "cy": 184,
    "fill": 1,
    "fillRgb": "rgb(0, 0, 0)",
    "op": "circle",
    "outline": 1,
    "outlineRgb": "rgb(0, 0, 0)",
    "r": 3,
  },
  {
    "cx": 216,
    "cy": 184,
    "fill": 1,
    "fillRgb": "rgb(0, 0, 0)",
    "op": "circle",
    "outline": 1,
    "outlineRgb": "rgb(0, 0, 0)",
    "r": 3,
  },
  {
    "cx": 248,
    "cy": 184,
    "fill": 1,
    "fillRgb": "rgb(0, 0, 0)",
    "op": "circle",
    "outline": 1,
    "outlineRgb": "rgb(0, 0, 0)",
    "r": 3,
  },
  {
    "cx": 56,
    "cy": 216,
    "fill": 1,
    "fillRgb": "rgb(0, 0, 0)",
    "op": "circle",
    "outline": 1,
    "outlineRgb": "rgb(0, 0, 0)",
    "r": 3,
  },
  {
    "cx": 24,
    "cy": 216,
    "fill": 1,
    "fillRgb": "rgb(0, 0, 0)",
    "op": "circle",
    "outline": 1,
    "outlineRgb": "rgb(0, 0, 0)",
    "r": 3,
  },
  {
    "cx": 88,
    "cy": 216,
    "fill": 1,
    "fillRgb": "rgb(0, 0, 0)",
    "op": "circle",
    "outline": 1,
    "outlineRgb": "rgb(0, 0, 0)",
    "r": 3,
  },
  {
    "cx": 120,
    "cy": 216,
    "fill": 1,
    "fillRgb": "rgb(0, 0, 0)",
    "op": "circle",
    "outline": 1,
    "outlineRgb": "rgb(0, 0, 0)",
    "r": 3,
  },
  {
    "cx": 152,
    "cy": 216,
    "fill": 1,
    "fillRgb": "rgb(0, 0, 0)",
    "op": "circle",
    "outline": 1,
    "outlineRgb": "rgb(0, 0, 0)",
    "r": 3,
  },
  {
    "cx": 184,
    "cy": 216,
    "fill": 1,
    "fillRgb": "rgb(0, 0, 0)",
    "op": "circle",
    "outline": 1,
    "outlineRgb": "rgb(0, 0, 0)",
    "r": 3,
  },
  {
    "cx": 216,
    "cy": 216,
    "fill": 1,
    "fillRgb": "rgb(0, 0, 0)",
    "op": "circle",
    "outline": 1,
    "outlineRgb": "rgb(0, 0, 0)",
    "r": 3,
  },
  {
    "cx": 248,
    "cy": 216,
    "fill": 1,
    "fillRgb": "rgb(0, 0, 0)",
    "op": "circle",
    "outline": 1,
    "outlineRgb": "rgb(0, 0, 0)",
    "r": 3,
  },
  {
    "cx": 56,
    "cy": 248,
    "fill": 1,
    "fillRgb": "rgb(0, 0, 0)",
    "op": "circle",
    "outline": 1,
    "outlineRgb": "rgb(0, 0, 0)",
    "r": 3,
  },
  {
    "cx": 24,
    "cy": 248,
    "fill": 1,
    "fillRgb": "rgb(0, 0, 0)",
    "op": "circle",
    "outline": 1,
    "outlineRgb": "rgb(0, 0, 0)",
    "r": 3,
  },
  {
    "cx": 88,
    "cy": 248,
    "fill": 1,
    "fillRgb": "rgb(0, 0, 0)",
    "op": "circle",
    "outline": 1,
    "outlineRgb": "rgb(0, 0, 0)",
    "r": 3,
  },
  {
    "cx": 120,
    "cy": 248,
    "fill": 1,
    "fillRgb": "rgb(0, 0, 0)",
    "op": "circle",
    "outline": 1,
    "outlineRgb": "rgb(0, 0, 0)",
    "r": 3,
  },
  {
    "cx": 152,
    "cy": 248,
    "fill": 1,
    "fillRgb": "rgb(0, 0, 0)",
    "op": "circle",
    "outline": 1,
    "outlineRgb": "rgb(0, 0, 0)",
    "r": 3,
  },
  {
    "cx": 184,
    "cy": 248,
    "fill": 1,
    "fillRgb": "rgb(0, 0, 0)",
    "op": "circle",
    "outline": 1,
    "outlineRgb": "rgb(0, 0, 0)",
    "r": 3,
  },
  {
    "cx": 216,
    "cy": 248,
    "fill": 1,
    "fillRgb": "rgb(0, 0, 0)",
    "op": "circle",
    "outline": 1,
    "outlineRgb": "rgb(0, 0, 0)",
    "r": 3,
  },
  {
    "cx": 248,
    "cy": 248,
    "fill": 1,
    "fillRgb": "rgb(0, 0, 0)",
    "op": "circle",
    "outline": 1,
    "outlineRgb": "rgb(0, 0, 0)",
    "r": 3,
  },
]
`;
