// Vitest Snapshot v1, https://vitest.dev/guide/snapshot.html

exports[`the frames a hint draws > rings each struck cell, hatches the starved area, and strikes each note through 1`] = `
[
  {
    "color": 0,
    "h": 294,
    "op": "rect",
    "rgb": "rgb(211, 211, 211)",
    "w": 294,
    "x": 0,
    "y": 0,
  },
  {
    "color": 3,
    "h": 242,
    "op": "rect",
    "rgb": "rgb(0, 0, 0)",
    "w": 242,
    "x": 26,
    "y": 26,
  },
  {
    "h": 40,
    "op": "clip",
    "w": 40,
    "x": 28,
    "y": 28,
  },
  {
    "color": 0,
    "h": 36,
    "op": "rect",
    "rgb": "rgb(211, 211, 211)",
    "w": 38,
    "x": 29,
    "y": 29,
  },
  {
    "color": 3,
    "h": 1,
    "op": "rect",
    "rgb": "rgb(0, 0, 0)",
    "w": 1,
    "x": 66,
    "y": 66,
  },
  {
    "align": "center",
    "baseline": "mathematical",
    "color": 7,
    "fontType": "variable",
    "op": "text",
    "rgb": "rgb(105, 105, 211)",
    "size": 13,
    "text": "1",
    "x": 37,
    "y": 41,
  },
  {
    "align": "center",
    "baseline": "mathematical",
    "color": 7,
    "fontType": "variable",
    "op": "text",
    "rgb": "rgb(105, 105, 211)",
    "size": 13,
    "text": "2",
    "x": 49,
    "y": 41,
  },
  {
    "op": "unclip",
  },
  {
    "h": 40,
    "op": "clip",
    "w": 40,
    "x": 68,
    "y": 28,
  },
  {
    "color": 0,
    "h": 36,
    "op": "rect",
    "rgb": "rgb(211, 211, 211)",
    "w": 39,
    "x": 68,
    "y": 29,
  },
  {
    "color": 3,
    "h": 1,
    "op": "rect",
    "rgb": "rgb(0, 0, 0)",
    "w": 1,
    "x": 68,
    "y": 66,
  },
  {
    "color": 3,
    "h": 1,
    "op": "rect",
    "rgb": "rgb(0, 0, 0)",
    "w": 1,
    "x": 106,
    "y": 66,
  },
  {
    "align": "center",
    "baseline": "mathematical",
    "color": 5,
    "fontType": "variable",
    "op": "text",
    "rgb": "rgb(0, 127, 0)",
    "size": 20,
    "text": "3",
    "x": 88,
    "y": 48,
  },
  {
    "op": "unclip",
  },
  {
    "h": 40,
    "op": "clip",
    "w": 40,
    "x": 108,
    "y": 28,
  },
  {
    "color": 0,
    "h": 36,
    "op": "rect",
    "rgb": "rgb(211, 211, 211)",
    "w": 37,
    "x": 108,
    "y": 29,
  },
  {
    "color": 3,
    "h": 1,
    "op": "rect",
    "rgb": "rgb(0, 0, 0)",
    "w": 1,
    "x": 108,
    "y": 66,
  },
  {
    "color": 3,
    "h": 1,
    "op": "rect",
    "rgb": "rgb(0, 0, 0)",
    "w": 1,
    "x": 146,
    "y": 66,
  },
  {
    "align": "center",
    "baseline": "mathematical",
    "color": 7,
    "fontType": "variable",
    "op": "text",
    "rgb": "rgb(105, 105, 211)",
    "size": 13,
    "text": "1",
    "x": 116,
    "y": 41,
  },
  {
    "align": "center",
    "baseline": "mathematical",
    "color": 7,
    "fontType": "variable",
    "op": "text",
    "rgb": "rgb(105, 105, 211)",
    "size": 13,
    "text": "2",
    "x": 128,
    "y": 41,
  },
  {
    "color": 7,
    "op": "line",
    "rgb": "rgb(105, 105, 211)",
    "thickness": 2,
    "x1": 124,
    "x2": 132,
    "y1": 41,
    "y2": 41,
  },
  {
    "op": "unclip",
  },
  {
    "h": 40,
    "op": "clip",
    "w": 40,
    "x": 148,
    "y": 28,
  },
  {
    "color": 0,
    "h": 36,
    "op": "rect",
    "rgb": "rgb(211, 211, 211)",
    "w": 38,
    "x": 149,
    "y": 29,
  },
  {
    "color": 10,
    "h": 36,
    "op": "hatch",
    "period": 13,
    "rgb": "rgb(21, 113, 233)",
    "w": 38,
    "x": 149,
    "y": 29,
  },
  {
    "color": 3,
    "h": 1,
    "op": "rect",
    "rgb": "rgb(0, 0, 0)",
    "w": 1,
    "x": 148,
    "y": 66,
  },
  {
    "color": 3,
    "h": 1,
    "op": "rect",
    "rgb": "rgb(0, 0, 0)",
    "w": 1,
    "x": 186,
    "y": 66,
  },
  {
    "align": "center",
    "baseline": "mathematical",
    "color": 7,
    "fontType": "variable",
    "op": "text",
    "rgb": "rgb(105, 105, 211)",
    "size": 13,
    "text": "1",
    "x": 157,
    "y": 41,
  },
  {
    "align": "center",
    "baseline": "mathematical",
    "color": 7,
    "fontType": "variable",
    "op": "text",
    "rgb": "rgb(105, 105, 211)",
    "size": 13,
    "text": "2",
    "x": 169,
    "y": 41,
  },
  {
    "op": "unclip",
  },
  {
    "h": 40,
    "op": "clip",
    "w": 40,
    "x": 188,
    "y": 28,
  },
  {
    "color": 0,
    "h": 36,
    "op": "rect",
    "rgb": "rgb(211, 211, 211)",
    "w": 39,
    "x": 188,
    "y": 29,
  },
  {
    "color": 10,
    "h": 36,
    "op": "hatch",
    "period": 13,
    "rgb": "rgb(21, 113, 233)",
    "w": 39,
    "x": 188,
    "y": 29,
  },
  {
    "color": 3,
    "h": 1,
    "op": "rect",
    "rgb": "rgb(0, 0, 0)",
    "w": 1,
    "x": 188,
    "y": 66,
  },
  {
    "color": 3,
    "h": 1,
    "op": "rect",
    "rgb": "rgb(0, 0, 0)",
    "w": 1,
    "x": 226,
    "y": 66,
  },
  {
    "align": "center",
    "baseline": "mathematical",
    "color": 7,
    "fontType": "variable",
    "op": "text",
    "rgb": "rgb(105, 105, 211)",
    "size": 13,
    "text": "1",
    "x": 196,
    "y": 41,
  },
  {
    "align": "center",
    "baseline": "mathematical",
    "color": 7,
    "fontType": "variable",
    "op": "text",
    "rgb": "rgb(105, 105, 211)",
    "size": 13,
    "text": "2",
    "x": 208,
    "y": 41,
  },
  {
    "op": "unclip",
  },
  {
    "h": 40,
    "op": "clip",
    "w": 40,
    "x": 228,
    "y": 28,
  },
  {
    "color": 0,
    "h": 36,
    "op": "rect",
    "rgb": "rgb(211, 211, 211)",
    "w": 37,
    "x": 228,
    "y": 29,
  },
  {
    "color": 10,
    "h": 36,
    "op": "hatch",
    "period": 13,
    "rgb": "rgb(21, 113, 233)",
    "w": 37,
    "x": 228,
    "y": 29,
  },
  {
    "color": 3,
    "h": 1,
    "op": "rect",
    "rgb": "rgb(0, 0, 0)",
    "w": 1,
    "x": 228,
    "y": 66,
  },
  {
    "align": "center",
    "baseline": "mathematical",
    "color": 5,
    "fontType": "variable",
    "op": "text",
    "rgb": "rgb(0, 127, 0)",
    "size": 20,
    "text": "3",
    "x": 248,
    "y": 48,
  },
  {
    "op": "unclip",
  },
  {
    "h": 40,
    "op": "clip",
    "w": 40,
    "x": 28,
    "y": 68,
  },
  {
    "color": 0,
    "h": 36,
    "op": "rect",
    "rgb": "rgb(211, 211, 211)",
    "w": 38,
    "x": 29,
    "y": 69,
  },
  {
    "color": 3,
    "h": 1,
    "op": "rect",
    "rgb": "rgb(0, 0, 0)",
    "w": 1,
    "x": 66,
    "y": 68,
  },
  {
    "color": 3,
    "h": 1,
    "op": "rect",
    "rgb": "rgb(0, 0, 0)",
    "w": 1,
    "x": 66,
    "y": 106,
  },
  {
    "align": "center",
    "baseline": "mathematical",
    "color": 7,
    "fontType": "variable",
    "op": "text",
    "rgb": "rgb(105, 105, 211)",
    "size": 13,
    "text": "1",
    "x": 37,
    "y": 81,
  },
  {
    "align": "center",
    "baseline": "mathematical",
    "color": 7,
    "fontType": "variable",
    "op": "text",
    "rgb": "rgb(105, 105, 211)",
    "size": 13,
    "text": "2",
    "x": 49,
    "y": 81,
  },
  {
    "op": "unclip",
  },
  {
    "h": 40,
    "op": "clip",
    "w": 40,
    "x": 68,
    "y": 68,
  },
  {
    "color": 0,
    "h": 36,
    "op": "rect",
    "rgb": "rgb(211, 211, 211)",
    "w": 39,
    "x": 68,
    "y": 69,
  },
  {
    "color": 3,
    "h": 1,
    "op": "rect",
    "rgb": "rgb(0, 0, 0)",
    "w": 1,
    "x": 68,
    "y": 68,
  },
  {
    "color": 3,
    "h": 1,
    "op": "rect",
    "rgb": "rgb(0, 0, 0)",
    "w": 1,
    "x": 106,
    "y": 68,
  },
  {
    "color": 3,
    "h": 1,
    "op": "rect",
    "rgb": "rgb(0, 0, 0)",
    "w": 1,
    "x": 68,
    "y": 106,
  },
  {
    "align": "center",
    "baseline": "mathematical",
    "color": 7,
    "fontType": "variable",
    "op": "text",
    "rgb": "rgb(105, 105, 211)",
    "size": 13,
    "text": "1",
    "x": 76,
    "y": 81,
  },
  {
    "align": "center",
    "baseline": "mathematical",
    "color": 7,
    "fontType": "variable",
    "op": "text",
    "rgb": "rgb(105, 105, 211)",
    "size": 13,
    "text": "2",
    "x": 88,
    "y": 81,
  },
  {
    "align": "center",
    "baseline": "mathematical",
    "color": 7,
    "fontType": "variable",
    "op": "text",
    "rgb": "rgb(105, 105, 211)",
    "size": 13,
    "text": "5",
    "x": 99,
    "y": 81,
  },
  {
    "op": "unclip",
  },
  {
    "h": 40,
    "op": "clip",
    "w": 40,
    "x": 108,
    "y": 68,
  },
  {
    "color": 0,
    "h": 38,
    "op": "rect",
    "rgb": "rgb(211, 211, 211)",
    "w": 37,
    "x": 108,
    "y": 69,
  },
  {
    "color": 3,
    "h": 1,
    "op": "rect",
    "rgb": "rgb(0, 0, 0)",
    "w": 1,
    "x": 108,
    "y": 68,
  },
  {
    "color": 3,
    "h": 1,
    "op": "rect",
    "rgb": "rgb(0, 0, 0)",
    "w": 1,
    "x": 146,
    "y": 68,
  },
  {
    "color": 3,
    "h": 1,
    "op": "rect",
    "rgb": "rgb(0, 0, 0)",
    "w": 1,
    "x": 108,
    "y": 106,
  },
  {
    "color": 3,
    "h": 1,
    "op": "rect",
    "rgb": "rgb(0, 0, 0)",
    "w": 1,
    "x": 146,
    "y": 106,
  },
  {
    "align": "center",
    "baseline": "mathematical",
    "color": 7,
    "fontType": "variable",
    "op": "text",
    "rgb": "rgb(105, 105, 211)",
    "size": 13,
    "text": "1",
    "x": 116,
    "y": 81,
  },
  {
    "align": "center",
    "baseline": "mathematical",
    "color": 7,
    "fontType": "variable",
    "op": "text",
    "rgb": "rgb(105, 105, 211)",
    "size": 13,
    "text": "2",
    "x": 128,
    "y": 81,
  },
  {
    "align": "center",
    "baseline": "mathematical",
    "color": 7,
    "fontType": "variable",
    "op": "text",
    "rgb": "rgb(105, 105, 211)",
    "size": 13,
    "text": "5",
    "x": 139,
    "y": 81,
  },
  {
    "op": "unclip",
  },
  {
    "h": 40,
    "op": "clip",
    "w": 40,
    "x": 148,
    "y": 68,
  },
  {
    "color": 0,
    "h": 38,
    "op": "rect",
    "rgb": "rgb(211, 211, 211)",
    "w": 38,
    "x": 149,
    "y": 69,
  },
  {
    "color": 3,
    "h": 1,
    "op": "rect",
    "rgb": "rgb(0, 0, 0)",
    "w": 1,
    "x": 148,
    "y": 68,
  },
  {
    "color": 3,
    "h": 1,
    "op": "rect",
    "rgb": "rgb(0, 0, 0)",
    "w": 1,
    "x": 186,
    "y": 68,
  },
  {
    "color": 3,
    "h": 1,
    "op": "rect",
    "rgb": "rgb(0, 0, 0)",
    "w": 1,
    "x": 148,
    "y": 106,
  },
  {
    "color": 3,
    "h": 1,
    "op": "rect",
    "rgb": "rgb(0, 0, 0)",
    "w": 1,
    "x": 186,
    "y": 106,
  },
  {
    "align": "center",
    "baseline": "mathematical",
    "color": 5,
    "fontType": "variable",
    "op": "text",
    "rgb": "rgb(0, 127, 0)",
    "size": 20,
    "text": "3",
    "x": 168,
    "y": 88,
  },
  {
    "op": "unclip",
  },
  {
    "h": 40,
    "op": "clip",
    "w": 40,
    "x": 188,
    "y": 68,
  },
  {
    "color": 0,
    "h": 36,
    "op": "rect",
    "rgb": "rgb(211, 211, 211)",
    "w": 37,
    "x": 188,
    "y": 69,
  },
  {
    "color": 3,
    "h": 1,
    "op": "rect",
    "rgb": "rgb(0, 0, 0)",
    "w": 1,
    "x": 188,
    "y": 68,
  },
  {
    "color": 3,
    "h": 1,
    "op": "rect",
    "rgb": "rgb(0, 0, 0)",
    "w": 1,
    "x": 226,
    "y": 68,
  },
  {
    "color": 3,
    "h": 1,
    "op": "rect",
    "rgb": "rgb(0, 0, 0)",
    "w": 1,
    "x": 226,
    "y": 106,
  },
  {
    "align": "center",
    "baseline": "mathematical",
    "color": 7,
    "fontType": "variable",
    "op": "text",
    "rgb": "rgb(105, 105, 211)",
    "size": 13,
    "text": "1",
    "x": 196,
    "y": 81,
  },
  {
    "align": "center",
    "baseline": "mathematical",
    "color": 7,
    "fontType": "variable",
    "op": "text",
    "rgb": "rgb(105, 105, 211)",
    "size": 13,
    "text": "2",
    "x": 208,
    "y": 81,
  },
  {
    "op": "unclip",
  },
  {
    "h": 40,
    "op": "clip",
    "w": 40,
    "x": 228,
    "y": 68,
  },
  {
    "color": 0,
    "h": 38,
    "op": "rect",
    "rgb": "rgb(211, 211, 211)",
    "w": 36,
    "x": 229,
    "y": 69,
  },
  {
    "color": 3,
    "h": 1,
    "op": "rect",
    "rgb": "rgb(0, 0, 0)",
    "w": 1,
    "x": 228,
    "y": 68,
  },
  {
    "align": "center",
    "baseline": "mathematical",
    "color": 7,
    "fontType": "variable",
    "op": "text",
    "rgb": "rgb(105, 105, 211)",
    "size": 13,
    "text": "1",
    "x": 237,
    "y": 81,
  },
  {
    "align": "center",
    "baseline": "mathematical",
    "color": 7,
    "fontType": "variable",
    "op": "text",
    "rgb": "rgb(105, 105, 211)",
    "size": 13,
    "text": "2",
    "x": 249,
    "y": 81,
  },
  {
    "op": "unclip",
  },
  {
    "h": 40,
    "op": "clip",
    "w": 40,
    "x": 28,
    "y": 108,
  },
  {
    "color": 0,
    "h": 38,
    "op": "rect",
    "rgb": "rgb(211, 211, 211)",
    "w": 38,
    "x": 29,
    "y": 109,
  },
  {
    "color": 3,
    "h": 1,
    "op": "rect",
    "rgb": "rgb(0, 0, 0)",
    "w": 1,
    "x": 66,
    "y": 108,
  },
  {
    "color": 3,
    "h": 1,
    "op": "rect",
    "rgb": "rgb(0, 0, 0)",
    "w": 1,
    "x": 66,
    "y": 146,
  },
  {
    "align": "center",
    "baseline": "mathematical",
    "color": 5,
    "fontType": "variable",
    "op": "text",
    "rgb": "rgb(0, 127, 0)",
    "size": 20,
    "text": "3",
    "x": 48,
    "y": 128,
  },
  {
    "op": "unclip",
  },
  {
    "h": 40,
    "op": "clip",
    "w": 40,
    "x": 68,
    "y": 108,
  },
  {
    "color": 0,
    "h": 36,
    "op": "rect",
    "rgb": "rgb(211, 211, 211)",
    "w": 37,
    "x": 68,
    "y": 109,
  },
  {
    "color": 3,
    "h": 1,
    "op": "rect",
    "rgb": "rgb(0, 0, 0)",
    "w": 1,
    "x": 68,
    "y": 108,
  },
  {
    "color": 3,
    "h": 1,
    "op": "rect",
    "rgb": "rgb(0, 0, 0)",
    "w": 1,
    "x": 106,
    "y": 108,
  },
  {
    "color": 3,
    "h": 1,
    "op": "rect",
    "rgb": "rgb(0, 0, 0)",
    "w": 1,
    "x": 106,
    "y": 146,
  },
  {
    "align": "center",
    "baseline": "mathematical",
    "color": 7,
    "fontType": "variable",
    "op": "text",
    "rgb": "rgb(105, 105, 211)",
    "size": 13,
    "text": "1",
    "x": 76,
    "y": 121,
  },
  {
    "align": "center",
    "baseline": "mathematical",
    "color": 7,
    "fontType": "variable",
    "op": "text",
    "rgb": "rgb(105, 105, 211)",
    "size": 13,
    "text": "2",
    "x": 88,
    "y": 121,
  },
  {
    "op": "unclip",
  },
  {
    "h": 40,
    "op": "clip",
    "w": 40,
    "x": 108,
    "y": 108,
  },
  {
    "color": 0,
    "h": 39,
    "op": "rect",
    "rgb": "rgb(211, 211, 211)",
    "w": 36,
    "x": 109,
    "y": 108,
  },
  {
    "color": 3,
    "h": 1,
    "op": "rect",
    "rgb": "rgb(0, 0, 0)",
    "w": 1,
    "x": 146,
    "y": 108,
  },
  {
    "color": 3,
    "h": 1,
    "op": "rect",
    "rgb": "rgb(0, 0, 0)",
    "w": 1,
    "x": 108,
    "y": 146,
  },
  {
    "color": 3,
    "h": 1,
    "op": "rect",
    "rgb": "rgb(0, 0, 0)",
    "w": 1,
    "x": 146,
    "y": 146,
  },
  {
    "align": "center",
    "baseline": "mathematical",
    "color": 4,
    "fontType": "variable",
    "op": "text",
    "rgb": "rgb(0, 0, 0)",
    "size": 20,
    "text": "4",
    "x": 128,
    "y": 128,
  },
  {
    "op": "unclip",
  },
  {
    "h": 40,
    "op": "clip",
    "w": 40,
    "x": 148,
    "y": 108,
  },
  {
    "color": 0,
    "h": 37,
    "op": "rect",
    "rgb": "rgb(211, 211, 211)",
    "w": 36,
    "x": 149,
    "y": 108,
  },
  {
    "color": 3,
    "h": 1,
    "op": "rect",
    "rgb": "rgb(0, 0, 0)",
    "w": 1,
    "x": 148,
    "y": 108,
  },
  {
    "color": 3,
    "h": 1,
    "op": "rect",
    "rgb": "rgb(0, 0, 0)",
    "w": 1,
    "x": 148,
    "y": 146,
  },
  {
    "color": 3,
    "h": 1,
    "op": "rect",
    "rgb": "rgb(0, 0, 0)",
    "w": 1,
    "x": 186,
    "y": 146,
  },
  {
    "align": "center",
    "baseline": "mathematical",
    "color": 7,
    "fontType": "variable",
    "op": "text",
    "rgb": "rgb(105, 105, 211)",
    "size": 13,
    "text": "1",
    "x": 157,
    "y": 120,
  },
  {
    "align": "center",
    "baseline": "mathematical",
    "color": 7,
    "fontType": "variable",
    "op": "text",
    "rgb": "rgb(105, 105, 211)",
    "size": 13,
    "text": "2",
    "x": 169,
    "y": 120,
  },
  {
    "op": "unclip",
  },
  {
    "h": 40,
    "op": "clip",
    "w": 40,
    "x": 188,
    "y": 108,
  },
  {
    "color": 0,
    "h": 36,
    "op": "rect",
    "rgb": "rgb(211, 211, 211)",
    "w": 38,
    "x": 189,
    "y": 109,
  },
  {
    "color": 3,
    "h": 1,
    "op": "rect",
    "rgb": "rgb(0, 0, 0)",
    "w": 1,
    "x": 188,
    "y": 108,
  },
  {
    "color": 3,
    "h": 1,
    "op": "rect",
    "rgb": "rgb(0, 0, 0)",
    "w": 1,
    "x": 188,
    "y": 146,
  },
  {
    "color": 3,
    "h": 1,
    "op": "rect",
    "rgb": "rgb(0, 0, 0)",
    "w": 1,
    "x": 226,
    "y": 146,
  },
  {
    "align": "center",
    "baseline": "mathematical",
    "color": 5,
    "fontType": "variable",
    "op": "text",
    "rgb": "rgb(0, 127, 0)",
    "size": 20,
    "text": "3",
    "x": 208,
    "y": 128,
  },
  {
    "op": "unclip",
  },
  {
    "h": 40,
    "op": "clip",
    "w": 40,
    "x": 228,
    "y": 108,
  },
  {
    "color": 0,
    "h": 37,
    "op": "rect",
    "rgb": "rgb(211, 211, 211)",
    "w": 37,
    "x": 228,
    "y": 108,
  },
  {
    "color": 3,
    "h": 1,
    "op": "rect",
    "rgb": "rgb(0, 0, 0)",
    "w": 1,
    "x": 228,
    "y": 108,
  },
  {
    "color": 3,
    "h": 1,
    "op": "rect",
    "rgb": "rgb(0, 0, 0)",
    "w": 1,
    "x": 228,
    "y": 146,
  },
  {
    "align": "center",
    "baseline": "mathematical",
    "color": 7,
    "fontType": "variable",
    "op": "text",
    "rgb": "rgb(105, 105, 211)",
    "size": 13,
    "text": "1",
    "x": 236,
    "y": 120,
  },
  {
    "align": "center",
    "baseline": "mathematical",
    "color": 7,
    "fontType": "variable",
    "op": "text",
    "rgb": "rgb(105, 105, 211)",
    "size": 13,
    "text": "2",
    "x": 248,
    "y": 120,
  },
  {
    "op": "unclip",
  },
  {
    "h": 40,
    "op": "clip",
    "w": 40,
    "x": 28,
    "y": 148,
  },
  {
    "color": 0,
    "h": 39,
    "op": "rect",
    "rgb": "rgb(211, 211, 211)",
    "w": 36,
    "x": 29,
    "y": 148,
  },
  {
    "color": 3,
    "h": 1,
    "op": "rect",
    "rgb": "rgb(0, 0, 0)",
    "w": 1,
    "x": 66,
    "y": 186,
  },
  {
    "align": "center",
    "baseline": "mathematical",
    "color": 7,
    "fontType": "variable",
    "op": "text",
    "rgb": "rgb(105, 105, 211)",
    "size": 13,
    "text": "1",
    "x": 37,
    "y": 160,
  },
  {
    "align": "center",
    "baseline": "mathematical",
    "color": 7,
    "fontType": "variable",
    "op": "text",
    "rgb": "rgb(105, 105, 211)",
    "size": 13,
    "text": "2",
    "x": 49,
    "y": 160,
  },
  {
    "op": "unclip",
  },
  {
    "h": 40,
    "op": "clip",
    "w": 40,
    "x": 68,
    "y": 148,
  },
  {
    "color": 0,
    "h": 38,
    "op": "rect",
    "rgb": "rgb(211, 211, 211)",
    "w": 36,
    "x": 69,
    "y": 149,
  },
  {
    "color": 3,
    "h": 1,
    "op": "rect",
    "rgb": "rgb(0, 0, 0)",
    "w": 1,
    "x": 68,
    "y": 148,
  },
  {
    "color": 3,
    "h": 1,
    "op": "rect",
    "rgb": "rgb(0, 0, 0)",
    "w": 1,
    "x": 106,
    "y": 148,
  },
  {
    "color": 3,
    "h": 1,
    "op": "rect",
    "rgb": "rgb(0, 0, 0)",
    "w": 1,
    "x": 68,
    "y": 186,
  },
  {
    "color": 3,
    "h": 1,
    "op": "rect",
    "rgb": "rgb(0, 0, 0)",
    "w": 1,
    "x": 106,
    "y": 186,
  },
  {
    "align": "center",
    "baseline": "mathematical",
    "color": 5,
    "fontType": "variable",
    "op": "text",
    "rgb": "rgb(0, 127, 0)",
    "size": 20,
    "text": "4",
    "x": 88,
    "y": 168,
  },
  {
    "op": "unclip",
  },
  {
    "h": 40,
    "op": "clip",
    "w": 40,
    "x": 108,
    "y": 148,
  },
  {
    "color": 0,
    "h": 37,
    "op": "rect",
    "rgb": "rgb(211, 211, 211)",
    "w": 36,
    "x": 109,
    "y": 148,
  },
  {
    "color": 3,
    "h": 1,
    "op": "rect",
    "rgb": "rgb(0, 0, 0)",
    "w": 1,
    "x": 108,
    "y": 148,
  },
  {
    "color": 3,
    "h": 1,
    "op": "rect",
    "rgb": "rgb(0, 0, 0)",
    "w": 1,
    "x": 146,
    "y": 148,
  },
  {
    "color": 3,
    "h": 1,
    "op": "rect",
    "rgb": "rgb(0, 0, 0)",
    "w": 1,
    "x": 108,
    "y": 186,
  },
  {
    "color": 3,
    "h": 1,
    "op": "rect",
    "rgb": "rgb(0, 0, 0)",
    "w": 1,
    "x": 146,
    "y": 186,
  },
  {
    "align": "center",
    "baseline": "mathematical",
    "color": 4,
    "fontType": "variable",
    "op": "text",
    "rgb": "rgb(0, 0, 0)",
    "size": 20,
    "text": "3",
    "x": 128,
    "y": 168,
  },
  {
    "op": "unclip",
  },
  {
    "h": 40,
    "op": "clip",
    "w": 40,
    "x": 148,
    "y": 148,
  },
  {
    "color": 0,
    "h": 36,
    "op": "rect",
    "rgb": "rgb(211, 211, 211)",
    "w": 38,
    "x": 149,
    "y": 149,
  },
  {
    "color": 3,
    "h": 1,
    "op": "rect",
    "rgb": "rgb(0, 0, 0)",
    "w": 1,
    "x": 148,
    "y": 148,
  },
  {
    "color": 3,
    "h": 1,
    "op": "rect",
    "rgb": "rgb(0, 0, 0)",
    "w": 1,
    "x": 186,
    "y": 148,
  },
  {
    "color": 3,
    "h": 1,
    "op": "rect",
    "rgb": "rgb(0, 0, 0)",
    "w": 1,
    "x": 148,
    "y": 186,
  },
  {
    "align": "center",
    "baseline": "mathematical",
    "color": 7,
    "fontType": "variable",
    "op": "text",
    "rgb": "rgb(105, 105, 211)",
    "size": 13,
    "text": "2",
    "x": 157,
    "y": 161,
  },
  {
    "align": "center",
    "baseline": "mathematical",
    "color": 7,
    "fontType": "variable",
    "op": "text",
    "rgb": "rgb(105, 105, 211)",
    "size": 13,
    "text": "5",
    "x": 169,
    "y": 161,
  },
  {
    "op": "unclip",
  },
  {
    "h": 40,
    "op": "clip",
    "w": 40,
    "x": 188,
    "y": 148,
  },
  {
    "color": 0,
    "h": 38,
    "op": "rect",
    "rgb": "rgb(211, 211, 211)",
    "w": 37,
    "x": 188,
    "y": 149,
  },
  {
    "color": 3,
    "h": 1,
    "op": "rect",
    "rgb": "rgb(0, 0, 0)",
    "w": 1,
    "x": 188,
    "y": 148,
  },
  {
    "color": 3,
    "h": 1,
    "op": "rect",
    "rgb": "rgb(0, 0, 0)",
    "w": 1,
    "x": 226,
    "y": 148,
  },
  {
    "color": 3,
    "h": 1,
    "op": "rect",
    "rgb": "rgb(0, 0, 0)",
    "w": 1,
    "x": 188,
    "y": 186,
  },
  {
    "color": 3,
    "h": 1,
    "op": "rect",
    "rgb": "rgb(0, 0, 0)",
    "w": 1,
    "x": 226,
    "y": 186,
  },
  {
    "align": "center",
    "baseline": "mathematical",
    "color": 7,
    "fontType": "variable",
    "op": "text",
    "rgb": "rgb(105, 105, 211)",
    "size": 13,
    "text": "1",
    "x": 196,
    "y": 161,
  },
  {
    "align": "center",
    "baseline": "mathematical",
    "color": 7,
    "fontType": "variable",
    "op": "text",
    "rgb": "rgb(105, 105, 211)",
    "size": 13,
    "text": "2",
    "x": 208,
    "y": 161,
  },
  {
    "align": "center",
    "baseline": "mathematical",
    "color": 7,
    "fontType": "variable",
    "op": "text",
    "rgb": "rgb(105, 105, 211)",
    "size": 13,
    "text": "5",
    "x": 219,
    "y": 161,
  },
  {
    "op": "unclip",
  },
  {
    "h": 40,
    "op": "clip",
    "w": 40,
    "x": 228,
    "y": 148,
  },
  {
    "color": 0,
    "h": 38,
    "op": "rect",
    "rgb": "rgb(211, 211, 211)",
    "w": 36,
    "x": 229,
    "y": 149,
  },
  {
    "color": 3,
    "h": 1,
    "op": "rect",
    "rgb": "rgb(0, 0, 0)",
    "w": 1,
    "x": 228,
    "y": 148,
  },
  {
    "color": 3,
    "h": 1,
    "op": "rect",
    "rgb": "rgb(0, 0, 0)",
    "w": 1,
    "x": 228,
    "y": 186,
  },
  {
    "align": "center",
    "baseline": "mathematical",
    "color": 7,
    "fontType": "variable",
    "op": "text",
    "rgb": "rgb(105, 105, 211)",
    "size": 13,
    "text": "1",
    "x": 237,
    "y": 161,
  },
  {
    "align": "center",
    "baseline": "mathematical",
    "color": 7,
    "fontType": "variable",
    "op": "text",
    "rgb": "rgb(105, 105, 211)",
    "size": 13,
    "text": "2",
    "x": 249,
    "y": 161,
  },
  {
    "op": "unclip",
  },
  {
    "h": 40,
    "op": "clip",
    "w": 40,
    "x": 28,
    "y": 188,
  },
  {
    "color": 0,
    "h": 39,
    "op": "rect",
    "rgb": "rgb(211, 211, 211)",
    "w": 36,
    "x": 29,
    "y": 188,
  },
  {
    "color": 3,
    "h": 1,
    "op": "rect",
    "rgb": "rgb(0, 0, 0)",
    "w": 1,
    "x": 66,
    "y": 188,
  },
  {
    "color": 3,
    "h": 1,
    "op": "rect",
    "rgb": "rgb(0, 0, 0)",
    "w": 1,
    "x": 66,
    "y": 226,
  },
  {
    "align": "center",
    "baseline": "mathematical",
    "color": 4,
    "fontType": "variable",
    "op": "text",
    "rgb": "rgb(0, 0, 0)",
    "size": 20,
    "text": "5",
    "x": 48,
    "y": 208,
  },
  {
    "op": "unclip",
  },
  {
    "h": 40,
    "op": "clip",
    "w": 40,
    "x": 68,
    "y": 188,
  },
  {
    "color": 0,
    "h": 39,
    "op": "rect",
    "rgb": "rgb(211, 211, 211)",
    "w": 36,
    "x": 69,
    "y": 188,
  },
  {
    "color": 3,
    "h": 1,
    "op": "rect",
    "rgb": "rgb(0, 0, 0)",
    "w": 1,
    "x": 68,
    "y": 188,
  },
  {
    "color": 3,
    "h": 1,
    "op": "rect",
    "rgb": "rgb(0, 0, 0)",
    "w": 1,
    "x": 106,
    "y": 188,
  },
  {
    "color": 3,
    "h": 1,
    "op": "rect",
    "rgb": "rgb(0, 0, 0)",
    "w": 1,
    "x": 68,
    "y": 226,
  },
  {
    "align": "center",
    "baseline": "mathematical",
    "color": 5,
    "fontType": "variable",
    "op": "text",
    "rgb": "rgb(0, 127, 0)",
    "size": 20,
    "text": "3",
    "x": 88,
    "y": 208,
  },
  {
    "op": "unclip",
  },
  {
    "h": 40,
    "op": "clip",
    "w": 40,
    "x": 108,
    "y": 188,
  },
  {
    "color": 0,
    "h": 36,
    "op": "rect",
    "rgb": "rgb(211, 211, 211)",
    "w": 38,
    "x": 109,
    "y": 189,
  },
  {
    "color": 3,
    "h": 1,
    "op": "rect",
    "rgb": "rgb(0, 0, 0)",
    "w": 1,
    "x": 108,
    "y": 188,
  },
  {
    "color": 3,
    "h": 1,
    "op": "rect",
    "rgb": "rgb(0, 0, 0)",
    "w": 1,
    "x": 146,
    "y": 188,
  },
  {
    "color": 3,
    "h": 1,
    "op": "rect",
    "rgb": "rgb(0, 0, 0)",
    "w": 1,
    "x": 108,
    "y": 226,
  },
  {
    "color": 3,
    "h": 1,
    "op": "rect",
    "rgb": "rgb(0, 0, 0)",
    "w": 1,
    "x": 146,
    "y": 226,
  },
  {
    "align": "center",
    "baseline": "mathematical",
    "color": 5,
    "fontType": "variable",
    "op": "text",
    "rgb": "rgb(0, 127, 0)",
    "size": 20,
    "text": "2",
    "x": 128,
    "y": 208,
  },
  {
    "op": "unclip",
  },
  {
    "h": 40,
    "op": "clip",
    "w": 40,
    "x": 148,
    "y": 188,
  },
  {
    "color": 0,
    "h": 36,
    "op": "rect",
    "rgb": "rgb(211, 211, 211)",
    "w": 37,
    "x": 148,
    "y": 189,
  },
  {
    "color": 3,
    "h": 1,
    "op": "rect",
    "rgb": "rgb(0, 0, 0)",
    "w": 1,
    "x": 148,
    "y": 188,
  },
  {
    "color": 3,
    "h": 1,
    "op": "rect",
    "rgb": "rgb(0, 0, 0)",
    "w": 1,
    "x": 186,
    "y": 188,
  },
  {
    "color": 3,
    "h": 1,
    "op": "rect",
    "rgb": "rgb(0, 0, 0)",
    "w": 1,
    "x": 148,
    "y": 226,
  },
  {
    "color": 3,
    "h": 1,
    "op": "rect",
    "rgb": "rgb(0, 0, 0)",
    "w": 1,
    "x": 186,
    "y": 226,
  },
  {
    "align": "center",
    "baseline": "mathematical",
    "color": 5,
    "fontType": "variable",
    "op": "text",
    "rgb": "rgb(0, 127, 0)",
    "size": 20,
    "text": "1",
    "x": 168,
    "y": 208,
  },
  {
    "op": "unclip",
  },
  {
    "h": 40,
    "op": "clip",
    "w": 40,
    "x": 188,
    "y": 188,
  },
  {
    "color": 0,
    "h": 39,
    "op": "rect",
    "rgb": "rgb(211, 211, 211)",
    "w": 36,
    "x": 189,
    "y": 188,
  },
  {
    "color": 3,
    "h": 1,
    "op": "rect",
    "rgb": "rgb(0, 0, 0)",
    "w": 1,
    "x": 226,
    "y": 188,
  },
  {
    "color": 3,
    "h": 1,
    "op": "rect",
    "rgb": "rgb(0, 0, 0)",
    "w": 1,
    "x": 226,
    "y": 226,
  },
  {
    "align": "center",
    "baseline": "mathematical",
    "color": 5,
    "fontType": "variable",
    "op": "text",
    "rgb": "rgb(0, 127, 0)",
    "size": 20,
    "text": "4",
    "x": 208,
    "y": 208,
  },
  {
    "op": "unclip",
  },
  {
    "h": 40,
    "op": "clip",
    "w": 40,
    "x": 228,
    "y": 188,
  },
  {
    "color": 0,
    "h": 39,
    "op": "rect",
    "rgb": "rgb(211, 211, 211)",
    "w": 36,
    "x": 229,
    "y": 188,
  },
  {
    "color": 3,
    "h": 1,
    "op": "rect",
    "rgb": "rgb(0, 0, 0)",
    "w": 1,
    "x": 228,
    "y": 188,
  },
  {
    "color": 3,
    "h": 1,
    "op": "rect",
    "rgb": "rgb(0, 0, 0)",
    "w": 1,
    "x": 228,
    "y": 226,
  },
  {
    "align": "center",
    "baseline": "mathematical",
    "color": 5,
    "fontType": "variable",
    "op": "text",
    "rgb": "rgb(0, 127, 0)",
    "size": 20,
    "text": "3",
    "x": 248,
    "y": 208,
  },
  {
    "op": "unclip",
  },
  {
    "h": 40,
    "op": "clip",
    "w": 40,
    "x": 28,
    "y": 228,
  },
  {
    "color": 0,
    "h": 37,
    "op": "rect",
    "rgb": "rgb(211, 211, 211)",
    "w": 36,
    "x": 29,
    "y": 228,
  },
  {
    "color": 3,
    "h": 1,
    "op": "rect",
    "rgb": "rgb(0, 0, 0)",
    "w": 1,
    "x": 66,
    "y": 228,
  },
  {
    "align": "center",
    "baseline": "mathematical",
    "color": 5,
    "fontType": "variable",
    "op": "text",
    "rgb": "rgb(0, 127, 0)",
    "size": 20,
    "text": "4",
    "x": 48,
    "y": 248,
  },
  {
    "op": "unclip",
  },
  {
    "h": 40,
    "op": "clip",
    "w": 40,
    "x": 68,
    "y": 228,
  },
  {
    "color": 0,
    "h": 37,
    "op": "rect",
    "rgb": "rgb(211, 211, 211)",
    "w": 38,
    "x": 69,
    "y": 228,
  },
  {
    "color": 3,
    "h": 1,
    "op": "rect",
    "rgb": "rgb(0, 0, 0)",
    "w": 1,
    "x": 68,
    "y": 228,
  },
  {
    "color": 3,
    "h": 1,
    "op": "rect",
    "rgb": "rgb(0, 0, 0)",
    "w": 1,
    "x": 106,
    "y": 228,
  },
  {
    "align": "center",
    "baseline": "mathematical",
    "color": 4,
    "fontType": "variable",
    "op": "text",
    "rgb": "rgb(0, 0, 0)",
    "size": 20,
    "text": "2",
    "x": 88,
    "y": 248,
  },
  {
    "op": "unclip",
  },
  {
    "h": 40,
    "op": "clip",
    "w": 40,
    "x": 108,
    "y": 228,
  },
  {
    "color": 0,
    "h": 36,
    "op": "rect",
    "rgb": "rgb(211, 211, 211)",
    "w": 37,
    "x": 108,
    "y": 229,
  },
  {
    "color": 3,
    "h": 1,
    "op": "rect",
    "rgb": "rgb(0, 0, 0)",
    "w": 1,
    "x": 146,
    "y": 228,
  },
  {
    "align": "center",
    "baseline": "mathematical",
    "color": 5,
    "fontType": "variable",
    "op": "text",
    "rgb": "rgb(0, 127, 0)",
    "size": 20,
    "text": "1",
    "x": 128,
    "y": 248,
  },
  {
    "op": "unclip",
  },
  {
    "h": 40,
    "op": "clip",
    "w": 40,
    "x": 148,
    "y": 228,
  },
  {
    "color": 0,
    "h": 36,
    "op": "rect",
    "rgb": "rgb(211, 211, 211)",
    "w": 38,
    "x": 149,
    "y": 229,
  },
  {
    "color": 3,
    "h": 1,
    "op": "rect",
    "rgb": "rgb(0, 0, 0)",
    "w": 1,
    "x": 148,
    "y": 228,
  },
  {
    "align": "center",
    "baseline": "mathematical",
    "color": 5,
    "fontType": "variable",
    "op": "text",
    "rgb": "rgb(0, 127, 0)",
    "size": 20,
    "text": "3",
    "x": 168,
    "y": 248,
  },
  {
    "op": "unclip",
  },
  {
    "h": 40,
    "op": "clip",
    "w": 40,
    "x": 188,
    "y": 228,
  },
  {
    "color": 0,
    "h": 37,
    "op": "rect",
    "rgb": "rgb(211, 211, 211)",
    "w": 37,
    "x": 188,
    "y": 228,
  },
  {
    "color": 3,
    "h": 1,
    "op": "rect",
    "rgb": "rgb(0, 0, 0)",
    "w": 1,
    "x": 188,
    "y": 228,
  },
  {
    "color": 3,
    "h": 1,
    "op": "rect",
    "rgb": "rgb(0, 0, 0)",
    "w": 1,
    "x": 226,
    "y": 228,
  },
  {
    "align": "center",
    "baseline": "mathematical",
    "color": 7,
    "fontType": "variable",
    "op": "text",
    "rgb": "rgb(105, 105, 211)",
    "size": 13,
    "text": "1",
    "x": 196,
    "y": 240,
  },
  {
    "align": "center",
    "baseline": "mathematical",
    "color": 7,
    "fontType": "variable",
    "op": "text",
    "rgb": "rgb(105, 105, 211)",
    "size": 13,
    "text": "2",
    "x": 208,
    "y": 240,
  },
  {
    "align": "center",
    "baseline": "mathematical",
    "color": 7,
    "fontType": "variable",
    "op": "text",
    "rgb": "rgb(105, 105, 211)",
    "size": 13,
    "text": "5",
    "x": 219,
    "y": 240,
  },
  {
    "op": "unclip",
  },
  {
    "h": 40,
    "op": "clip",
    "w": 40,
    "x": 228,
    "y": 228,
  },
  {
    "color": 0,
    "h": 37,
    "op": "rect",
    "rgb": "rgb(211, 211, 211)",
    "w": 36,
    "x": 229,
    "y": 228,
  },
  {
    "color": 3,
    "h": 1,
    "op": "rect",
    "rgb": "rgb(0, 0, 0)",
    "w": 1,
    "x": 228,
    "y": 228,
  },
  {
    "align": "center",
    "baseline": "mathematical",
    "color": 7,
    "fontType": "variable",
    "op": "text",
    "rgb": "rgb(105, 105, 211)",
    "size": 13,
    "text": "1",
    "x": 237,
    "y": 240,
  },
  {
    "align": "center",
    "baseline": "mathematical",
    "color": 7,
    "fontType": "variable",
    "op": "text",
    "rgb": "rgb(105, 105, 211)",
    "size": 13,
    "text": "2",
    "x": 249,
    "y": 240,
  },
  {
    "op": "unclip",
  },
  {
    "color": 10,
    "h": 2,
    "op": "rect",
    "rgb": "rgb(21, 113, 233)",
    "w": 37,
    "x": 108,
    "y": 29,
  },
  {
    "color": 10,
    "h": 36,
    "op": "rect",
    "rgb": "rgb(21, 113, 233)",
    "w": 2,
    "x": 108,
    "y": 29,
  },
  {
    "color": 10,
    "h": 2,
    "op": "rect",
    "rgb": "rgb(21, 113, 233)",
    "w": 37,
    "x": 108,
    "y": 63,
  },
  {
    "color": 10,
    "h": 36,
    "op": "rect",
    "rgb": "rgb(21, 113, 233)",
    "w": 2,
    "x": 143,
    "y": 29,
  },
  {
    "color": 0,
    "h": 20,
    "op": "rect",
    "rgb": "rgb(211, 211, 211)",
    "w": 20,
    "x": 271,
    "y": 3,
  },
]
`;
