// Vitest Snapshot v1, https://vitest.dev/guide/snapshot.html

exports[`the frames a hint draws > rings each struck cell, outlines the starved area, and strikes each note through 1`] = `
[
  {
    "color": 0,
    "h": 242,
    "op": "rect",
    "rgb": "rgb(211, 211, 211)",
    "w": 262,
    "x": 0,
    "y": 0,
  },
  {
    "color": 3,
    "h": 242,
    "op": "rect",
    "rgb": "rgb(0, 0, 0)",
    "w": 242,
    "x": 0,
    "y": 0,
  },
  {
    "h": 40,
    "op": "clip",
    "w": 40,
    "x": 2,
    "y": 2,
  },
  {
    "color": 0,
    "h": 36,
    "op": "rect",
    "rgb": "rgb(211, 211, 211)",
    "w": 38,
    "x": 3,
    "y": 3,
  },
  {
    "color": 3,
    "h": 1,
    "op": "rect",
    "rgb": "rgb(0, 0, 0)",
    "w": 1,
    "x": 40,
    "y": 40,
  },
  {
    "align": "center",
    "baseline": "mathematical",
    "color": 7,
    "fontType": "variable",
    "op": "text",
    "rgb": "rgb(105, 105, 211)",
    "size": 13,
    "text": "1",
    "x": 11,
    "y": 15,
  },
  {
    "align": "center",
    "baseline": "mathematical",
    "color": 7,
    "fontType": "variable",
    "op": "text",
    "rgb": "rgb(105, 105, 211)",
    "size": 13,
    "text": "2",
    "x": 23,
    "y": 15,
  },
  {
    "op": "unclip",
  },
  {
    "h": 40,
    "op": "clip",
    "w": 40,
    "x": 42,
    "y": 2,
  },
  {
    "color": 0,
    "h": 36,
    "op": "rect",
    "rgb": "rgb(211, 211, 211)",
    "w": 39,
    "x": 42,
    "y": 3,
  },
  {
    "color": 3,
    "h": 1,
    "op": "rect",
    "rgb": "rgb(0, 0, 0)",
    "w": 1,
    "x": 42,
    "y": 40,
  },
  {
    "color": 3,
    "h": 1,
    "op": "rect",
    "rgb": "rgb(0, 0, 0)",
    "w": 1,
    "x": 80,
    "y": 40,
  },
  {
    "align": "center",
    "baseline": "mathematical",
    "color": 5,
    "fontType": "variable",
    "op": "text",
    "rgb": "rgb(0, 127, 0)",
    "size": 20,
    "text": "3",
    "x": 62,
    "y": 22,
  },
  {
    "op": "unclip",
  },
  {
    "h": 40,
    "op": "clip",
    "w": 40,
    "x": 82,
    "y": 2,
  },
  {
    "color": 0,
    "h": 36,
    "op": "rect",
    "rgb": "rgb(211, 211, 211)",
    "w": 37,
    "x": 82,
    "y": 3,
  },
  {
    "color": 3,
    "h": 1,
    "op": "rect",
    "rgb": "rgb(0, 0, 0)",
    "w": 1,
    "x": 82,
    "y": 40,
  },
  {
    "color": 3,
    "h": 1,
    "op": "rect",
    "rgb": "rgb(0, 0, 0)",
    "w": 1,
    "x": 120,
    "y": 40,
  },
  {
    "align": "center",
    "baseline": "mathematical",
    "color": 7,
    "fontType": "variable",
    "op": "text",
    "rgb": "rgb(105, 105, 211)",
    "size": 13,
    "text": "1",
    "x": 90,
    "y": 15,
  },
  {
    "align": "center",
    "baseline": "mathematical",
    "color": 7,
    "fontType": "variable",
    "op": "text",
    "rgb": "rgb(105, 105, 211)",
    "size": 13,
    "text": "2",
    "x": 102,
    "y": 15,
  },
  {
    "color": 7,
    "op": "line",
    "rgb": "rgb(105, 105, 211)",
    "thickness": 2,
    "x1": 98,
    "x2": 106,
    "y1": 15,
    "y2": 15,
  },
  {
    "op": "unclip",
  },
  {
    "h": 40,
    "op": "clip",
    "w": 40,
    "x": 122,
    "y": 2,
  },
  {
    "color": 0,
    "h": 36,
    "op": "rect",
    "rgb": "rgb(211, 211, 211)",
    "w": 38,
    "x": 123,
    "y": 3,
  },
  {
    "color": 3,
    "h": 1,
    "op": "rect",
    "rgb": "rgb(0, 0, 0)",
    "w": 1,
    "x": 122,
    "y": 40,
  },
  {
    "color": 3,
    "h": 1,
    "op": "rect",
    "rgb": "rgb(0, 0, 0)",
    "w": 1,
    "x": 160,
    "y": 40,
  },
  {
    "align": "center",
    "baseline": "mathematical",
    "color": 7,
    "fontType": "variable",
    "op": "text",
    "rgb": "rgb(105, 105, 211)",
    "size": 13,
    "text": "1",
    "x": 131,
    "y": 15,
  },
  {
    "align": "center",
    "baseline": "mathematical",
    "color": 7,
    "fontType": "variable",
    "op": "text",
    "rgb": "rgb(105, 105, 211)",
    "size": 13,
    "text": "2",
    "x": 143,
    "y": 15,
  },
  {
    "op": "unclip",
  },
  {
    "h": 40,
    "op": "clip",
    "w": 40,
    "x": 162,
    "y": 2,
  },
  {
    "color": 0,
    "h": 36,
    "op": "rect",
    "rgb": "rgb(211, 211, 211)",
    "w": 39,
    "x": 162,
    "y": 3,
  },
  {
    "color": 3,
    "h": 1,
    "op": "rect",
    "rgb": "rgb(0, 0, 0)",
    "w": 1,
    "x": 162,
    "y": 40,
  },
  {
    "color": 3,
    "h": 1,
    "op": "rect",
    "rgb": "rgb(0, 0, 0)",
    "w": 1,
    "x": 200,
    "y": 40,
  },
  {
    "align": "center",
    "baseline": "mathematical",
    "color": 7,
    "fontType": "variable",
    "op": "text",
    "rgb": "rgb(105, 105, 211)",
    "size": 13,
    "text": "1",
    "x": 170,
    "y": 15,
  },
  {
    "align": "center",
    "baseline": "mathematical",
    "color": 7,
    "fontType": "variable",
    "op": "text",
    "rgb": "rgb(105, 105, 211)",
    "size": 13,
    "text": "2",
    "x": 182,
    "y": 15,
  },
  {
    "op": "unclip",
  },
  {
    "h": 40,
    "op": "clip",
    "w": 40,
    "x": 202,
    "y": 2,
  },
  {
    "color": 0,
    "h": 36,
    "op": "rect",
    "rgb": "rgb(211, 211, 211)",
    "w": 37,
    "x": 202,
    "y": 3,
  },
  {
    "color": 3,
    "h": 1,
    "op": "rect",
    "rgb": "rgb(0, 0, 0)",
    "w": 1,
    "x": 202,
    "y": 40,
  },
  {
    "align": "center",
    "baseline": "mathematical",
    "color": 5,
    "fontType": "variable",
    "op": "text",
    "rgb": "rgb(0, 127, 0)",
    "size": 20,
    "text": "3",
    "x": 222,
    "y": 22,
  },
  {
    "op": "unclip",
  },
  {
    "h": 40,
    "op": "clip",
    "w": 40,
    "x": 2,
    "y": 42,
  },
  {
    "color": 0,
    "h": 36,
    "op": "rect",
    "rgb": "rgb(211, 211, 211)",
    "w": 38,
    "x": 3,
    "y": 43,
  },
  {
    "color": 3,
    "h": 1,
    "op": "rect",
    "rgb": "rgb(0, 0, 0)",
    "w": 1,
    "x": 40,
    "y": 42,
  },
  {
    "color": 3,
    "h": 1,
    "op": "rect",
    "rgb": "rgb(0, 0, 0)",
    "w": 1,
    "x": 40,
    "y": 80,
  },
  {
    "align": "center",
    "baseline": "mathematical",
    "color": 7,
    "fontType": "variable",
    "op": "text",
    "rgb": "rgb(105, 105, 211)",
    "size": 13,
    "text": "1",
    "x": 11,
    "y": 55,
  },
  {
    "align": "center",
    "baseline": "mathematical",
    "color": 7,
    "fontType": "variable",
    "op": "text",
    "rgb": "rgb(105, 105, 211)",
    "size": 13,
    "text": "2",
    "x": 23,
    "y": 55,
  },
  {
    "op": "unclip",
  },
  {
    "h": 40,
    "op": "clip",
    "w": 40,
    "x": 42,
    "y": 42,
  },
  {
    "color": 0,
    "h": 36,
    "op": "rect",
    "rgb": "rgb(211, 211, 211)",
    "w": 39,
    "x": 42,
    "y": 43,
  },
  {
    "color": 3,
    "h": 1,
    "op": "rect",
    "rgb": "rgb(0, 0, 0)",
    "w": 1,
    "x": 42,
    "y": 42,
  },
  {
    "color": 3,
    "h": 1,
    "op": "rect",
    "rgb": "rgb(0, 0, 0)",
    "w": 1,
    "x": 80,
    "y": 42,
  },
  {
    "color": 3,
    "h": 1,
    "op": "rect",
    "rgb": "rgb(0, 0, 0)",
    "w": 1,
    "x": 42,
    "y": 80,
  },
  {
    "align": "center",
    "baseline": "mathematical",
    "color": 7,
    "fontType": "variable",
    "op": "text",
    "rgb": "rgb(105, 105, 211)",
    "size": 13,
    "text": "1",
    "x": 50,
    "y": 55,
  },
  {
    "align": "center",
    "baseline": "mathematical",
    "color": 7,
    "fontType": "variable",
    "op": "text",
    "rgb": "rgb(105, 105, 211)",
    "size": 13,
    "text": "2",
    "x": 62,
    "y": 55,
  },
  {
    "align": "center",
    "baseline": "mathematical",
    "color": 7,
    "fontType": "variable",
    "op": "text",
    "rgb": "rgb(105, 105, 211)",
    "size": 13,
    "text": "5",
    "x": 73,
    "y": 55,
  },
  {
    "op": "unclip",
  },
  {
    "h": 40,
    "op": "clip",
    "w": 40,
    "x": 82,
    "y": 42,
  },
  {
    "color": 0,
    "h": 38,
    "op": "rect",
    "rgb": "rgb(211, 211, 211)",
    "w": 37,
    "x": 82,
    "y": 43,
  },
  {
    "color": 3,
    "h": 1,
    "op": "rect",
    "rgb": "rgb(0, 0, 0)",
    "w": 1,
    "x": 82,
    "y": 42,
  },
  {
    "color": 3,
    "h": 1,
    "op": "rect",
    "rgb": "rgb(0, 0, 0)",
    "w": 1,
    "x": 120,
    "y": 42,
  },
  {
    "color": 3,
    "h": 1,
    "op": "rect",
    "rgb": "rgb(0, 0, 0)",
    "w": 1,
    "x": 82,
    "y": 80,
  },
  {
    "color": 3,
    "h": 1,
    "op": "rect",
    "rgb": "rgb(0, 0, 0)",
    "w": 1,
    "x": 120,
    "y": 80,
  },
  {
    "align": "center",
    "baseline": "mathematical",
    "color": 7,
    "fontType": "variable",
    "op": "text",
    "rgb": "rgb(105, 105, 211)",
    "size": 13,
    "text": "1",
    "x": 90,
    "y": 55,
  },
  {
    "align": "center",
    "baseline": "mathematical",
    "color": 7,
    "fontType": "variable",
    "op": "text",
    "rgb": "rgb(105, 105, 211)",
    "size": 13,
    "text": "2",
    "x": 102,
    "y": 55,
  },
  {
    "align": "center",
    "baseline": "mathematical",
    "color": 7,
    "fontType": "variable",
    "op": "text",
    "rgb": "rgb(105, 105, 211)",
    "size": 13,
    "text": "5",
    "x": 113,
    "y": 55,
  },
  {
    "op": "unclip",
  },
  {
    "h": 40,
    "op": "clip",
    "w": 40,
    "x": 122,
    "y": 42,
  },
  {
    "color": 0,
    "h": 38,
    "op": "rect",
    "rgb": "rgb(211, 211, 211)",
    "w": 38,
    "x": 123,
    "y": 43,
  },
  {
    "color": 3,
    "h": 1,
    "op": "rect",
    "rgb": "rgb(0, 0, 0)",
    "w": 1,
    "x": 122,
    "y": 42,
  },
  {
    "color": 3,
    "h": 1,
    "op": "rect",
    "rgb": "rgb(0, 0, 0)",
    "w": 1,
    "x": 160,
    "y": 42,
  },
  {
    "color": 3,
    "h": 1,
    "op": "rect",
    "rgb": "rgb(0, 0, 0)",
    "w": 1,
    "x": 122,
    "y": 80,
  },
  {
    "color": 3,
    "h": 1,
    "op": "rect",
    "rgb": "rgb(0, 0, 0)",
    "w": 1,
    "x": 160,
    "y": 80,
  },
  {
    "align": "center",
    "baseline": "mathematical",
    "color": 5,
    "fontType": "variable",
    "op": "text",
    "rgb": "rgb(0, 127, 0)",
    "size": 20,
    "text": "3",
    "x": 142,
    "y": 62,
  },
  {
    "op": "unclip",
  },
  {
    "h": 40,
    "op": "clip",
    "w": 40,
    "x": 162,
    "y": 42,
  },
  {
    "color": 0,
    "h": 36,
    "op": "rect",
    "rgb": "rgb(211, 211, 211)",
    "w": 37,
    "x": 162,
    "y": 43,
  },
  {
    "color": 3,
    "h": 1,
    "op": "rect",
    "rgb": "rgb(0, 0, 0)",
    "w": 1,
    "x": 162,
    "y": 42,
  },
  {
    "color": 3,
    "h": 1,
    "op": "rect",
    "rgb": "rgb(0, 0, 0)",
    "w": 1,
    "x": 200,
    "y": 42,
  },
  {
    "color": 3,
    "h": 1,
    "op": "rect",
    "rgb": "rgb(0, 0, 0)",
    "w": 1,
    "x": 200,
    "y": 80,
  },
  {
    "align": "center",
    "baseline": "mathematical",
    "color": 7,
    "fontType": "variable",
    "op": "text",
    "rgb": "rgb(105, 105, 211)",
    "size": 13,
    "text": "1",
    "x": 170,
    "y": 55,
  },
  {
    "align": "center",
    "baseline": "mathematical",
    "color": 7,
    "fontType": "variable",
    "op": "text",
    "rgb": "rgb(105, 105, 211)",
    "size": 13,
    "text": "2",
    "x": 182,
    "y": 55,
  },
  {
    "op": "unclip",
  },
  {
    "h": 40,
    "op": "clip",
    "w": 40,
    "x": 202,
    "y": 42,
  },
  {
    "color": 0,
    "h": 38,
    "op": "rect",
    "rgb": "rgb(211, 211, 211)",
    "w": 36,
    "x": 203,
    "y": 43,
  },
  {
    "color": 3,
    "h": 1,
    "op": "rect",
    "rgb": "rgb(0, 0, 0)",
    "w": 1,
    "x": 202,
    "y": 42,
  },
  {
    "align": "center",
    "baseline": "mathematical",
    "color": 7,
    "fontType": "variable",
    "op": "text",
    "rgb": "rgb(105, 105, 211)",
    "size": 13,
    "text": "1",
    "x": 211,
    "y": 55,
  },
  {
    "align": "center",
    "baseline": "mathematical",
    "color": 7,
    "fontType": "variable",
    "op": "text",
    "rgb": "rgb(105, 105, 211)",
    "size": 13,
    "text": "2",
    "x": 223,
    "y": 55,
  },
  {
    "op": "unclip",
  },
  {
    "h": 40,
    "op": "clip",
    "w": 40,
    "x": 2,
    "y": 82,
  },
  {
    "color": 0,
    "h": 38,
    "op": "rect",
    "rgb": "rgb(211, 211, 211)",
    "w": 38,
    "x": 3,
    "y": 83,
  },
  {
    "color": 3,
    "h": 1,
    "op": "rect",
    "rgb": "rgb(0, 0, 0)",
    "w": 1,
    "x": 40,
    "y": 82,
  },
  {
    "color": 3,
    "h": 1,
    "op": "rect",
    "rgb": "rgb(0, 0, 0)",
    "w": 1,
    "x": 40,
    "y": 120,
  },
  {
    "align": "center",
    "baseline": "mathematical",
    "color": 5,
    "fontType": "variable",
    "op": "text",
    "rgb": "rgb(0, 127, 0)",
    "size": 20,
    "text": "3",
    "x": 22,
    "y": 102,
  },
  {
    "op": "unclip",
  },
  {
    "h": 40,
    "op": "clip",
    "w": 40,
    "x": 42,
    "y": 82,
  },
  {
    "color": 0,
    "h": 36,
    "op": "rect",
    "rgb": "rgb(211, 211, 211)",
    "w": 37,
    "x": 42,
    "y": 83,
  },
  {
    "color": 3,
    "h": 1,
    "op": "rect",
    "rgb": "rgb(0, 0, 0)",
    "w": 1,
    "x": 42,
    "y": 82,
  },
  {
    "color": 3,
    "h": 1,
    "op": "rect",
    "rgb": "rgb(0, 0, 0)",
    "w": 1,
    "x": 80,
    "y": 82,
  },
  {
    "color": 3,
    "h": 1,
    "op": "rect",
    "rgb": "rgb(0, 0, 0)",
    "w": 1,
    "x": 80,
    "y": 120,
  },
  {
    "align": "center",
    "baseline": "mathematical",
    "color": 7,
    "fontType": "variable",
    "op": "text",
    "rgb": "rgb(105, 105, 211)",
    "size": 13,
    "text": "1",
    "x": 50,
    "y": 95,
  },
  {
    "align": "center",
    "baseline": "mathematical",
    "color": 7,
    "fontType": "variable",
    "op": "text",
    "rgb": "rgb(105, 105, 211)",
    "size": 13,
    "text": "2",
    "x": 62,
    "y": 95,
  },
  {
    "op": "unclip",
  },
  {
    "h": 40,
    "op": "clip",
    "w": 40,
    "x": 82,
    "y": 82,
  },
  {
    "color": 0,
    "h": 39,
    "op": "rect",
    "rgb": "rgb(211, 211, 211)",
    "w": 36,
    "x": 83,
    "y": 82,
  },
  {
    "color": 3,
    "h": 1,
    "op": "rect",
    "rgb": "rgb(0, 0, 0)",
    "w": 1,
    "x": 120,
    "y": 82,
  },
  {
    "color": 3,
    "h": 1,
    "op": "rect",
    "rgb": "rgb(0, 0, 0)",
    "w": 1,
    "x": 82,
    "y": 120,
  },
  {
    "color": 3,
    "h": 1,
    "op": "rect",
    "rgb": "rgb(0, 0, 0)",
    "w": 1,
    "x": 120,
    "y": 120,
  },
  {
    "align": "center",
    "baseline": "mathematical",
    "color": 4,
    "fontType": "variable",
    "op": "text",
    "rgb": "rgb(0, 0, 0)",
    "size": 20,
    "text": "4",
    "x": 102,
    "y": 102,
  },
  {
    "op": "unclip",
  },
  {
    "h": 40,
    "op": "clip",
    "w": 40,
    "x": 122,
    "y": 82,
  },
  {
    "color": 0,
    "h": 37,
    "op": "rect",
    "rgb": "rgb(211, 211, 211)",
    "w": 36,
    "x": 123,
    "y": 82,
  },
  {
    "color": 3,
    "h": 1,
    "op": "rect",
    "rgb": "rgb(0, 0, 0)",
    "w": 1,
    "x": 122,
    "y": 82,
  },
  {
    "color": 3,
    "h": 1,
    "op": "rect",
    "rgb": "rgb(0, 0, 0)",
    "w": 1,
    "x": 122,
    "y": 120,
  },
  {
    "color": 3,
    "h": 1,
    "op": "rect",
    "rgb": "rgb(0, 0, 0)",
    "w": 1,
    "x": 160,
    "y": 120,
  },
  {
    "align": "center",
    "baseline": "mathematical",
    "color": 7,
    "fontType": "variable",
    "op": "text",
    "rgb": "rgb(105, 105, 211)",
    "size": 13,
    "text": "1",
    "x": 131,
    "y": 94,
  },
  {
    "align": "center",
    "baseline": "mathematical",
    "color": 7,
    "fontType": "variable",
    "op": "text",
    "rgb": "rgb(105, 105, 211)",
    "size": 13,
    "text": "2",
    "x": 143,
    "y": 94,
  },
  {
    "op": "unclip",
  },
  {
    "h": 40,
    "op": "clip",
    "w": 40,
    "x": 162,
    "y": 82,
  },
  {
    "color": 0,
    "h": 36,
    "op": "rect",
    "rgb": "rgb(211, 211, 211)",
    "w": 38,
    "x": 163,
    "y": 83,
  },
  {
    "color": 3,
    "h": 1,
    "op": "rect",
    "rgb": "rgb(0, 0, 0)",
    "w": 1,
    "x": 162,
    "y": 82,
  },
  {
    "color": 3,
    "h": 1,
    "op": "rect",
    "rgb": "rgb(0, 0, 0)",
    "w": 1,
    "x": 162,
    "y": 120,
  },
  {
    "color": 3,
    "h": 1,
    "op": "rect",
    "rgb": "rgb(0, 0, 0)",
    "w": 1,
    "x": 200,
    "y": 120,
  },
  {
    "align": "center",
    "baseline": "mathematical",
    "color": 5,
    "fontType": "variable",
    "op": "text",
    "rgb": "rgb(0, 127, 0)",
    "size": 20,
    "text": "3",
    "x": 182,
    "y": 102,
  },
  {
    "op": "unclip",
  },
  {
    "h": 40,
    "op": "clip",
    "w": 40,
    "x": 202,
    "y": 82,
  },
  {
    "color": 0,
    "h": 37,
    "op": "rect",
    "rgb": "rgb(211, 211, 211)",
    "w": 37,
    "x": 202,
    "y": 82,
  },
  {
    "color": 3,
    "h": 1,
    "op": "rect",
    "rgb": "rgb(0, 0, 0)",
    "w": 1,
    "x": 202,
    "y": 82,
  },
  {
    "color": 3,
    "h": 1,
    "op": "rect",
    "rgb": "rgb(0, 0, 0)",
    "w": 1,
    "x": 202,
    "y": 120,
  },
  {
    "align": "center",
    "baseline": "mathematical",
    "color": 7,
    "fontType": "variable",
    "op": "text",
    "rgb": "rgb(105, 105, 211)",
    "size": 13,
    "text": "1",
    "x": 210,
    "y": 94,
  },
  {
    "align": "center",
    "baseline": "mathematical",
    "color": 7,
    "fontType": "variable",
    "op": "text",
    "rgb": "rgb(105, 105, 211)",
    "size": 13,
    "text": "2",
    "x": 222,
    "y": 94,
  },
  {
    "op": "unclip",
  },
  {
    "h": 40,
    "op": "clip",
    "w": 40,
    "x": 2,
    "y": 122,
  },
  {
    "color": 0,
    "h": 39,
    "op": "rect",
    "rgb": "rgb(211, 211, 211)",
    "w": 36,
    "x": 3,
    "y": 122,
  },
  {
    "color": 3,
    "h": 1,
    "op": "rect",
    "rgb": "rgb(0, 0, 0)",
    "w": 1,
    "x": 40,
    "y": 160,
  },
  {
    "align": "center",
    "baseline": "mathematical",
    "color": 7,
    "fontType": "variable",
    "op": "text",
    "rgb": "rgb(105, 105, 211)",
    "size": 13,
    "text": "1",
    "x": 11,
    "y": 134,
  },
  {
    "align": "center",
    "baseline": "mathematical",
    "color": 7,
    "fontType": "variable",
    "op": "text",
    "rgb": "rgb(105, 105, 211)",
    "size": 13,
    "text": "2",
    "x": 23,
    "y": 134,
  },
  {
    "op": "unclip",
  },
  {
    "h": 40,
    "op": "clip",
    "w": 40,
    "x": 42,
    "y": 122,
  },
  {
    "color": 0,
    "h": 38,
    "op": "rect",
    "rgb": "rgb(211, 211, 211)",
    "w": 36,
    "x": 43,
    "y": 123,
  },
  {
    "color": 3,
    "h": 1,
    "op": "rect",
    "rgb": "rgb(0, 0, 0)",
    "w": 1,
    "x": 42,
    "y": 122,
  },
  {
    "color": 3,
    "h": 1,
    "op": "rect",
    "rgb": "rgb(0, 0, 0)",
    "w": 1,
    "x": 80,
    "y": 122,
  },
  {
    "color": 3,
    "h": 1,
    "op": "rect",
    "rgb": "rgb(0, 0, 0)",
    "w": 1,
    "x": 42,
    "y": 160,
  },
  {
    "color": 3,
    "h": 1,
    "op": "rect",
    "rgb": "rgb(0, 0, 0)",
    "w": 1,
    "x": 80,
    "y": 160,
  },
  {
    "align": "center",
    "baseline": "mathematical",
    "color": 5,
    "fontType": "variable",
    "op": "text",
    "rgb": "rgb(0, 127, 0)",
    "size": 20,
    "text": "4",
    "x": 62,
    "y": 142,
  },
  {
    "op": "unclip",
  },
  {
    "h": 40,
    "op": "clip",
    "w": 40,
    "x": 82,
    "y": 122,
  },
  {
    "color": 0,
    "h": 37,
    "op": "rect",
    "rgb": "rgb(211, 211, 211)",
    "w": 36,
    "x": 83,
    "y": 122,
  },
  {
    "color": 3,
    "h": 1,
    "op": "rect",
    "rgb": "rgb(0, 0, 0)",
    "w": 1,
    "x": 82,
    "y": 122,
  },
  {
    "color": 3,
    "h": 1,
    "op": "rect",
    "rgb": "rgb(0, 0, 0)",
    "w": 1,
    "x": 120,
    "y": 122,
  },
  {
    "color": 3,
    "h": 1,
    "op": "rect",
    "rgb": "rgb(0, 0, 0)",
    "w": 1,
    "x": 82,
    "y": 160,
  },
  {
    "color": 3,
    "h": 1,
    "op": "rect",
    "rgb": "rgb(0, 0, 0)",
    "w": 1,
    "x": 120,
    "y": 160,
  },
  {
    "align": "center",
    "baseline": "mathematical",
    "color": 4,
    "fontType": "variable",
    "op": "text",
    "rgb": "rgb(0, 0, 0)",
    "size": 20,
    "text": "3",
    "x": 102,
    "y": 142,
  },
  {
    "op": "unclip",
  },
  {
    "h": 40,
    "op": "clip",
    "w": 40,
    "x": 122,
    "y": 122,
  },
  {
    "color": 0,
    "h": 36,
    "op": "rect",
    "rgb": "rgb(211, 211, 211)",
    "w": 38,
    "x": 123,
    "y": 123,
  },
  {
    "color": 3,
    "h": 1,
    "op": "rect",
    "rgb": "rgb(0, 0, 0)",
    "w": 1,
    "x": 122,
    "y": 122,
  },
  {
    "color": 3,
    "h": 1,
    "op": "rect",
    "rgb": "rgb(0, 0, 0)",
    "w": 1,
    "x": 160,
    "y": 122,
  },
  {
    "color": 3,
    "h": 1,
    "op": "rect",
    "rgb": "rgb(0, 0, 0)",
    "w": 1,
    "x": 122,
    "y": 160,
  },
  {
    "align": "center",
    "baseline": "mathematical",
    "color": 7,
    "fontType": "variable",
    "op": "text",
    "rgb": "rgb(105, 105, 211)",
    "size": 13,
    "text": "2",
    "x": 131,
    "y": 135,
  },
  {
    "align": "center",
    "baseline": "mathematical",
    "color": 7,
    "fontType": "variable",
    "op": "text",
    "rgb": "rgb(105, 105, 211)",
    "size": 13,
    "text": "5",
    "x": 143,
    "y": 135,
  },
  {
    "op": "unclip",
  },
  {
    "h": 40,
    "op": "clip",
    "w": 40,
    "x": 162,
    "y": 122,
  },
  {
    "color": 0,
    "h": 38,
    "op": "rect",
    "rgb": "rgb(211, 211, 211)",
    "w": 37,
    "x": 162,
    "y": 123,
  },
  {
    "color": 3,
    "h": 1,
    "op": "rect",
    "rgb": "rgb(0, 0, 0)",
    "w": 1,
    "x": 162,
    "y": 122,
  },
  {
    "color": 3,
    "h": 1,
    "op": "rect",
    "rgb": "rgb(0, 0, 0)",
    "w": 1,
    "x": 200,
    "y": 122,
  },
  {
    "color": 3,
    "h": 1,
    "op": "rect",
    "rgb": "rgb(0, 0, 0)",
    "w": 1,
    "x": 162,
    "y": 160,
  },
  {
    "color": 3,
    "h": 1,
    "op": "rect",
    "rgb": "rgb(0, 0, 0)",
    "w": 1,
    "x": 200,
    "y": 160,
  },
  {
    "align": "center",
    "baseline": "mathematical",
    "color": 7,
    "fontType": "variable",
    "op": "text",
    "rgb": "rgb(105, 105, 211)",
    "size": 13,
    "text": "1",
    "x": 170,
    "y": 135,
  },
  {
    "align": "center",
    "baseline": "mathematical",
    "color": 7,
    "fontType": "variable",
    "op": "text",
    "rgb": "rgb(105, 105, 211)",
    "size": 13,
    "text": "2",
    "x": 182,
    "y": 135,
  },
  {
    "align": "center",
    "baseline": "mathematical",
    "color": 7,
    "fontType": "variable",
    "op": "text",
    "rgb": "rgb(105, 105, 211)",
    "size": 13,
    "text": "5",
    "x": 193,
    "y": 135,
  },
  {
    "op": "unclip",
  },
  {
    "h": 40,
    "op": "clip",
    "w": 40,
    "x": 202,
    "y": 122,
  },
  {
    "color": 0,
    "h": 38,
    "op": "rect",
    "rgb": "rgb(211, 211, 211)",
    "w": 36,
    "x": 203,
    "y": 123,
  },
  {
    "color": 3,
    "h": 1,
    "op": "rect",
    "rgb": "rgb(0, 0, 0)",
    "w": 1,
    "x": 202,
    "y": 122,
  },
  {
    "color": 3,
    "h": 1,
    "op": "rect",
    "rgb": "rgb(0, 0, 0)",
    "w": 1,
    "x": 202,
    "y": 160,
  },
  {
    "align": "center",
    "baseline": "mathematical",
    "color": 7,
    "fontType": "variable",
    "op": "text",
    "rgb": "rgb(105, 105, 211)",
    "size": 13,
    "text": "1",
    "x": 211,
    "y": 135,
  },
  {
    "align": "center",
    "baseline": "mathematical",
    "color": 7,
    "fontType": "variable",
    "op": "text",
    "rgb": "rgb(105, 105, 211)",
    "size": 13,
    "text": "2",
    "x": 223,
    "y": 135,
  },
  {
    "op": "unclip",
  },
  {
    "h": 40,
    "op": "clip",
    "w": 40,
    "x": 2,
    "y": 162,
  },
  {
    "color": 0,
    "h": 39,
    "op": "rect",
    "rgb": "rgb(211, 211, 211)",
    "w": 36,
    "x": 3,
    "y": 162,
  },
  {
    "color": 3,
    "h": 1,
    "op": "rect",
    "rgb": "rgb(0, 0, 0)",
    "w": 1,
    "x": 40,
    "y": 162,
  },
  {
    "color": 3,
    "h": 1,
    "op": "rect",
    "rgb": "rgb(0, 0, 0)",
    "w": 1,
    "x": 40,
    "y": 200,
  },
  {
    "align": "center",
    "baseline": "mathematical",
    "color": 4,
    "fontType": "variable",
    "op": "text",
    "rgb": "rgb(0, 0, 0)",
    "size": 20,
    "text": "5",
    "x": 22,
    "y": 182,
  },
  {
    "op": "unclip",
  },
  {
    "h": 40,
    "op": "clip",
    "w": 40,
    "x": 42,
    "y": 162,
  },
  {
    "color": 0,
    "h": 39,
    "op": "rect",
    "rgb": "rgb(211, 211, 211)",
    "w": 36,
    "x": 43,
    "y": 162,
  },
  {
    "color": 3,
    "h": 1,
    "op": "rect",
    "rgb": "rgb(0, 0, 0)",
    "w": 1,
    "x": 42,
    "y": 162,
  },
  {
    "color": 3,
    "h": 1,
    "op": "rect",
    "rgb": "rgb(0, 0, 0)",
    "w": 1,
    "x": 80,
    "y": 162,
  },
  {
    "color": 3,
    "h": 1,
    "op": "rect",
    "rgb": "rgb(0, 0, 0)",
    "w": 1,
    "x": 42,
    "y": 200,
  },
  {
    "align": "center",
    "baseline": "mathematical",
    "color": 5,
    "fontType": "variable",
    "op": "text",
    "rgb": "rgb(0, 127, 0)",
    "size": 20,
    "text": "3",
    "x": 62,
    "y": 182,
  },
  {
    "op": "unclip",
  },
  {
    "h": 40,
    "op": "clip",
    "w": 40,
    "x": 82,
    "y": 162,
  },
  {
    "color": 0,
    "h": 36,
    "op": "rect",
    "rgb": "rgb(211, 211, 211)",
    "w": 38,
    "x": 83,
    "y": 163,
  },
  {
    "color": 3,
    "h": 1,
    "op": "rect",
    "rgb": "rgb(0, 0, 0)",
    "w": 1,
    "x": 82,
    "y": 162,
  },
  {
    "color": 3,
    "h": 1,
    "op": "rect",
    "rgb": "rgb(0, 0, 0)",
    "w": 1,
    "x": 120,
    "y": 162,
  },
  {
    "color": 3,
    "h": 1,
    "op": "rect",
    "rgb": "rgb(0, 0, 0)",
    "w": 1,
    "x": 82,
    "y": 200,
  },
  {
    "color": 3,
    "h": 1,
    "op": "rect",
    "rgb": "rgb(0, 0, 0)",
    "w": 1,
    "x": 120,
    "y": 200,
  },
  {
    "align": "center",
    "baseline": "mathematical",
    "color": 5,
    "fontType": "variable",
    "op": "text",
    "rgb": "rgb(0, 127, 0)",
    "size": 20,
    "text": "2",
    "x": 102,
    "y": 182,
  },
  {
    "op": "unclip",
  },
  {
    "h": 40,
    "op": "clip",
    "w": 40,
    "x": 122,
    "y": 162,
  },
  {
    "color": 0,
    "h": 36,
    "op": "rect",
    "rgb": "rgb(211, 211, 211)",
    "w": 37,
    "x": 122,
    "y": 163,
  },
  {
    "color": 3,
    "h": 1,
    "op": "rect",
    "rgb": "rgb(0, 0, 0)",
    "w": 1,
    "x": 122,
    "y": 162,
  },
  {
    "color": 3,
    "h": 1,
    "op": "rect",
    "rgb": "rgb(0, 0, 0)",
    "w": 1,
    "x": 160,
    "y": 162,
  },
  {
    "color": 3,
    "h": 1,
    "op": "rect",
    "rgb": "rgb(0, 0, 0)",
    "w": 1,
    "x": 122,
    "y": 200,
  },
  {
    "color": 3,
    "h": 1,
    "op": "rect",
    "rgb": "rgb(0, 0, 0)",
    "w": 1,
    "x": 160,
    "y": 200,
  },
  {
    "align": "center",
    "baseline": "mathematical",
    "color": 5,
    "fontType": "variable",
    "op": "text",
    "rgb": "rgb(0, 127, 0)",
    "size": 20,
    "text": "1",
    "x": 142,
    "y": 182,
  },
  {
    "op": "unclip",
  },
  {
    "h": 40,
    "op": "clip",
    "w": 40,
    "x": 162,
    "y": 162,
  },
  {
    "color": 0,
    "h": 39,
    "op": "rect",
    "rgb": "rgb(211, 211, 211)",
    "w": 36,
    "x": 163,
    "y": 162,
  },
  {
    "color": 3,
    "h": 1,
    "op": "rect",
    "rgb": "rgb(0, 0, 0)",
    "w": 1,
    "x": 200,
    "y": 162,
  },
  {
    "color": 3,
    "h": 1,
    "op": "rect",
    "rgb": "rgb(0, 0, 0)",
    "w": 1,
    "x": 200,
    "y": 200,
  },
  {
    "align": "center",
    "baseline": "mathematical",
    "color": 5,
    "fontType": "variable",
    "op": "text",
    "rgb": "rgb(0, 127, 0)",
    "size": 20,
    "text": "4",
    "x": 182,
    "y": 182,
  },
  {
    "op": "unclip",
  },
  {
    "h": 40,
    "op": "clip",
    "w": 40,
    "x": 202,
    "y": 162,
  },
  {
    "color": 0,
    "h": 39,
    "op": "rect",
    "rgb": "rgb(211, 211, 211)",
    "w": 36,
    "x": 203,
    "y": 162,
  },
  {
    "color": 3,
    "h": 1,
    "op": "rect",
    "rgb": "rgb(0, 0, 0)",
    "w": 1,
    "x": 202,
    "y": 162,
  },
  {
    "color": 3,
    "h": 1,
    "op": "rect",
    "rgb": "rgb(0, 0, 0)",
    "w": 1,
    "x": 202,
    "y": 200,
  },
  {
    "align": "center",
    "baseline": "mathematical",
    "color": 5,
    "fontType": "variable",
    "op": "text",
    "rgb": "rgb(0, 127, 0)",
    "size": 20,
    "text": "3",
    "x": 222,
    "y": 182,
  },
  {
    "op": "unclip",
  },
  {
    "h": 40,
    "op": "clip",
    "w": 40,
    "x": 2,
    "y": 202,
  },
  {
    "color": 0,
    "h": 37,
    "op": "rect",
    "rgb": "rgb(211, 211, 211)",
    "w": 36,
    "x": 3,
    "y": 202,
  },
  {
    "color": 3,
    "h": 1,
    "op": "rect",
    "rgb": "rgb(0, 0, 0)",
    "w": 1,
    "x": 40,
    "y": 202,
  },
  {
    "align": "center",
    "baseline": "mathematical",
    "color": 5,
    "fontType": "variable",
    "op": "text",
    "rgb": "rgb(0, 127, 0)",
    "size": 20,
    "text": "4",
    "x": 22,
    "y": 222,
  },
  {
    "op": "unclip",
  },
  {
    "h": 40,
    "op": "clip",
    "w": 40,
    "x": 42,
    "y": 202,
  },
  {
    "color": 0,
    "h": 37,
    "op": "rect",
    "rgb": "rgb(211, 211, 211)",
    "w": 38,
    "x": 43,
    "y": 202,
  },
  {
    "color": 3,
    "h": 1,
    "op": "rect",
    "rgb": "rgb(0, 0, 0)",
    "w": 1,
    "x": 42,
    "y": 202,
  },
  {
    "color": 3,
    "h": 1,
    "op": "rect",
    "rgb": "rgb(0, 0, 0)",
    "w": 1,
    "x": 80,
    "y": 202,
  },
  {
    "align": "center",
    "baseline": "mathematical",
    "color": 4,
    "fontType": "variable",
    "op": "text",
    "rgb": "rgb(0, 0, 0)",
    "size": 20,
    "text": "2",
    "x": 62,
    "y": 222,
  },
  {
    "op": "unclip",
  },
  {
    "h": 40,
    "op": "clip",
    "w": 40,
    "x": 82,
    "y": 202,
  },
  {
    "color": 0,
    "h": 36,
    "op": "rect",
    "rgb": "rgb(211, 211, 211)",
    "w": 37,
    "x": 82,
    "y": 203,
  },
  {
    "color": 3,
    "h": 1,
    "op": "rect",
    "rgb": "rgb(0, 0, 0)",
    "w": 1,
    "x": 120,
    "y": 202,
  },
  {
    "align": "center",
    "baseline": "mathematical",
    "color": 5,
    "fontType": "variable",
    "op": "text",
    "rgb": "rgb(0, 127, 0)",
    "size": 20,
    "text": "1",
    "x": 102,
    "y": 222,
  },
  {
    "op": "unclip",
  },
  {
    "h": 40,
    "op": "clip",
    "w": 40,
    "x": 122,
    "y": 202,
  },
  {
    "color": 0,
    "h": 36,
    "op": "rect",
    "rgb": "rgb(211, 211, 211)",
    "w": 38,
    "x": 123,
    "y": 203,
  },
  {
    "color": 3,
    "h": 1,
    "op": "rect",
    "rgb": "rgb(0, 0, 0)",
    "w": 1,
    "x": 122,
    "y": 202,
  },
  {
    "align": "center",
    "baseline": "mathematical",
    "color": 5,
    "fontType": "variable",
    "op": "text",
    "rgb": "rgb(0, 127, 0)",
    "size": 20,
    "text": "3",
    "x": 142,
    "y": 222,
  },
  {
    "op": "unclip",
  },
  {
    "h": 40,
    "op": "clip",
    "w": 40,
    "x": 162,
    "y": 202,
  },
  {
    "color": 0,
    "h": 37,
    "op": "rect",
    "rgb": "rgb(211, 211, 211)",
    "w": 37,
    "x": 162,
    "y": 202,
  },
  {
    "color": 3,
    "h": 1,
    "op": "rect",
    "rgb": "rgb(0, 0, 0)",
    "w": 1,
    "x": 162,
    "y": 202,
  },
  {
    "color": 3,
    "h": 1,
    "op": "rect",
    "rgb": "rgb(0, 0, 0)",
    "w": 1,
    "x": 200,
    "y": 202,
  },
  {
    "align": "center",
    "baseline": "mathematical",
    "color": 7,
    "fontType": "variable",
    "op": "text",
    "rgb": "rgb(105, 105, 211)",
    "size": 13,
    "text": "1",
    "x": 170,
    "y": 214,
  },
  {
    "align": "center",
    "baseline": "mathematical",
    "color": 7,
    "fontType": "variable",
    "op": "text",
    "rgb": "rgb(105, 105, 211)",
    "size": 13,
    "text": "2",
    "x": 182,
    "y": 214,
  },
  {
    "align": "center",
    "baseline": "mathematical",
    "color": 7,
    "fontType": "variable",
    "op": "text",
    "rgb": "rgb(105, 105, 211)",
    "size": 13,
    "text": "5",
    "x": 193,
    "y": 214,
  },
  {
    "op": "unclip",
  },
  {
    "h": 40,
    "op": "clip",
    "w": 40,
    "x": 202,
    "y": 202,
  },
  {
    "color": 0,
    "h": 37,
    "op": "rect",
    "rgb": "rgb(211, 211, 211)",
    "w": 36,
    "x": 203,
    "y": 202,
  },
  {
    "color": 3,
    "h": 1,
    "op": "rect",
    "rgb": "rgb(0, 0, 0)",
    "w": 1,
    "x": 202,
    "y": 202,
  },
  {
    "align": "center",
    "baseline": "mathematical",
    "color": 7,
    "fontType": "variable",
    "op": "text",
    "rgb": "rgb(105, 105, 211)",
    "size": 13,
    "text": "1",
    "x": 211,
    "y": 214,
  },
  {
    "align": "center",
    "baseline": "mathematical",
    "color": 7,
    "fontType": "variable",
    "op": "text",
    "rgb": "rgb(105, 105, 211)",
    "size": 13,
    "text": "2",
    "x": 223,
    "y": 214,
  },
  {
    "op": "unclip",
  },
  {
    "color": 11,
    "h": 2,
    "op": "rect",
    "rgb": "rgb(14, 88, 91)",
    "w": 38,
    "x": 123,
    "y": 3,
  },
  {
    "color": 11,
    "h": 36,
    "op": "rect",
    "rgb": "rgb(14, 88, 91)",
    "w": 2,
    "x": 123,
    "y": 3,
  },
  {
    "color": 11,
    "h": 2,
    "op": "rect",
    "rgb": "rgb(14, 88, 91)",
    "w": 38,
    "x": 123,
    "y": 37,
  },
  {
    "color": 11,
    "h": 2,
    "op": "rect",
    "rgb": "rgb(14, 88, 91)",
    "w": 39,
    "x": 162,
    "y": 3,
  },
  {
    "color": 11,
    "h": 2,
    "op": "rect",
    "rgb": "rgb(14, 88, 91)",
    "w": 39,
    "x": 162,
    "y": 37,
  },
  {
    "color": 11,
    "h": 2,
    "op": "rect",
    "rgb": "rgb(14, 88, 91)",
    "w": 37,
    "x": 202,
    "y": 3,
  },
  {
    "color": 11,
    "h": 2,
    "op": "rect",
    "rgb": "rgb(14, 88, 91)",
    "w": 37,
    "x": 202,
    "y": 37,
  },
  {
    "color": 11,
    "h": 36,
    "op": "rect",
    "rgb": "rgb(14, 88, 91)",
    "w": 2,
    "x": 237,
    "y": 3,
  },
  {
    "color": 10,
    "h": 2,
    "op": "rect",
    "rgb": "rgb(21, 113, 233)",
    "w": 37,
    "x": 82,
    "y": 3,
  },
  {
    "color": 10,
    "h": 36,
    "op": "rect",
    "rgb": "rgb(21, 113, 233)",
    "w": 2,
    "x": 82,
    "y": 3,
  },
  {
    "color": 10,
    "h": 2,
    "op": "rect",
    "rgb": "rgb(21, 113, 233)",
    "w": 37,
    "x": 82,
    "y": 37,
  },
  {
    "color": 10,
    "h": 36,
    "op": "rect",
    "rgb": "rgb(21, 113, 233)",
    "w": 2,
    "x": 117,
    "y": 3,
  },
  {
    "color": 0,
    "h": 14,
    "op": "rect",
    "rgb": "rgb(211, 211, 211)",
    "w": 14,
    "x": 245,
    "y": 3,
  },
]
`;
