// Vitest Snapshot v1, https://vitest.dev/guide/snapshot.html

exports[`filling render scenario > draws the grid frame and clue digits on the initial frame 1`] = `
[
  {
    "color": 0,
    "h": 256,
    "op": "rect",
    "rgb": "rgb(211, 211, 211)",
    "w": 320,
    "x": 0,
    "y": 0,
  },
  {
    "color": 9,
    "h": 227,
    "op": "rect",
    "rgb": "rgb(0, 0, 0)",
    "w": 291,
    "x": 15,
    "y": 15,
  },
  {
    "h": 32,
    "op": "clip",
    "w": 32,
    "x": 16,
    "y": 16,
  },
  {
    "color": 11,
    "h": 32,
    "op": "rect",
    "rgb": "rgb(237, 237, 237)",
    "w": 32,
    "x": 16,
    "y": 16,
  },
  {
    "color": 1,
    "op": "line",
    "rgb": "rgb(139, 139, 139)",
    "thickness": 1,
    "x1": 16,
    "x2": 48,
    "y1": 16,
    "y2": 16,
  },
  {
    "color": 1,
    "op": "line",
    "rgb": "rgb(139, 139, 139)",
    "thickness": 1,
    "x1": 16,
    "x2": 16,
    "y1": 16,
    "y2": 48,
  },
  {
    "align": "center",
    "baseline": "mathematical",
    "color": 9,
    "fontType": "variable",
    "op": "text",
    "rgb": "rgb(0, 0, 0)",
    "size": 16,
    "text": "4",
    "x": 32,
    "y": 32,
  },
  {
    "color": 9,
    "h": 32,
    "op": "rect",
    "rgb": "rgb(0, 0, 0)",
    "w": 2,
    "x": 16,
    "y": 16,
  },
  {
    "color": 9,
    "h": 2,
    "op": "rect",
    "rgb": "rgb(0, 0, 0)",
    "w": 32,
    "x": 16,
    "y": 16,
  },
  {
    "color": 9,
    "h": 32,
    "op": "rect",
    "rgb": "rgb(0, 0, 0)",
    "w": 1,
    "x": 47,
    "y": 16,
  },
  {
    "op": "unclip",
  },
  {
    "h": 32,
    "op": "clip",
    "w": 32,
    "x": 48,
    "y": 16,
  },
  {
    "color": 11,
    "h": 32,
    "op": "rect",
    "rgb": "rgb(237, 237, 237)",
    "w": 32,
    "x": 48,
    "y": 16,
  },
  {
    "color": 1,
    "op": "line",
    "rgb": "rgb(139, 139, 139)",
    "thickness": 1,
    "x1": 48,
    "x2": 80,
    "y1": 16,
    "y2": 16,
  },
  {
    "color": 1,
    "op": "line",
    "rgb": "rgb(139, 139, 139)",
    "thickness": 1,
    "x1": 48,
    "x2": 48,
    "y1": 16,
    "y2": 48,
  },
  {
    "align": "center",
    "baseline": "mathematical",
    "color": 9,
    "fontType": "variable",
    "op": "text",
    "rgb": "rgb(0, 0, 0)",
    "size": 16,
    "text": "2",
    "x": 64,
    "y": 32,
  },
  {
    "color": 9,
    "h": 32,
    "op": "rect",
    "rgb": "rgb(0, 0, 0)",
    "w": 2,
    "x": 48,
    "y": 16,
  },
  {
    "color": 9,
    "h": 2,
    "op": "rect",
    "rgb": "rgb(0, 0, 0)",
    "w": 32,
    "x": 48,
    "y": 16,
  },
  {
    "color": 9,
    "h": 32,
    "op": "rect",
    "rgb": "rgb(0, 0, 0)",
    "w": 1,
    "x": 79,
    "y": 16,
  },
  {
    "op": "unclip",
  },
  {
    "h": 32,
    "op": "clip",
    "w": 32,
    "x": 80,
    "y": 16,
  },
  {
    "color": 11,
    "h": 32,
    "op": "rect",
    "rgb": "rgb(237, 237, 237)",
    "w": 32,
    "x": 80,
    "y": 16,
  },
  {
    "color": 1,
    "op": "line",
    "rgb": "rgb(139, 139, 139)",
    "thickness": 1,
    "x1": 80,
    "x2": 112,
    "y1": 16,
    "y2": 16,
  },
  {
    "color": 1,
    "op": "line",
    "rgb": "rgb(139, 139, 139)",
    "thickness": 1,
    "x1": 80,
    "x2": 80,
    "y1": 16,
    "y2": 48,
  },
  {
    "align": "center",
    "baseline": "mathematical",
    "color": 9,
    "fontType": "variable",
    "op": "text",
    "rgb": "rgb(0, 0, 0)",
    "size": 16,
    "text": "8",
    "x": 96,
    "y": 32,
  },
  {
    "color": 9,
    "h": 32,
    "op": "rect",
    "rgb": "rgb(0, 0, 0)",
    "w": 2,
    "x": 80,
    "y": 16,
  },
  {
    "color": 9,
    "h": 2,
    "op": "rect",
    "rgb": "rgb(0, 0, 0)",
    "w": 32,
    "x": 80,
    "y": 16,
  },
  {
    "op": "unclip",
  },
  {
    "h": 32,
    "op": "clip",
    "w": 32,
    "x": 112,
    "y": 16,
  },
  {
    "color": 10,
    "h": 32,
    "op": "rect",
    "rgb": "rgb(194, 194, 194)",
    "w": 32,
    "x": 112,
    "y": 16,
  },
  {
    "color": 1,
    "op": "line",
    "rgb": "rgb(139, 139, 139)",
    "thickness": 1,
    "x1": 112,
    "x2": 144,
    "y1": 16,
    "y2": 16,
  },
  {
    "color": 1,
    "op": "line",
    "rgb": "rgb(139, 139, 139)",
    "thickness": 1,
    "x1": 112,
    "x2": 112,
    "y1": 16,
    "y2": 48,
  },
  {
    "color": 9,
    "h": 2,
    "op": "rect",
    "rgb": "rgb(0, 0, 0)",
    "w": 32,
    "x": 112,
    "y": 16,
  },
  {
    "op": "unclip",
  },
  {
    "h": 32,
    "op": "clip",
    "w": 32,
    "x": 144,
    "y": 16,
  },
  {
    "color": 11,
    "h": 32,
    "op": "rect",
    "rgb": "rgb(237, 237, 237)",
    "w": 32,
    "x": 144,
    "y": 16,
  },
  {
    "color": 1,
    "op": "line",
    "rgb": "rgb(139, 139, 139)",
    "thickness": 1,
    "x1": 144,
    "x2": 176,
    "y1": 16,
    "y2": 16,
  },
  {
    "color": 1,
    "op": "line",
    "rgb": "rgb(139, 139, 139)",
    "thickness": 1,
    "x1": 144,
    "x2": 144,
    "y1": 16,
    "y2": 48,
  },
  {
    "align": "center",
    "baseline": "mathematical",
    "color": 9,
    "fontType": "variable",
    "op": "text",
    "rgb": "rgb(0, 0, 0)",
    "size": 16,
    "text": "8",
    "x": 160,
    "y": 32,
  },
  {
    "color": 9,
    "h": 2,
    "op": "rect",
    "rgb": "rgb(0, 0, 0)",
    "w": 32,
    "x": 144,
    "y": 16,
  },
  {
    "op": "unclip",
  },
  {
    "h": 32,
    "op": "clip",
    "w": 32,
    "x": 176,
    "y": 16,
  },
  {
    "color": 10,
    "h": 32,
    "op": "rect",
    "rgb": "rgb(194, 194, 194)",
    "w": 32,
    "x": 176,
    "y": 16,
  },
  {
    "color": 1,
    "op": "line",
    "rgb": "rgb(139, 139, 139)",
    "thickness": 1,
    "x1": 176,
    "x2": 208,
    "y1": 16,
    "y2": 16,
  },
  {
    "color": 1,
    "op": "line",
    "rgb": "rgb(139, 139, 139)",
    "thickness": 1,
    "x1": 176,
    "x2": 176,
    "y1": 16,
    "y2": 48,
  },
  {
    "color": 9,
    "h": 2,
    "op": "rect",
    "rgb": "rgb(0, 0, 0)",
    "w": 32,
    "x": 176,
    "y": 16,
  },
  {
    "op": "unclip",
  },
  {
    "h": 32,
    "op": "clip",
    "w": 32,
    "x": 208,
    "y": 16,
  },
  {
    "color": 11,
    "h": 32,
    "op": "rect",
    "rgb": "rgb(237, 237, 237)",
    "w": 32,
    "x": 208,
    "y": 16,
  },
  {
    "color": 1,
    "op": "line",
    "rgb": "rgb(139, 139, 139)",
    "thickness": 1,
    "x1": 208,
    "x2": 240,
    "y1": 16,
    "y2": 16,
  },
  {
    "color": 1,
    "op": "line",
    "rgb": "rgb(139, 139, 139)",
    "thickness": 1,
    "x1": 208,
    "x2": 208,
    "y1": 16,
    "y2": 48,
  },
  {
    "align": "center",
    "baseline": "mathematical",
    "color": 9,
    "fontType": "variable",
    "op": "text",
    "rgb": "rgb(0, 0, 0)",
    "size": 16,
    "text": "3",
    "x": 224,
    "y": 32,
  },
  {
    "color": 9,
    "h": 2,
    "op": "rect",
    "rgb": "rgb(0, 0, 0)",
    "w": 32,
    "x": 208,
    "y": 16,
  },
  {
    "op": "unclip",
  },
  {
    "h": 32,
    "op": "clip",
    "w": 32,
    "x": 240,
    "y": 16,
  },
  {
    "color": 10,
    "h": 32,
    "op": "rect",
    "rgb": "rgb(194, 194, 194)",
    "w": 32,
    "x": 240,
    "y": 16,
  },
  {
    "color": 1,
    "op": "line",
    "rgb": "rgb(139, 139, 139)",
    "thickness": 1,
    "x1": 240,
    "x2": 272,
    "y1": 16,
    "y2": 16,
  },
  {
    "color": 1,
    "op": "line",
    "rgb": "rgb(139, 139, 139)",
    "thickness": 1,
    "x1": 240,
    "x2": 240,
    "y1": 16,
    "y2": 48,
  },
  {
    "color": 9,
    "h": 2,
    "op": "rect",
    "rgb": "rgb(0, 0, 0)",
    "w": 32,
    "x": 240,
    "y": 16,
  },
  {
    "op": "unclip",
  },
  {
    "h": 32,
    "op": "clip",
    "w": 32,
    "x": 272,
    "y": 16,
  },
  {
    "color": 11,
    "h": 32,
    "op": "rect",
    "rgb": "rgb(237, 237, 237)",
    "w": 32,
    "x": 272,
    "y": 16,
  },
  {
    "color": 1,
    "op": "line",
    "rgb": "rgb(139, 139, 139)",
    "thickness": 1,
    "x1": 272,
    "x2": 304,
    "y1": 16,
    "y2": 16,
  },
  {
    "color": 1,
    "op": "line",
    "rgb": "rgb(139, 139, 139)",
    "thickness": 1,
    "x1": 272,
    "x2": 272,
    "y1": 16,
    "y2": 48,
  },
  {
    "align": "center",
    "baseline": "mathematical",
    "color": 9,
    "fontType": "variable",
    "op": "text",
    "rgb": "rgb(0, 0, 0)",
    "size": 16,
    "text": "6",
    "x": 288,
    "y": 32,
  },
  {
    "color": 9,
    "h": 2,
    "op": "rect",
    "rgb": "rgb(0, 0, 0)",
    "w": 32,
    "x": 272,
    "y": 16,
  },
  {
    "color": 9,
    "h": 32,
    "op": "rect",
    "rgb": "rgb(0, 0, 0)",
    "w": 1,
    "x": 303,
    "y": 16,
  },
  {
    "op": "unclip",
  },
  {
    "h": 32,
    "op": "clip",
    "w": 32,
    "x": 16,
    "y": 48,
  },
  {
    "color": 10,
    "h": 32,
    "op": "rect",
    "rgb": "rgb(194, 194, 194)",
    "w": 32,
    "x": 16,
    "y": 48,
  },
  {
    "color": 1,
    "op": "line",
    "rgb": "rgb(139, 139, 139)",
    "thickness": 1,
    "x1": 16,
    "x2": 48,
    "y1": 48,
    "y2": 48,
  },
  {
    "color": 1,
    "op": "line",
    "rgb": "rgb(139, 139, 139)",
    "thickness": 1,
    "x1": 16,
    "x2": 16,
    "y1": 48,
    "y2": 80,
  },
  {
    "color": 9,
    "h": 32,
    "op": "rect",
    "rgb": "rgb(0, 0, 0)",
    "w": 2,
    "x": 16,
    "y": 48,
  },
  {
    "color": 9,
    "h": 2,
    "op": "rect",
    "rgb": "rgb(0, 0, 0)",
    "w": 1,
    "x": 47,
    "y": 48,
  },
  {
    "op": "unclip",
  },
  {
    "h": 32,
    "op": "clip",
    "w": 32,
    "x": 48,
    "y": 48,
  },
  {
    "color": 10,
    "h": 32,
    "op": "rect",
    "rgb": "rgb(194, 194, 194)",
    "w": 32,
    "x": 48,
    "y": 48,
  },
  {
    "color": 1,
    "op": "line",
    "rgb": "rgb(139, 139, 139)",
    "thickness": 1,
    "x1": 48,
    "x2": 80,
    "y1": 48,
    "y2": 48,
  },
  {
    "color": 1,
    "op": "line",
    "rgb": "rgb(139, 139, 139)",
    "thickness": 1,
    "x1": 48,
    "x2": 48,
    "y1": 48,
    "y2": 80,
  },
  {
    "color": 9,
    "h": 2,
    "op": "rect",
    "rgb": "rgb(0, 0, 0)",
    "w": 2,
    "x": 48,
    "y": 48,
  },
  {
    "color": 9,
    "h": 2,
    "op": "rect",
    "rgb": "rgb(0, 0, 0)",
    "w": 1,
    "x": 79,
    "y": 48,
  },
  {
    "op": "unclip",
  },
  {
    "h": 32,
    "op": "clip",
    "w": 32,
    "x": 80,
    "y": 48,
  },
  {
    "color": 10,
    "h": 32,
    "op": "rect",
    "rgb": "rgb(194, 194, 194)",
    "w": 32,
    "x": 80,
    "y": 48,
  },
  {
    "color": 1,
    "op": "line",
    "rgb": "rgb(139, 139, 139)",
    "thickness": 1,
    "x1": 80,
    "x2": 112,
    "y1": 48,
    "y2": 48,
  },
  {
    "color": 1,
    "op": "line",
    "rgb": "rgb(139, 139, 139)",
    "thickness": 1,
    "x1": 80,
    "x2": 80,
    "y1": 48,
    "y2": 80,
  },
  {
    "color": 9,
    "h": 2,
    "op": "rect",
    "rgb": "rgb(0, 0, 0)",
    "w": 2,
    "x": 80,
    "y": 48,
  },
  {
    "op": "unclip",
  },
  {
    "h": 32,
    "op": "clip",
    "w": 32,
    "x": 112,
    "y": 48,
  },
  {
    "color": 10,
    "h": 32,
    "op": "rect",
    "rgb": "rgb(194, 194, 194)",
    "w": 32,
    "x": 112,
    "y": 48,
  },
  {
    "color": 1,
    "op": "line",
    "rgb": "rgb(139, 139, 139)",
    "thickness": 1,
    "x1": 112,
    "x2": 144,
    "y1": 48,
    "y2": 48,
  },
  {
    "color": 1,
    "op": "line",
    "rgb": "rgb(139, 139, 139)",
    "thickness": 1,
    "x1": 112,
    "x2": 112,
    "y1": 48,
    "y2": 80,
  },
  {
    "op": "unclip",
  },
  {
    "h": 32,
    "op": "clip",
    "w": 32,
    "x": 144,
    "y": 48,
  },
  {
    "color": 10,
    "h": 32,
    "op": "rect",
    "rgb": "rgb(194, 194, 194)",
    "w": 32,
    "x": 144,
    "y": 48,
  },
  {
    "color": 1,
    "op": "line",
    "rgb": "rgb(139, 139, 139)",
    "thickness": 1,
    "x1": 144,
    "x2": 176,
    "y1": 48,
    "y2": 48,
  },
  {
    "color": 1,
    "op": "line",
    "rgb": "rgb(139, 139, 139)",
    "thickness": 1,
    "x1": 144,
    "x2": 144,
    "y1": 48,
    "y2": 80,
  },
  {
    "op": "unclip",
  },
  {
    "h": 32,
    "op": "clip",
    "w": 32,
    "x": 176,
    "y": 48,
  },
  {
    "color": 11,
    "h": 32,
    "op": "rect",
    "rgb": "rgb(237, 237, 237)",
    "w": 32,
    "x": 176,
    "y": 48,
  },
  {
    "color": 1,
    "op": "line",
    "rgb": "rgb(139, 139, 139)",
    "thickness": 1,
    "x1": 176,
    "x2": 208,
    "y1": 48,
    "y2": 48,
  },
  {
    "color": 1,
    "op": "line",
    "rgb": "rgb(139, 139, 139)",
    "thickness": 1,
    "x1": 176,
    "x2": 176,
    "y1": 48,
    "y2": 80,
  },
  {
    "align": "center",
    "baseline": "mathematical",
    "color": 9,
    "fontType": "variable",
    "op": "text",
    "rgb": "rgb(0, 0, 0)",
    "size": 16,
    "text": "6",
    "x": 192,
    "y": 64,
  },
  {
    "op": "unclip",
  },
  {
    "h": 32,
    "op": "clip",
    "w": 32,
    "x": 208,
    "y": 48,
  },
  {
    "color": 10,
    "h": 32,
    "op": "rect",
    "rgb": "rgb(194, 194, 194)",
    "w": 32,
    "x": 208,
    "y": 48,
  },
  {
    "color": 1,
    "op": "line",
    "rgb": "rgb(139, 139, 139)",
    "thickness": 1,
    "x1": 208,
    "x2": 240,
    "y1": 48,
    "y2": 48,
  },
  {
    "color": 1,
    "op": "line",
    "rgb": "rgb(139, 139, 139)",
    "thickness": 1,
    "x1": 208,
    "x2": 208,
    "y1": 48,
    "y2": 80,
  },
  {
    "op": "unclip",
  },
  {
    "h": 32,
    "op": "clip",
    "w": 32,
    "x": 240,
    "y": 48,
  },
  {
    "color": 10,
    "h": 32,
    "op": "rect",
    "rgb": "rgb(194, 194, 194)",
    "w": 32,
    "x": 240,
    "y": 48,
  },
  {
    "color": 1,
    "op": "line",
    "rgb": "rgb(139, 139, 139)",
    "thickness": 1,
    "x1": 240,
    "x2": 272,
    "y1": 48,
    "y2": 48,
  },
  {
    "color": 1,
    "op": "line",
    "rgb": "rgb(139, 139, 139)",
    "thickness": 1,
    "x1": 240,
    "x2": 240,
    "y1": 48,
    "y2": 80,
  },
  {
    "op": "unclip",
  },
  {
    "h": 32,
    "op": "clip",
    "w": 32,
    "x": 272,
    "y": 48,
  },
  {
    "color": 10,
    "h": 32,
    "op": "rect",
    "rgb": "rgb(194, 194, 194)",
    "w": 32,
    "x": 272,
    "y": 48,
  },
  {
    "color": 1,
    "op": "line",
    "rgb": "rgb(139, 139, 139)",
    "thickness": 1,
    "x1": 272,
    "x2": 304,
    "y1": 48,
    "y2": 48,
  },
  {
    "color": 1,
    "op": "line",
    "rgb": "rgb(139, 139, 139)",
    "thickness": 1,
    "x1": 272,
    "x2": 272,
    "y1": 48,
    "y2": 80,
  },
  {
    "color": 9,
    "h": 32,
    "op": "rect",
    "rgb": "rgb(0, 0, 0)",
    "w": 1,
    "x": 303,
    "y": 48,
  },
  {
    "op": "unclip",
  },
  {
    "h": 32,
    "op": "clip",
    "w": 32,
    "x": 16,
    "y": 80,
  },
  {
    "color": 10,
    "h": 32,
    "op": "rect",
    "rgb": "rgb(194, 194, 194)",
    "w": 32,
    "x": 16,
    "y": 80,
  },
  {
    "color": 1,
    "op": "line",
    "rgb": "rgb(139, 139, 139)",
    "thickness": 1,
    "x1": 16,
    "x2": 48,
    "y1": 80,
    "y2": 80,
  },
  {
    "color": 1,
    "op": "line",
    "rgb": "rgb(139, 139, 139)",
    "thickness": 1,
    "x1": 16,
    "x2": 16,
    "y1": 80,
    "y2": 112,
  },
  {
    "color": 9,
    "h": 32,
    "op": "rect",
    "rgb": "rgb(0, 0, 0)",
    "w": 2,
    "x": 16,
    "y": 80,
  },
  {
    "op": "unclip",
  },
  {
    "h": 32,
    "op": "clip",
    "w": 32,
    "x": 48,
    "y": 80,
  },
  {
    "color": 10,
    "h": 32,
    "op": "rect",
    "rgb": "rgb(194, 194, 194)",
    "w": 32,
    "x": 48,
    "y": 80,
  },
  {
    "color": 1,
    "op": "line",
    "rgb": "rgb(139, 139, 139)",
    "thickness": 1,
    "x1": 48,
    "x2": 80,
    "y1": 80,
    "y2": 80,
  },
  {
    "color": 1,
    "op": "line",
    "rgb": "rgb(139, 139, 139)",
    "thickness": 1,
    "x1": 48,
    "x2": 48,
    "y1": 80,
    "y2": 112,
  },
  {
    "op": "unclip",
  },
  {
    "h": 32,
    "op": "clip",
    "w": 32,
    "x": 80,
    "y": 80,
  },
  {
    "color": 11,
    "h": 32,
    "op": "rect",
    "rgb": "rgb(237, 237, 237)",
    "w": 32,
    "x": 80,
    "y": 80,
  },
  {
    "color": 1,
    "op": "line",
    "rgb": "rgb(139, 139, 139)",
    "thickness": 1,
    "x1": 80,
    "x2": 112,
    "y1": 80,
    "y2": 80,
  },
  {
    "color": 1,
    "op": "line",
    "rgb": "rgb(139, 139, 139)",
    "thickness": 1,
    "x1": 80,
    "x2": 80,
    "y1": 80,
    "y2": 112,
  },
  {
    "align": "center",
    "baseline": "mathematical",
    "color": 9,
    "fontType": "variable",
    "op": "text",
    "rgb": "rgb(0, 0, 0)",
    "size": 16,
    "text": "3",
    "x": 96,
    "y": 96,
  },
  {
    "op": "unclip",
  },
  {
    "h": 32,
    "op": "clip",
    "w": 32,
    "x": 112,
    "y": 80,
  },
  {
    "color": 10,
    "h": 32,
    "op": "rect",
    "rgb": "rgb(194, 194, 194)",
    "w": 32,
    "x": 112,
    "y": 80,
  },
  {
    "color": 1,
    "op": "line",
    "rgb": "rgb(139, 139, 139)",
    "thickness": 1,
    "x1": 112,
    "x2": 144,
    "y1": 80,
    "y2": 80,
  },
  {
    "color": 1,
    "op": "line",
    "rgb": "rgb(139, 139, 139)",
    "thickness": 1,
    "x1": 112,
    "x2": 112,
    "y1": 80,
    "y2": 112,
  },
  {
    "op": "unclip",
  },
  {
    "h": 32,
    "op": "clip",
    "w": 32,
    "x": 144,
    "y": 80,
  },
  {
    "color": 10,
    "h": 32,
    "op": "rect",
    "rgb": "rgb(194, 194, 194)",
    "w": 32,
    "x": 144,
    "y": 80,
  },
  {
    "color": 1,
    "op": "line",
    "rgb": "rgb(139, 139, 139)",
    "thickness": 1,
    "x1": 144,
    "x2": 176,
    "y1": 80,
    "y2": 80,
  },
  {
    "color": 1,
    "op": "line",
    "rgb": "rgb(139, 139, 139)",
    "thickness": 1,
    "x1": 144,
    "x2": 144,
    "y1": 80,
    "y2": 112,
  },
  {
    "op": "unclip",
  },
  {
    "h": 32,
    "op": "clip",
    "w": 32,
    "x": 176,
    "y": 80,
  },
  {
    "color": 11,
    "h": 32,
    "op": "rect",
    "rgb": "rgb(237, 237, 237)",
    "w": 32,
    "x": 176,
    "y": 80,
  },
  {
    "color": 1,
    "op": "line",
    "rgb": "rgb(139, 139, 139)",
    "thickness": 1,
    "x1": 176,
    "x2": 208,
    "y1": 80,
    "y2": 80,
  },
  {
    "color": 1,
    "op": "line",
    "rgb": "rgb(139, 139, 139)",
    "thickness": 1,
    "x1": 176,
    "x2": 176,
    "y1": 80,
    "y2": 112,
  },
  {
    "align": "center",
    "baseline": "mathematical",
    "color": 9,
    "fontType": "variable",
    "op": "text",
    "rgb": "rgb(0, 0, 0)",
    "size": 16,
    "text": "6",
    "x": 192,
    "y": 96,
  },
  {
    "op": "unclip",
  },
  {
    "h": 32,
    "op": "clip",
    "w": 32,
    "x": 208,
    "y": 80,
  },
  {
    "color": 10,
    "h": 32,
    "op": "rect",
    "rgb": "rgb(194, 194, 194)",
    "w": 32,
    "x": 208,
    "y": 80,
  },
  {
    "color": 1,
    "op": "line",
    "rgb": "rgb(139, 139, 139)",
    "thickness": 1,
    "x1": 208,
    "x2": 240,
    "y1": 80,
    "y2": 80,
  },
  {
    "color": 1,
    "op": "line",
    "rgb": "rgb(139, 139, 139)",
    "thickness": 1,
    "x1": 208,
    "x2": 208,
    "y1": 80,
    "y2": 112,
  },
  {
    "op": "unclip",
  },
  {
    "h": 32,
    "op": "clip",
    "w": 32,
    "x": 240,
    "y": 80,
  },
  {
    "color": 11,
    "h": 32,
    "op": "rect",
    "rgb": "rgb(237, 237, 237)",
    "w": 32,
    "x": 240,
    "y": 80,
  },
  {
    "color": 1,
    "op": "line",
    "rgb": "rgb(139, 139, 139)",
    "thickness": 1,
    "x1": 240,
    "x2": 272,
    "y1": 80,
    "y2": 80,
  },
  {
    "color": 1,
    "op": "line",
    "rgb": "rgb(139, 139, 139)",
    "thickness": 1,
    "x1": 240,
    "x2": 240,
    "y1": 80,
    "y2": 112,
  },
  {
    "align": "center",
    "baseline": "mathematical",
    "color": 9,
    "fontType": "variable",
    "op": "text",
    "rgb": "rgb(0, 0, 0)",
    "size": 16,
    "text": "4",
    "x": 256,
    "y": 96,
  },
  {
    "color": 9,
    "h": 1,
    "op": "rect",
    "rgb": "rgb(0, 0, 0)",
    "w": 1,
    "x": 271,
    "y": 111,
  },
  {
    "op": "unclip",
  },
  {
    "h": 32,
    "op": "clip",
    "w": 32,
    "x": 272,
    "y": 80,
  },
  {
    "color": 10,
    "h": 32,
    "op": "rect",
    "rgb": "rgb(194, 194, 194)",
    "w": 32,
    "x": 272,
    "y": 80,
  },
  {
    "color": 1,
    "op": "line",
    "rgb": "rgb(139, 139, 139)",
    "thickness": 1,
    "x1": 272,
    "x2": 304,
    "y1": 80,
    "y2": 80,
  },
  {
    "color": 1,
    "op": "line",
    "rgb": "rgb(139, 139, 139)",
    "thickness": 1,
    "x1": 272,
    "x2": 272,
    "y1": 80,
    "y2": 112,
  },
  {
    "color": 9,
    "h": 32,
    "op": "rect",
    "rgb": "rgb(0, 0, 0)",
    "w": 1,
    "x": 303,
    "y": 80,
  },
  {
    "color": 9,
    "h": 1,
    "op": "rect",
    "rgb": "rgb(0, 0, 0)",
    "w": 2,
    "x": 272,
    "y": 111,
  },
  {
    "op": "unclip",
  },
  {
    "h": 32,
    "op": "clip",
    "w": 32,
    "x": 16,
    "y": 112,
  },
  {
    "color": 10,
    "h": 32,
    "op": "rect",
    "rgb": "rgb(194, 194, 194)",
    "w": 32,
    "x": 16,
    "y": 112,
  },
  {
    "color": 1,
    "op": "line",
    "rgb": "rgb(139, 139, 139)",
    "thickness": 1,
    "x1": 16,
    "x2": 48,
    "y1": 112,
    "y2": 112,
  },
  {
    "color": 1,
    "op": "line",
    "rgb": "rgb(139, 139, 139)",
    "thickness": 1,
    "x1": 16,
    "x2": 16,
    "y1": 112,
    "y2": 144,
  },
  {
    "color": 9,
    "h": 32,
    "op": "rect",
    "rgb": "rgb(0, 0, 0)",
    "w": 2,
    "x": 16,
    "y": 112,
  },
  {
    "color": 9,
    "h": 1,
    "op": "rect",
    "rgb": "rgb(0, 0, 0)",
    "w": 1,
    "x": 47,
    "y": 143,
  },
  {
    "op": "unclip",
  },
  {
    "h": 32,
    "op": "clip",
    "w": 32,
    "x": 48,
    "y": 112,
  },
  {
    "color": 11,
    "h": 32,
    "op": "rect",
    "rgb": "rgb(237, 237, 237)",
    "w": 32,
    "x": 48,
    "y": 112,
  },
  {
    "color": 1,
    "op": "line",
    "rgb": "rgb(139, 139, 139)",
    "thickness": 1,
    "x1": 48,
    "x2": 80,
    "y1": 112,
    "y2": 112,
  },
  {
    "color": 1,
    "op": "line",
    "rgb": "rgb(139, 139, 139)",
    "thickness": 1,
    "x1": 48,
    "x2": 48,
    "y1": 112,
    "y2": 144,
  },
  {
    "align": "center",
    "baseline": "mathematical",
    "color": 9,
    "fontType": "variable",
    "op": "text",
    "rgb": "rgb(0, 0, 0)",
    "size": 16,
    "text": "3",
    "x": 64,
    "y": 128,
  },
  {
    "color": 9,
    "h": 1,
    "op": "rect",
    "rgb": "rgb(0, 0, 0)",
    "w": 32,
    "x": 48,
    "y": 143,
  },
  {
    "color": 9,
    "h": 1,
    "op": "rect",
    "rgb": "rgb(0, 0, 0)",
    "w": 2,
    "x": 48,
    "y": 143,
  },
  {
    "op": "unclip",
  },
  {
    "h": 32,
    "op": "clip",
    "w": 32,
    "x": 80,
    "y": 112,
  },
  {
    "color": 10,
    "h": 32,
    "op": "rect",
    "rgb": "rgb(194, 194, 194)",
    "w": 32,
    "x": 80,
    "y": 112,
  },
  {
    "color": 1,
    "op": "line",
    "rgb": "rgb(139, 139, 139)",
    "thickness": 1,
    "x1": 80,
    "x2": 112,
    "y1": 112,
    "y2": 112,
  },
  {
    "color": 1,
    "op": "line",
    "rgb": "rgb(139, 139, 139)",
    "thickness": 1,
    "x1": 80,
    "x2": 80,
    "y1": 112,
    "y2": 144,
  },
  {
    "color": 9,
    "h": 1,
    "op": "rect",
    "rgb": "rgb(0, 0, 0)",
    "w": 2,
    "x": 80,
    "y": 143,
  },
  {
    "op": "unclip",
  },
  {
    "h": 32,
    "op": "clip",
    "w": 32,
    "x": 112,
    "y": 112,
  },
  {
    "color": 10,
    "h": 32,
    "op": "rect",
    "rgb": "rgb(194, 194, 194)",
    "w": 32,
    "x": 112,
    "y": 112,
  },
  {
    "color": 1,
    "op": "line",
    "rgb": "rgb(139, 139, 139)",
    "thickness": 1,
    "x1": 112,
    "x2": 144,
    "y1": 112,
    "y2": 112,
  },
  {
    "color": 1,
    "op": "line",
    "rgb": "rgb(139, 139, 139)",
    "thickness": 1,
    "x1": 112,
    "x2": 112,
    "y1": 112,
    "y2": 144,
  },
  {
    "color": 9,
    "h": 1,
    "op": "rect",
    "rgb": "rgb(0, 0, 0)",
    "w": 1,
    "x": 143,
    "y": 143,
  },
  {
    "op": "unclip",
  },
  {
    "h": 32,
    "op": "clip",
    "w": 32,
    "x": 144,
    "y": 112,
  },
  {
    "color": 11,
    "h": 32,
    "op": "rect",
    "rgb": "rgb(237, 237, 237)",
    "w": 32,
    "x": 144,
    "y": 112,
  },
  {
    "color": 1,
    "op": "line",
    "rgb": "rgb(139, 139, 139)",
    "thickness": 1,
    "x1": 144,
    "x2": 176,
    "y1": 112,
    "y2": 112,
  },
  {
    "color": 1,
    "op": "line",
    "rgb": "rgb(139, 139, 139)",
    "thickness": 1,
    "x1": 144,
    "x2": 144,
    "y1": 112,
    "y2": 144,
  },
  {
    "align": "center",
    "baseline": "mathematical",
    "color": 9,
    "fontType": "variable",
    "op": "text",
    "rgb": "rgb(0, 0, 0)",
    "size": 16,
    "text": "9",
    "x": 160,
    "y": 128,
  },
  {
    "color": 9,
    "h": 1,
    "op": "rect",
    "rgb": "rgb(0, 0, 0)",
    "w": 32,
    "x": 144,
    "y": 143,
  },
  {
    "color": 9,
    "h": 1,
    "op": "rect",
    "rgb": "rgb(0, 0, 0)",
    "w": 2,
    "x": 144,
    "y": 143,
  },
  {
    "op": "unclip",
  },
  {
    "h": 32,
    "op": "clip",
    "w": 32,
    "x": 176,
    "y": 112,
  },
  {
    "color": 10,
    "h": 32,
    "op": "rect",
    "rgb": "rgb(194, 194, 194)",
    "w": 32,
    "x": 176,
    "y": 112,
  },
  {
    "color": 1,
    "op": "line",
    "rgb": "rgb(139, 139, 139)",
    "thickness": 1,
    "x1": 176,
    "x2": 208,
    "y1": 112,
    "y2": 112,
  },
  {
    "color": 1,
    "op": "line",
    "rgb": "rgb(139, 139, 139)",
    "thickness": 1,
    "x1": 176,
    "x2": 176,
    "y1": 112,
    "y2": 144,
  },
  {
    "color": 9,
    "h": 1,
    "op": "rect",
    "rgb": "rgb(0, 0, 0)",
    "w": 2,
    "x": 176,
    "y": 143,
  },
  {
    "op": "unclip",
  },
  {
    "h": 32,
    "op": "clip",
    "w": 32,
    "x": 208,
    "y": 112,
  },
  {
    "color": 10,
    "h": 32,
    "op": "rect",
    "rgb": "rgb(194, 194, 194)",
    "w": 32,
    "x": 208,
    "y": 112,
  },
  {
    "color": 1,
    "op": "line",
    "rgb": "rgb(139, 139, 139)",
    "thickness": 1,
    "x1": 208,
    "x2": 240,
    "y1": 112,
    "y2": 112,
  },
  {
    "color": 1,
    "op": "line",
    "rgb": "rgb(139, 139, 139)",
    "thickness": 1,
    "x1": 208,
    "x2": 208,
    "y1": 112,
    "y2": 144,
  },
  {
    "op": "unclip",
  },
  {
    "h": 32,
    "op": "clip",
    "w": 32,
    "x": 240,
    "y": 112,
  },
  {
    "color": 11,
    "h": 32,
    "op": "rect",
    "rgb": "rgb(237, 237, 237)",
    "w": 32,
    "x": 240,
    "y": 112,
  },
  {
    "color": 1,
    "op": "line",
    "rgb": "rgb(139, 139, 139)",
    "thickness": 1,
    "x1": 240,
    "x2": 272,
    "y1": 112,
    "y2": 112,
  },
  {
    "color": 1,
    "op": "line",
    "rgb": "rgb(139, 139, 139)",
    "thickness": 1,
    "x1": 240,
    "x2": 240,
    "y1": 112,
    "y2": 144,
  },
  {
    "align": "center",
    "baseline": "mathematical",
    "color": 9,
    "fontType": "variable",
    "op": "text",
    "rgb": "rgb(0, 0, 0)",
    "size": 16,
    "text": "4",
    "x": 256,
    "y": 128,
  },
  {
    "color": 9,
    "h": 32,
    "op": "rect",
    "rgb": "rgb(0, 0, 0)",
    "w": 1,
    "x": 271,
    "y": 112,
  },
  {
    "op": "unclip",
  },
  {
    "h": 32,
    "op": "clip",
    "w": 32,
    "x": 272,
    "y": 112,
  },
  {
    "color": 11,
    "h": 32,
    "op": "rect",
    "rgb": "rgb(237, 237, 237)",
    "w": 32,
    "x": 272,
    "y": 112,
  },
  {
    "color": 1,
    "op": "line",
    "rgb": "rgb(139, 139, 139)",
    "thickness": 1,
    "x1": 272,
    "x2": 304,
    "y1": 112,
    "y2": 112,
  },
  {
    "color": 1,
    "op": "line",
    "rgb": "rgb(139, 139, 139)",
    "thickness": 1,
    "x1": 272,
    "x2": 272,
    "y1": 112,
    "y2": 144,
  },
  {
    "align": "center",
    "baseline": "mathematical",
    "color": 9,
    "fontType": "variable",
    "op": "text",
    "rgb": "rgb(0, 0, 0)",
    "size": 16,
    "text": "6",
    "x": 288,
    "y": 128,
  },
  {
    "color": 9,
    "h": 32,
    "op": "rect",
    "rgb": "rgb(0, 0, 0)",
    "w": 2,
    "x": 272,
    "y": 112,
  },
  {
    "color": 9,
    "h": 32,
    "op": "rect",
    "rgb": "rgb(0, 0, 0)",
    "w": 1,
    "x": 303,
    "y": 112,
  },
  {
    "op": "unclip",
  },
  {
    "h": 32,
    "op": "clip",
    "w": 32,
    "x": 16,
    "y": 144,
  },
  {
    "color": 11,
    "h": 32,
    "op": "rect",
    "rgb": "rgb(237, 237, 237)",
    "w": 32,
    "x": 16,
    "y": 144,
  },
  {
    "color": 1,
    "op": "line",
    "rgb": "rgb(139, 139, 139)",
    "thickness": 1,
    "x1": 16,
    "x2": 48,
    "y1": 144,
    "y2": 144,
  },
  {
    "color": 1,
    "op": "line",
    "rgb": "rgb(139, 139, 139)",
    "thickness": 1,
    "x1": 16,
    "x2": 16,
    "y1": 144,
    "y2": 176,
  },
  {
    "align": "center",
    "baseline": "mathematical",
    "color": 9,
    "fontType": "variable",
    "op": "text",
    "rgb": "rgb(0, 0, 0)",
    "size": 16,
    "text": "5",
    "x": 32,
    "y": 160,
  },
  {
    "color": 9,
    "h": 32,
    "op": "rect",
    "rgb": "rgb(0, 0, 0)",
    "w": 2,
    "x": 16,
    "y": 144,
  },
  {
    "color": 9,
    "h": 32,
    "op": "rect",
    "rgb": "rgb(0, 0, 0)",
    "w": 1,
    "x": 47,
    "y": 144,
  },
  {
    "color": 9,
    "h": 2,
    "op": "rect",
    "rgb": "rgb(0, 0, 0)",
    "w": 1,
    "x": 47,
    "y": 144,
  },
  {
    "op": "unclip",
  },
  {
    "h": 32,
    "op": "clip",
    "w": 32,
    "x": 48,
    "y": 144,
  },
  {
    "color": 11,
    "h": 32,
    "op": "rect",
    "rgb": "rgb(237, 237, 237)",
    "w": 32,
    "x": 48,
    "y": 144,
  },
  {
    "color": 1,
    "op": "line",
    "rgb": "rgb(139, 139, 139)",
    "thickness": 1,
    "x1": 48,
    "x2": 80,
    "y1": 144,
    "y2": 144,
  },
  {
    "color": 1,
    "op": "line",
    "rgb": "rgb(139, 139, 139)",
    "thickness": 1,
    "x1": 48,
    "x2": 48,
    "y1": 144,
    "y2": 176,
  },
  {
    "align": "center",
    "baseline": "mathematical",
    "color": 9,
    "fontType": "variable",
    "op": "text",
    "rgb": "rgb(0, 0, 0)",
    "size": 16,
    "text": "9",
    "x": 64,
    "y": 160,
  },
  {
    "color": 9,
    "h": 32,
    "op": "rect",
    "rgb": "rgb(0, 0, 0)",
    "w": 2,
    "x": 48,
    "y": 144,
  },
  {
    "color": 9,
    "h": 2,
    "op": "rect",
    "rgb": "rgb(0, 0, 0)",
    "w": 32,
    "x": 48,
    "y": 144,
  },
  {
    "op": "unclip",
  },
  {
    "h": 32,
    "op": "clip",
    "w": 32,
    "x": 80,
    "y": 144,
  },
  {
    "color": 10,
    "h": 32,
    "op": "rect",
    "rgb": "rgb(194, 194, 194)",
    "w": 32,
    "x": 80,
    "y": 144,
  },
  {
    "color": 1,
    "op": "line",
    "rgb": "rgb(139, 139, 139)",
    "thickness": 1,
    "x1": 80,
    "x2": 112,
    "y1": 144,
    "y2": 144,
  },
  {
    "color": 1,
    "op": "line",
    "rgb": "rgb(139, 139, 139)",
    "thickness": 1,
    "x1": 80,
    "x2": 80,
    "y1": 144,
    "y2": 176,
  },
  {
    "color": 9,
    "h": 2,
    "op": "rect",
    "rgb": "rgb(0, 0, 0)",
    "w": 2,
    "x": 80,
    "y": 144,
  },
  {
    "op": "unclip",
  },
  {
    "h": 32,
    "op": "clip",
    "w": 32,
    "x": 112,
    "y": 144,
  },
  {
    "color": 11,
    "h": 32,
    "op": "rect",
    "rgb": "rgb(237, 237, 237)",
    "w": 32,
    "x": 112,
    "y": 144,
  },
  {
    "color": 1,
    "op": "line",
    "rgb": "rgb(139, 139, 139)",
    "thickness": 1,
    "x1": 112,
    "x2": 144,
    "y1": 144,
    "y2": 144,
  },
  {
    "color": 1,
    "op": "line",
    "rgb": "rgb(139, 139, 139)",
    "thickness": 1,
    "x1": 112,
    "x2": 112,
    "y1": 144,
    "y2": 176,
  },
  {
    "align": "center",
    "baseline": "mathematical",
    "color": 9,
    "fontType": "variable",
    "op": "text",
    "rgb": "rgb(0, 0, 0)",
    "size": 16,
    "text": "9",
    "x": 128,
    "y": 160,
  },
  {
    "color": 9,
    "h": 32,
    "op": "rect",
    "rgb": "rgb(0, 0, 0)",
    "w": 1,
    "x": 143,
    "y": 144,
  },
  {
    "color": 9,
    "h": 2,
    "op": "rect",
    "rgb": "rgb(0, 0, 0)",
    "w": 1,
    "x": 143,
    "y": 144,
  },
  {
    "op": "unclip",
  },
  {
    "h": 32,
    "op": "clip",
    "w": 32,
    "x": 144,
    "y": 144,
  },
  {
    "color": 11,
    "h": 32,
    "op": "rect",
    "rgb": "rgb(237, 237, 237)",
    "w": 32,
    "x": 144,
    "y": 144,
  },
  {
    "color": 1,
    "op": "line",
    "rgb": "rgb(139, 139, 139)",
    "thickness": 1,
    "x1": 144,
    "x2": 176,
    "y1": 144,
    "y2": 144,
  },
  {
    "color": 1,
    "op": "line",
    "rgb": "rgb(139, 139, 139)",
    "thickness": 1,
    "x1": 144,
    "x2": 144,
    "y1": 144,
    "y2": 176,
  },
  {
    "align": "center",
    "baseline": "mathematical",
    "color": 9,
    "fontType": "variable",
    "op": "text",
    "rgb": "rgb(0, 0, 0)",
    "size": 16,
    "text": "6",
    "x": 160,
    "y": 160,
  },
  {
    "color": 9,
    "h": 32,
    "op": "rect",
    "rgb": "rgb(0, 0, 0)",
    "w": 2,
    "x": 144,
    "y": 144,
  },
  {
    "color": 9,
    "h": 2,
    "op": "rect",
    "rgb": "rgb(0, 0, 0)",
    "w": 32,
    "x": 144,
    "y": 144,
  },
  {
    "op": "unclip",
  },
  {
    "h": 32,
    "op": "clip",
    "w": 32,
    "x": 176,
    "y": 144,
  },
  {
    "color": 10,
    "h": 32,
    "op": "rect",
    "rgb": "rgb(194, 194, 194)",
    "w": 32,
    "x": 176,
    "y": 144,
  },
  {
    "color": 1,
    "op": "line",
    "rgb": "rgb(139, 139, 139)",
    "thickness": 1,
    "x1": 176,
    "x2": 208,
    "y1": 144,
    "y2": 144,
  },
  {
    "color": 1,
    "op": "line",
    "rgb": "rgb(139, 139, 139)",
    "thickness": 1,
    "x1": 176,
    "x2": 176,
    "y1": 144,
    "y2": 176,
  },
  {
    "color": 9,
    "h": 2,
    "op": "rect",
    "rgb": "rgb(0, 0, 0)",
    "w": 2,
    "x": 176,
    "y": 144,
  },
  {
    "color": 9,
    "h": 1,
    "op": "rect",
    "rgb": "rgb(0, 0, 0)",
    "w": 1,
    "x": 207,
    "y": 175,
  },
  {
    "op": "unclip",
  },
  {
    "h": 32,
    "op": "clip",
    "w": 32,
    "x": 208,
    "y": 144,
  },
  {
    "color": 11,
    "h": 32,
    "op": "rect",
    "rgb": "rgb(237, 237, 237)",
    "w": 32,
    "x": 208,
    "y": 144,
  },
  {
    "color": 1,
    "op": "line",
    "rgb": "rgb(139, 139, 139)",
    "thickness": 1,
    "x1": 208,
    "x2": 240,
    "y1": 144,
    "y2": 144,
  },
  {
    "color": 1,
    "op": "line",
    "rgb": "rgb(139, 139, 139)",
    "thickness": 1,
    "x1": 208,
    "x2": 208,
    "y1": 144,
    "y2": 176,
  },
  {
    "align": "center",
    "baseline": "mathematical",
    "color": 9,
    "fontType": "variable",
    "op": "text",
    "rgb": "rgb(0, 0, 0)",
    "size": 16,
    "text": "6",
    "x": 224,
    "y": 160,
  },
  {
    "color": 9,
    "h": 1,
    "op": "rect",
    "rgb": "rgb(0, 0, 0)",
    "w": 32,
    "x": 208,
    "y": 175,
  },
  {
    "op": "unclip",
  },
  {
    "h": 32,
    "op": "clip",
    "w": 32,
    "x": 240,
    "y": 144,
  },
  {
    "color": 10,
    "h": 32,
    "op": "rect",
    "rgb": "rgb(194, 194, 194)",
    "w": 32,
    "x": 240,
    "y": 144,
  },
  {
    "color": 1,
    "op": "line",
    "rgb": "rgb(139, 139, 139)",
    "thickness": 1,
    "x1": 240,
    "x2": 272,
    "y1": 144,
    "y2": 144,
  },
  {
    "color": 1,
    "op": "line",
    "rgb": "rgb(139, 139, 139)",
    "thickness": 1,
    "x1": 240,
    "x2": 240,
    "y1": 144,
    "y2": 176,
  },
  {
    "color": 9,
    "h": 2,
    "op": "rect",
    "rgb": "rgb(0, 0, 0)",
    "w": 1,
    "x": 271,
    "y": 144,
  },
  {
    "color": 9,
    "h": 1,
    "op": "rect",
    "rgb": "rgb(0, 0, 0)",
    "w": 2,
    "x": 240,
    "y": 175,
  },
  {
    "op": "unclip",
  },
  {
    "h": 32,
    "op": "clip",
    "w": 32,
    "x": 272,
    "y": 144,
  },
  {
    "color": 10,
    "h": 32,
    "op": "rect",
    "rgb": "rgb(194, 194, 194)",
    "w": 32,
    "x": 272,
    "y": 144,
  },
  {
    "color": 1,
    "op": "line",
    "rgb": "rgb(139, 139, 139)",
    "thickness": 1,
    "x1": 272,
    "x2": 304,
    "y1": 144,
    "y2": 144,
  },
  {
    "color": 1,
    "op": "line",
    "rgb": "rgb(139, 139, 139)",
    "thickness": 1,
    "x1": 272,
    "x2": 272,
    "y1": 144,
    "y2": 176,
  },
  {
    "color": 9,
    "h": 32,
    "op": "rect",
    "rgb": "rgb(0, 0, 0)",
    "w": 1,
    "x": 303,
    "y": 144,
  },
  {
    "color": 9,
    "h": 2,
    "op": "rect",
    "rgb": "rgb(0, 0, 0)",
    "w": 2,
    "x": 272,
    "y": 144,
  },
  {
    "op": "unclip",
  },
  {
    "h": 32,
    "op": "clip",
    "w": 32,
    "x": 16,
    "y": 176,
  },
  {
    "color": 10,
    "h": 32,
    "op": "rect",
    "rgb": "rgb(194, 194, 194)",
    "w": 32,
    "x": 16,
    "y": 176,
  },
  {
    "color": 1,
    "op": "line",
    "rgb": "rgb(139, 139, 139)",
    "thickness": 1,
    "x1": 16,
    "x2": 48,
    "y1": 176,
    "y2": 176,
  },
  {
    "color": 1,
    "op": "line",
    "rgb": "rgb(139, 139, 139)",
    "thickness": 1,
    "x1": 16,
    "x2": 16,
    "y1": 176,
    "y2": 208,
  },
  {
    "color": 9,
    "h": 32,
    "op": "rect",
    "rgb": "rgb(0, 0, 0)",
    "w": 2,
    "x": 16,
    "y": 176,
  },
  {
    "color": 9,
    "h": 2,
    "op": "rect",
    "rgb": "rgb(0, 0, 0)",
    "w": 1,
    "x": 47,
    "y": 176,
  },
  {
    "op": "unclip",
  },
  {
    "h": 32,
    "op": "clip",
    "w": 32,
    "x": 48,
    "y": 176,
  },
  {
    "color": 11,
    "h": 32,
    "op": "rect",
    "rgb": "rgb(237, 237, 237)",
    "w": 32,
    "x": 48,
    "y": 176,
  },
  {
    "color": 1,
    "op": "line",
    "rgb": "rgb(139, 139, 139)",
    "thickness": 1,
    "x1": 48,
    "x2": 80,
    "y1": 176,
    "y2": 176,
  },
  {
    "color": 1,
    "op": "line",
    "rgb": "rgb(139, 139, 139)",
    "thickness": 1,
    "x1": 48,
    "x2": 48,
    "y1": 176,
    "y2": 208,
  },
  {
    "align": "center",
    "baseline": "mathematical",
    "color": 9,
    "fontType": "variable",
    "op": "text",
    "rgb": "rgb(0, 0, 0)",
    "size": 16,
    "text": "9",
    "x": 64,
    "y": 192,
  },
  {
    "color": 9,
    "h": 2,
    "op": "rect",
    "rgb": "rgb(0, 0, 0)",
    "w": 2,
    "x": 48,
    "y": 176,
  },
  {
    "op": "unclip",
  },
  {
    "h": 32,
    "op": "clip",
    "w": 32,
    "x": 80,
    "y": 176,
  },
  {
    "color": 11,
    "h": 32,
    "op": "rect",
    "rgb": "rgb(237, 237, 237)",
    "w": 32,
    "x": 80,
    "y": 176,
  },
  {
    "color": 1,
    "op": "line",
    "rgb": "rgb(139, 139, 139)",
    "thickness": 1,
    "x1": 80,
    "x2": 112,
    "y1": 176,
    "y2": 176,
  },
  {
    "color": 1,
    "op": "line",
    "rgb": "rgb(139, 139, 139)",
    "thickness": 1,
    "x1": 80,
    "x2": 80,
    "y1": 176,
    "y2": 208,
  },
  {
    "align": "center",
    "baseline": "mathematical",
    "color": 9,
    "fontType": "variable",
    "op": "text",
    "rgb": "rgb(0, 0, 0)",
    "size": 16,
    "text": "9",
    "x": 96,
    "y": 192,
  },
  {
    "op": "unclip",
  },
  {
    "h": 32,
    "op": "clip",
    "w": 32,
    "x": 112,
    "y": 176,
  },
  {
    "color": 11,
    "h": 32,
    "op": "rect",
    "rgb": "rgb(237, 237, 237)",
    "w": 32,
    "x": 112,
    "y": 176,
  },
  {
    "color": 1,
    "op": "line",
    "rgb": "rgb(139, 139, 139)",
    "thickness": 1,
    "x1": 112,
    "x2": 144,
    "y1": 176,
    "y2": 176,
  },
  {
    "color": 1,
    "op": "line",
    "rgb": "rgb(139, 139, 139)",
    "thickness": 1,
    "x1": 112,
    "x2": 112,
    "y1": 176,
    "y2": 208,
  },
  {
    "align": "center",
    "baseline": "mathematical",
    "color": 9,
    "fontType": "variable",
    "op": "text",
    "rgb": "rgb(0, 0, 0)",
    "size": 16,
    "text": "9",
    "x": 128,
    "y": 192,
  },
  {
    "color": 9,
    "h": 2,
    "op": "rect",
    "rgb": "rgb(0, 0, 0)",
    "w": 1,
    "x": 143,
    "y": 176,
  },
  {
    "color": 9,
    "h": 1,
    "op": "rect",
    "rgb": "rgb(0, 0, 0)",
    "w": 1,
    "x": 143,
    "y": 207,
  },
  {
    "op": "unclip",
  },
  {
    "h": 32,
    "op": "clip",
    "w": 32,
    "x": 144,
    "y": 176,
  },
  {
    "color": 10,
    "h": 32,
    "op": "rect",
    "rgb": "rgb(194, 194, 194)",
    "w": 32,
    "x": 144,
    "y": 176,
  },
  {
    "color": 1,
    "op": "line",
    "rgb": "rgb(139, 139, 139)",
    "thickness": 1,
    "x1": 144,
    "x2": 176,
    "y1": 176,
    "y2": 176,
  },
  {
    "color": 1,
    "op": "line",
    "rgb": "rgb(139, 139, 139)",
    "thickness": 1,
    "x1": 144,
    "x2": 144,
    "y1": 176,
    "y2": 208,
  },
  {
    "color": 9,
    "h": 2,
    "op": "rect",
    "rgb": "rgb(0, 0, 0)",
    "w": 2,
    "x": 144,
    "y": 176,
  },
  {
    "color": 9,
    "h": 1,
    "op": "rect",
    "rgb": "rgb(0, 0, 0)",
    "w": 2,
    "x": 144,
    "y": 207,
  },
  {
    "op": "unclip",
  },
  {
    "h": 32,
    "op": "clip",
    "w": 32,
    "x": 176,
    "y": 176,
  },
  {
    "color": 10,
    "h": 32,
    "op": "rect",
    "rgb": "rgb(194, 194, 194)",
    "w": 32,
    "x": 176,
    "y": 176,
  },
  {
    "color": 1,
    "op": "line",
    "rgb": "rgb(139, 139, 139)",
    "thickness": 1,
    "x1": 176,
    "x2": 208,
    "y1": 176,
    "y2": 176,
  },
  {
    "color": 1,
    "op": "line",
    "rgb": "rgb(139, 139, 139)",
    "thickness": 1,
    "x1": 176,
    "x2": 176,
    "y1": 176,
    "y2": 208,
  },
  {
    "color": 9,
    "h": 2,
    "op": "rect",
    "rgb": "rgb(0, 0, 0)",
    "w": 1,
    "x": 207,
    "y": 176,
  },
  {
    "op": "unclip",
  },
  {
    "h": 32,
    "op": "clip",
    "w": 32,
    "x": 208,
    "y": 176,
  },
  {
    "color": 11,
    "h": 32,
    "op": "rect",
    "rgb": "rgb(237, 237, 237)",
    "w": 32,
    "x": 208,
    "y": 176,
  },
  {
    "color": 1,
    "op": "line",
    "rgb": "rgb(139, 139, 139)",
    "thickness": 1,
    "x1": 208,
    "x2": 240,
    "y1": 176,
    "y2": 176,
  },
  {
    "color": 1,
    "op": "line",
    "rgb": "rgb(139, 139, 139)",
    "thickness": 1,
    "x1": 208,
    "x2": 208,
    "y1": 176,
    "y2": 208,
  },
  {
    "align": "center",
    "baseline": "mathematical",
    "color": 9,
    "fontType": "variable",
    "op": "text",
    "rgb": "rgb(0, 0, 0)",
    "size": 16,
    "text": "8",
    "x": 224,
    "y": 192,
  },
  {
    "color": 9,
    "h": 2,
    "op": "rect",
    "rgb": "rgb(0, 0, 0)",
    "w": 32,
    "x": 208,
    "y": 176,
  },
  {
    "op": "unclip",
  },
  {
    "h": 32,
    "op": "clip",
    "w": 32,
    "x": 240,
    "y": 176,
  },
  {
    "color": 10,
    "h": 32,
    "op": "rect",
    "rgb": "rgb(194, 194, 194)",
    "w": 32,
    "x": 240,
    "y": 176,
  },
  {
    "color": 1,
    "op": "line",
    "rgb": "rgb(139, 139, 139)",
    "thickness": 1,
    "x1": 240,
    "x2": 272,
    "y1": 176,
    "y2": 176,
  },
  {
    "color": 1,
    "op": "line",
    "rgb": "rgb(139, 139, 139)",
    "thickness": 1,
    "x1": 240,
    "x2": 240,
    "y1": 176,
    "y2": 208,
  },
  {
    "color": 9,
    "h": 2,
    "op": "rect",
    "rgb": "rgb(0, 0, 0)",
    "w": 2,
    "x": 240,
    "y": 176,
  },
  {
    "op": "unclip",
  },
  {
    "h": 32,
    "op": "clip",
    "w": 32,
    "x": 272,
    "y": 176,
  },
  {
    "color": 10,
    "h": 32,
    "op": "rect",
    "rgb": "rgb(194, 194, 194)",
    "w": 32,
    "x": 272,
    "y": 176,
  },
  {
    "color": 1,
    "op": "line",
    "rgb": "rgb(139, 139, 139)",
    "thickness": 1,
    "x1": 272,
    "x2": 304,
    "y1": 176,
    "y2": 176,
  },
  {
    "color": 1,
    "op": "line",
    "rgb": "rgb(139, 139, 139)",
    "thickness": 1,
    "x1": 272,
    "x2": 272,
    "y1": 176,
    "y2": 208,
  },
  {
    "color": 9,
    "h": 32,
    "op": "rect",
    "rgb": "rgb(0, 0, 0)",
    "w": 1,
    "x": 303,
    "y": 176,
  },
  {
    "op": "unclip",
  },
  {
    "h": 32,
    "op": "clip",
    "w": 32,
    "x": 16,
    "y": 208,
  },
  {
    "color": 10,
    "h": 32,
    "op": "rect",
    "rgb": "rgb(194, 194, 194)",
    "w": 32,
    "x": 16,
    "y": 208,
  },
  {
    "color": 1,
    "op": "line",
    "rgb": "rgb(139, 139, 139)",
    "thickness": 1,
    "x1": 16,
    "x2": 48,
    "y1": 208,
    "y2": 208,
  },
  {
    "color": 1,
    "op": "line",
    "rgb": "rgb(139, 139, 139)",
    "thickness": 1,
    "x1": 16,
    "x2": 16,
    "y1": 208,
    "y2": 240,
  },
  {
    "color": 9,
    "h": 32,
    "op": "rect",
    "rgb": "rgb(0, 0, 0)",
    "w": 2,
    "x": 16,
    "y": 208,
  },
  {
    "color": 9,
    "h": 1,
    "op": "rect",
    "rgb": "rgb(0, 0, 0)",
    "w": 32,
    "x": 16,
    "y": 239,
  },
  {
    "op": "unclip",
  },
  {
    "h": 32,
    "op": "clip",
    "w": 32,
    "x": 48,
    "y": 208,
  },
  {
    "color": 10,
    "h": 32,
    "op": "rect",
    "rgb": "rgb(194, 194, 194)",
    "w": 32,
    "x": 48,
    "y": 208,
  },
  {
    "color": 1,
    "op": "line",
    "rgb": "rgb(139, 139, 139)",
    "thickness": 1,
    "x1": 48,
    "x2": 80,
    "y1": 208,
    "y2": 208,
  },
  {
    "color": 1,
    "op": "line",
    "rgb": "rgb(139, 139, 139)",
    "thickness": 1,
    "x1": 48,
    "x2": 48,
    "y1": 208,
    "y2": 240,
  },
  {
    "color": 9,
    "h": 1,
    "op": "rect",
    "rgb": "rgb(0, 0, 0)",
    "w": 32,
    "x": 48,
    "y": 239,
  },
  {
    "op": "unclip",
  },
  {
    "h": 32,
    "op": "clip",
    "w": 32,
    "x": 80,
    "y": 208,
  },
  {
    "color": 11,
    "h": 32,
    "op": "rect",
    "rgb": "rgb(237, 237, 237)",
    "w": 32,
    "x": 80,
    "y": 208,
  },
  {
    "color": 1,
    "op": "line",
    "rgb": "rgb(139, 139, 139)",
    "thickness": 1,
    "x1": 80,
    "x2": 112,
    "y1": 208,
    "y2": 208,
  },
  {
    "color": 1,
    "op": "line",
    "rgb": "rgb(139, 139, 139)",
    "thickness": 1,
    "x1": 80,
    "x2": 80,
    "y1": 208,
    "y2": 240,
  },
  {
    "align": "center",
    "baseline": "mathematical",
    "color": 9,
    "fontType": "variable",
    "op": "text",
    "rgb": "rgb(0, 0, 0)",
    "size": 16,
    "text": "9",
    "x": 96,
    "y": 224,
  },
  {
    "color": 9,
    "h": 1,
    "op": "rect",
    "rgb": "rgb(0, 0, 0)",
    "w": 32,
    "x": 80,
    "y": 239,
  },
  {
    "op": "unclip",
  },
  {
    "h": 32,
    "op": "clip",
    "w": 32,
    "x": 112,
    "y": 208,
  },
  {
    "color": 11,
    "h": 32,
    "op": "rect",
    "rgb": "rgb(237, 237, 237)",
    "w": 32,
    "x": 112,
    "y": 208,
  },
  {
    "color": 1,
    "op": "line",
    "rgb": "rgb(139, 139, 139)",
    "thickness": 1,
    "x1": 112,
    "x2": 144,
    "y1": 208,
    "y2": 208,
  },
  {
    "color": 1,
    "op": "line",
    "rgb": "rgb(139, 139, 139)",
    "thickness": 1,
    "x1": 112,
    "x2": 112,
    "y1": 208,
    "y2": 240,
  },
  {
    "align": "center",
    "baseline": "mathematical",
    "color": 9,
    "fontType": "variable",
    "op": "text",
    "rgb": "rgb(0, 0, 0)",
    "size": 16,
    "text": "9",
    "x": 128,
    "y": 224,
  },
  {
    "color": 9,
    "h": 32,
    "op": "rect",
    "rgb": "rgb(0, 0, 0)",
    "w": 1,
    "x": 143,
    "y": 208,
  },
  {
    "color": 9,
    "h": 1,
    "op": "rect",
    "rgb": "rgb(0, 0, 0)",
    "w": 32,
    "x": 112,
    "y": 239,
  },
  {
    "op": "unclip",
  },
  {
    "h": 32,
    "op": "clip",
    "w": 32,
    "x": 144,
    "y": 208,
  },
  {
    "color": 11,
    "h": 32,
    "op": "rect",
    "rgb": "rgb(237, 237, 237)",
    "w": 32,
    "x": 144,
    "y": 208,
  },
  {
    "color": 1,
    "op": "line",
    "rgb": "rgb(139, 139, 139)",
    "thickness": 1,
    "x1": 144,
    "x2": 176,
    "y1": 208,
    "y2": 208,
  },
  {
    "color": 1,
    "op": "line",
    "rgb": "rgb(139, 139, 139)",
    "thickness": 1,
    "x1": 144,
    "x2": 144,
    "y1": 208,
    "y2": 240,
  },
  {
    "align": "center",
    "baseline": "mathematical",
    "color": 9,
    "fontType": "variable",
    "op": "text",
    "rgb": "rgb(0, 0, 0)",
    "size": 16,
    "text": "4",
    "x": 160,
    "y": 224,
  },
  {
    "color": 9,
    "h": 32,
    "op": "rect",
    "rgb": "rgb(0, 0, 0)",
    "w": 2,
    "x": 144,
    "y": 208,
  },
  {
    "color": 9,
    "h": 1,
    "op": "rect",
    "rgb": "rgb(0, 0, 0)",
    "w": 32,
    "x": 144,
    "y": 239,
  },
  {
    "op": "unclip",
  },
  {
    "h": 32,
    "op": "clip",
    "w": 32,
    "x": 176,
    "y": 208,
  },
  {
    "color": 10,
    "h": 32,
    "op": "rect",
    "rgb": "rgb(194, 194, 194)",
    "w": 32,
    "x": 176,
    "y": 208,
  },
  {
    "color": 1,
    "op": "line",
    "rgb": "rgb(139, 139, 139)",
    "thickness": 1,
    "x1": 176,
    "x2": 208,
    "y1": 208,
    "y2": 208,
  },
  {
    "color": 1,
    "op": "line",
    "rgb": "rgb(139, 139, 139)",
    "thickness": 1,
    "x1": 176,
    "x2": 176,
    "y1": 208,
    "y2": 240,
  },
  {
    "color": 9,
    "h": 1,
    "op": "rect",
    "rgb": "rgb(0, 0, 0)",
    "w": 32,
    "x": 176,
    "y": 239,
  },
  {
    "op": "unclip",
  },
  {
    "h": 32,
    "op": "clip",
    "w": 32,
    "x": 208,
    "y": 208,
  },
  {
    "color": 11,
    "h": 32,
    "op": "rect",
    "rgb": "rgb(237, 237, 237)",
    "w": 32,
    "x": 208,
    "y": 208,
  },
  {
    "color": 1,
    "op": "line",
    "rgb": "rgb(139, 139, 139)",
    "thickness": 1,
    "x1": 208,
    "x2": 240,
    "y1": 208,
    "y2": 208,
  },
  {
    "color": 1,
    "op": "line",
    "rgb": "rgb(139, 139, 139)",
    "thickness": 1,
    "x1": 208,
    "x2": 208,
    "y1": 208,
    "y2": 240,
  },
  {
    "align": "center",
    "baseline": "mathematical",
    "color": 9,
    "fontType": "variable",
    "op": "text",
    "rgb": "rgb(0, 0, 0)",
    "size": 16,
    "text": "8",
    "x": 224,
    "y": 224,
  },
  {
    "color": 9,
    "h": 1,
    "op": "rect",
    "rgb": "rgb(0, 0, 0)",
    "w": 32,
    "x": 208,
    "y": 239,
  },
  {
    "op": "unclip",
  },
  {
    "h": 32,
    "op": "clip",
    "w": 32,
    "x": 240,
    "y": 208,
  },
  {
    "color": 10,
    "h": 32,
    "op": "rect",
    "rgb": "rgb(194, 194, 194)",
    "w": 32,
    "x": 240,
    "y": 208,
  },
  {
    "color": 1,
    "op": "line",
    "rgb": "rgb(139, 139, 139)",
    "thickness": 1,
    "x1": 240,
    "x2": 272,
    "y1": 208,
    "y2": 208,
  },
  {
    "color": 1,
    "op": "line",
    "rgb": "rgb(139, 139, 139)",
    "thickness": 1,
    "x1": 240,
    "x2": 240,
    "y1": 208,
    "y2": 240,
  },
  {
    "color": 9,
    "h": 1,
    "op": "rect",
    "rgb": "rgb(0, 0, 0)",
    "w": 32,
    "x": 240,
    "y": 239,
  },
  {
    "op": "unclip",
  },
  {
    "h": 32,
    "op": "clip",
    "w": 32,
    "x": 272,
    "y": 208,
  },
  {
    "color": 10,
    "h": 32,
    "op": "rect",
    "rgb": "rgb(194, 194, 194)",
    "w": 32,
    "x": 272,
    "y": 208,
  },
  {
    "color": 1,
    "op": "line",
    "rgb": "rgb(139, 139, 139)",
    "thickness": 1,
    "x1": 272,
    "x2": 304,
    "y1": 208,
    "y2": 208,
  },
  {
    "color": 1,
    "op": "line",
    "rgb": "rgb(139, 139, 139)",
    "thickness": 1,
    "x1": 272,
    "x2": 272,
    "y1": 208,
    "y2": 240,
  },
  {
    "color": 9,
    "h": 32,
    "op": "rect",
    "rgb": "rgb(0, 0, 0)",
    "w": 1,
    "x": 303,
    "y": 208,
  },
  {
    "color": 9,
    "h": 1,
    "op": "rect",
    "rgb": "rgb(0, 0, 0)",
    "w": 32,
    "x": 272,
    "y": 239,
  },
  {
    "op": "unclip",
  },
]
`;
