// Vitest Snapshot v1, https://vitest.dev/guide/snapshot.html

exports[`signpost hint frame > draws the arrow in the hint color, rings its target and stripes the line 1`] = `
[
  {
    "color": 0,
    "h": 242,
    "op": "rect",
    "rgb": "rgb(211, 211, 211)",
    "w": 242,
    "x": 0,
    "y": 0,
  },
  {
    "color": 3,
    "op": "line",
    "rgb": "rgb(128, 128, 128)",
    "thickness": 1,
    "x1": 0,
    "x2": 241,
    "y1": 0,
    "y2": 0,
  },
  {
    "color": 3,
    "op": "line",
    "rgb": "rgb(128, 128, 128)",
    "thickness": 1,
    "x1": 241,
    "x2": 241,
    "y1": 0,
    "y2": 241,
  },
  {
    "color": 3,
    "op": "line",
    "rgb": "rgb(128, 128, 128)",
    "thickness": 1,
    "x1": 241,
    "x2": 0,
    "y1": 241,
    "y2": 241,
  },
  {
    "color": 3,
    "op": "line",
    "rgb": "rgb(128, 128, 128)",
    "thickness": 1,
    "x1": 0,
    "x2": 0,
    "y1": 241,
    "y2": 0,
  },
  {
    "color": 14,
    "h": 48,
    "op": "rect",
    "rgb": "rgb(163, 206, 168)",
    "w": 48,
    "x": 1,
    "y": 1,
  },
  {
    "fill": 76,
    "fillRgb": "rgb(21, 113, 233)",
    "op": "polygon",
    "outline": 76,
    "outlineRgb": "rgb(21, 113, 233)",
    "points": [
      [
        45,
        35,
      ],
      [
        35,
        45,
      ],
      [
        35,
        38,
      ],
      [
        25,
        38,
      ],
      [
        25,
        32,
      ],
      [
        35,
        32,
      ],
      [
        35,
        25,
      ],
    ],
  },
  {
    "align": "left",
    "baseline": "mathematical",
    "color": 9,
    "fontType": "variable",
    "op": "text",
    "rgb": "rgb(0, 0, 0)",
    "size": 14,
    "text": "b+1",
    "x": 4,
    "y": 13,
  },
  {
    "color": 13,
    "h": 48,
    "op": "rect",
    "rgb": "rgb(233, 163, 154)",
    "w": 48,
    "x": 1,
    "y": 49,
  },
  {
    "fill": 7,
    "fillRgb": "rgb(0, 0, 0)",
    "op": "polygon",
    "outline": 7,
    "outlineRgb": "rgb(0, 0, 0)",
    "points": [
      [
        35,
        93,
      ],
      [
        25,
        83,
      ],
      [
        32,
        83,
      ],
      [
        32,
        73,
      ],
      [
        38,
        73,
      ],
      [
        38,
        83,
      ],
      [
        45,
        83,
      ],
    ],
  },
  {
    "align": "left",
    "baseline": "mathematical",
    "color": 9,
    "fontType": "variable",
    "op": "text",
    "rgb": "rgb(0, 0, 0)",
    "size": 14,
    "text": "a+1",
    "x": 4,
    "y": 61,
  },
  {
    "color": 0,
    "h": 48,
    "op": "rect",
    "rgb": "rgb(211, 211, 211)",
    "w": 48,
    "x": 1,
    "y": 97,
  },
  {
    "fill": 7,
    "fillRgb": "rgb(0, 0, 0)",
    "op": "polygon",
    "outline": 7,
    "outlineRgb": "rgb(0, 0, 0)",
    "points": [
      [
        42,
        138,
      ],
      [
        28,
        138,
      ],
      [
        33,
        133,
      ],
      [
        26,
        126,
      ],
      [
        30,
        122,
      ],
      [
        37,
        129,
      ],
      [
        42,
        124,
      ],
    ],
  },
  {
    "cx": 15,
    "cy": 131,
    "fill": 7,
    "fillRgb": "rgb(0, 0, 0)",
    "op": "circle",
    "outline": 7,
    "outlineRgb": "rgb(0, 0, 0)",
    "r": 2,
  },
  {
    "color": 12,
    "h": 48,
    "op": "rect",
    "rgb": "rgb(183, 183, 183)",
    "w": 48,
    "x": 1,
    "y": 145,
  },
  {
    "fill": 7,
    "fillRgb": "rgb(0, 0, 0)",
    "op": "polygon",
    "outline": 7,
    "outlineRgb": "rgb(0, 0, 0)",
    "points": [
      [
        45,
        179,
      ],
      [
        35,
        189,
      ],
      [
        35,
        182,
      ],
      [
        25,
        182,
      ],
      [
        25,
        176,
      ],
      [
        35,
        176,
      ],
      [
        35,
        169,
      ],
    ],
  },
  {
    "cx": 15,
    "cy": 179,
    "fill": 7,
    "fillRgb": "rgb(0, 0, 0)",
    "op": "circle",
    "outline": 7,
    "outlineRgb": "rgb(0, 0, 0)",
    "r": 2,
  },
  {
    "align": "left",
    "baseline": "mathematical",
    "color": 10,
    "fontType": "variable",
    "op": "text",
    "rgb": "rgb(44, 77, 126)",
    "size": 20,
    "text": "4",
    "x": 4,
    "y": 157,
  },
  {
    "color": 0,
    "h": 48,
    "op": "rect",
    "rgb": "rgb(211, 211, 211)",
    "w": 48,
    "x": 1,
    "y": 193,
  },
  {
    "fill": 7,
    "fillRgb": "rgb(0, 0, 0)",
    "op": "polygon",
    "outline": 7,
    "outlineRgb": "rgb(0, 0, 0)",
    "points": [
      [
        45,
        227,
      ],
      [
        35,
        237,
      ],
      [
        35,
        230,
      ],
      [
        25,
        230,
      ],
      [
        25,
        224,
      ],
      [
        35,
        224,
      ],
      [
        35,
        217,
      ],
    ],
  },
  {
    "cx": 15,
    "cy": 227,
    "fill": 7,
    "fillRgb": "rgb(0, 0, 0)",
    "op": "circle",
    "outline": 7,
    "outlineRgb": "rgb(0, 0, 0)",
    "r": 2,
  },
  {
    "color": 0,
    "h": 48,
    "op": "rect",
    "rgb": "rgb(211, 211, 211)",
    "w": 48,
    "x": 49,
    "y": 1,
  },
  {
    "color": 76,
    "h": 48,
    "op": "hatch",
    "period": 16,
    "rgb": "rgb(21, 113, 233)",
    "w": 48,
    "x": 49,
    "y": 1,
  },
  {
    "fill": 7,
    "fillRgb": "rgb(0, 0, 0)",
    "op": "polygon",
    "outline": 7,
    "outlineRgb": "rgb(0, 0, 0)",
    "points": [
      [
        90,
        42,
      ],
      [
        76,
        42,
      ],
      [
        81,
        37,
      ],
      [
        74,
        30,
      ],
      [
        78,
        26,
      ],
      [
        85,
        33,
      ],
      [
        90,
        28,
      ],
    ],
  },
  {
    "cx": 63,
    "cy": 35,
    "fill": 7,
    "fillRgb": "rgb(0, 0, 0)",
    "op": "circle",
    "outline": 7,
    "outlineRgb": "rgb(0, 0, 0)",
    "r": 2,
  },
  {
    "color": 76,
    "h": 2,
    "op": "rect",
    "rgb": "rgb(21, 113, 233)",
    "w": 48,
    "x": 49,
    "y": 1,
  },
  {
    "color": 76,
    "h": 48,
    "op": "rect",
    "rgb": "rgb(21, 113, 233)",
    "w": 2,
    "x": 49,
    "y": 1,
  },
  {
    "color": 76,
    "h": 2,
    "op": "rect",
    "rgb": "rgb(21, 113, 233)",
    "w": 48,
    "x": 49,
    "y": 47,
  },
  {
    "color": 76,
    "h": 48,
    "op": "rect",
    "rgb": "rgb(21, 113, 233)",
    "w": 2,
    "x": 95,
    "y": 1,
  },
  {
    "color": 12,
    "h": 48,
    "op": "rect",
    "rgb": "rgb(183, 183, 183)",
    "w": 48,
    "x": 49,
    "y": 49,
  },
  {
    "fill": 28,
    "fillRgb": "rgb(128, 128, 128)",
    "op": "polygon",
    "outline": 28,
    "outlineRgb": "rgb(128, 128, 128)",
    "points": [
      [
        90,
        76,
      ],
      [
        90,
        90,
      ],
      [
        85,
        85,
      ],
      [
        78,
        92,
      ],
      [
        74,
        88,
      ],
      [
        81,
        81,
      ],
      [
        76,
        76,
      ],
    ],
  },
  {
    "cx": 63,
    "cy": 83,
    "fill": 7,
    "fillRgb": "rgb(0, 0, 0)",
    "op": "circle",
    "outline": 7,
    "outlineRgb": "rgb(0, 0, 0)",
    "r": 2,
  },
  {
    "align": "left",
    "baseline": "mathematical",
    "color": 10,
    "fontType": "variable",
    "op": "text",
    "rgb": "rgb(44, 77, 126)",
    "size": 20,
    "text": "8",
    "x": 52,
    "y": 61,
  },
  {
    "color": 13,
    "h": 48,
    "op": "rect",
    "rgb": "rgb(233, 163, 154)",
    "w": 48,
    "x": 49,
    "y": 97,
  },
  {
    "fill": 29,
    "fillRgb": "rgb(163, 114, 108)",
    "op": "polygon",
    "outline": 29,
    "outlineRgb": "rgb(163, 114, 108)",
    "points": [
      [
        76,
        124,
      ],
      [
        90,
        124,
      ],
      [
        85,
        129,
      ],
      [
        92,
        136,
      ],
      [
        88,
        140,
      ],
      [
        81,
        133,
      ],
      [
        76,
        138,
      ],
    ],
  },
  {
    "cx": 63,
    "cy": 131,
    "fill": 7,
    "fillRgb": "rgb(0, 0, 0)",
    "op": "circle",
    "outline": 7,
    "outlineRgb": "rgb(0, 0, 0)",
    "r": 2,
  },
  {
    "align": "left",
    "baseline": "mathematical",
    "color": 9,
    "fontType": "variable",
    "op": "text",
    "rgb": "rgb(0, 0, 0)",
    "size": 20,
    "text": "a",
    "x": 52,
    "y": 109,
  },
  {
    "color": 12,
    "h": 48,
    "op": "rect",
    "rgb": "rgb(183, 183, 183)",
    "w": 48,
    "x": 49,
    "y": 145,
  },
  {
    "fill": 7,
    "fillRgb": "rgb(0, 0, 0)",
    "op": "polygon",
    "outline": 7,
    "outlineRgb": "rgb(0, 0, 0)",
    "points": [
      [
        83,
        169,
      ],
      [
        86,
        175,
      ],
      [
        93,
        176,
      ],
      [
        88,
        181,
      ],
      [
        89,
        187,
      ],
      [
        83,
        184,
      ],
      [
        77,
        187,
      ],
      [
        78,
        181,
      ],
      [
        73,
        176,
      ],
      [
        80,
        175,
      ],
    ],
  },
  {
    "cx": 63,
    "cy": 179,
    "fill": 7,
    "fillRgb": "rgb(0, 0, 0)",
    "op": "circle",
    "outline": 7,
    "outlineRgb": "rgb(0, 0, 0)",
    "r": 2,
  },
  {
    "align": "left",
    "baseline": "mathematical",
    "color": 10,
    "fontType": "variable",
    "op": "text",
    "rgb": "rgb(44, 77, 126)",
    "size": 20,
    "text": "25",
    "x": 52,
    "y": 157,
  },
  {
    "color": 0,
    "h": 48,
    "op": "rect",
    "rgb": "rgb(211, 211, 211)",
    "w": 48,
    "x": 49,
    "y": 193,
  },
  {
    "fill": 7,
    "fillRgb": "rgb(0, 0, 0)",
    "op": "polygon",
    "outline": 7,
    "outlineRgb": "rgb(0, 0, 0)",
    "points": [
      [
        83,
        217,
      ],
      [
        93,
        227,
      ],
      [
        86,
        227,
      ],
      [
        86,
        237,
      ],
      [
        80,
        237,
      ],
      [
        80,
        227,
      ],
      [
        73,
        227,
      ],
    ],
  },
  {
    "cx": 63,
    "cy": 227,
    "fill": 7,
    "fillRgb": "rgb(0, 0, 0)",
    "op": "circle",
    "outline": 7,
    "outlineRgb": "rgb(0, 0, 0)",
    "r": 2,
  },
  {
    "color": 12,
    "h": 48,
    "op": "rect",
    "rgb": "rgb(183, 183, 183)",
    "w": 48,
    "x": 97,
    "y": 1,
  },
  {
    "color": 76,
    "h": 48,
    "op": "hatch",
    "period": 16,
    "rgb": "rgb(21, 113, 233)",
    "w": 48,
    "x": 97,
    "y": 1,
  },
  {
    "fill": 7,
    "fillRgb": "rgb(0, 0, 0)",
    "op": "polygon",
    "outline": 7,
    "outlineRgb": "rgb(0, 0, 0)",
    "points": [
      [
        138,
        42,
      ],
      [
        124,
        42,
      ],
      [
        129,
        37,
      ],
      [
        122,
        30,
      ],
      [
        126,
        26,
      ],
      [
        133,
        33,
      ],
      [
        138,
        28,
      ],
    ],
  },
  {
    "align": "left",
    "baseline": "mathematical",
    "color": 9,
    "fontType": "variable",
    "op": "text",
    "rgb": "rgb(0, 0, 0)",
    "size": 20,
    "text": "9",
    "x": 100,
    "y": 13,
  },
  {
    "color": 0,
    "h": 48,
    "op": "rect",
    "rgb": "rgb(211, 211, 211)",
    "w": 48,
    "x": 97,
    "y": 49,
  },
  {
    "fill": 7,
    "fillRgb": "rgb(0, 0, 0)",
    "op": "polygon",
    "outline": 7,
    "outlineRgb": "rgb(0, 0, 0)",
    "points": [
      [
        131,
        93,
      ],
      [
        121,
        83,
      ],
      [
        128,
        83,
      ],
      [
        128,
        73,
      ],
      [
        134,
        73,
      ],
      [
        134,
        83,
      ],
      [
        141,
        83,
      ],
    ],
  },
  {
    "cx": 111,
    "cy": 83,
    "fill": 7,
    "fillRgb": "rgb(0, 0, 0)",
    "op": "circle",
    "outline": 7,
    "outlineRgb": "rgb(0, 0, 0)",
    "r": 2,
  },
  {
    "color": 0,
    "h": 48,
    "op": "rect",
    "rgb": "rgb(211, 211, 211)",
    "w": 48,
    "x": 97,
    "y": 97,
  },
  {
    "fill": 7,
    "fillRgb": "rgb(0, 0, 0)",
    "op": "polygon",
    "outline": 7,
    "outlineRgb": "rgb(0, 0, 0)",
    "points": [
      [
        131,
        141,
      ],
      [
        121,
        131,
      ],
      [
        128,
        131,
      ],
      [
        128,
        121,
      ],
      [
        134,
        121,
      ],
      [
        134,
        131,
      ],
      [
        141,
        131,
      ],
    ],
  },
  {
    "cx": 111,
    "cy": 131,
    "fill": 7,
    "fillRgb": "rgb(0, 0, 0)",
    "op": "circle",
    "outline": 7,
    "outlineRgb": "rgb(0, 0, 0)",
    "r": 2,
  },
  {
    "color": 0,
    "h": 48,
    "op": "rect",
    "rgb": "rgb(211, 211, 211)",
    "w": 48,
    "x": 97,
    "y": 145,
  },
  {
    "fill": 7,
    "fillRgb": "rgb(0, 0, 0)",
    "op": "polygon",
    "outline": 7,
    "outlineRgb": "rgb(0, 0, 0)",
    "points": [
      [
        138,
        172,
      ],
      [
        138,
        186,
      ],
      [
        133,
        181,
      ],
      [
        126,
        188,
      ],
      [
        122,
        184,
      ],
      [
        129,
        177,
      ],
      [
        124,
        172,
      ],
    ],
  },
  {
    "cx": 111,
    "cy": 179,
    "fill": 7,
    "fillRgb": "rgb(0, 0, 0)",
    "op": "circle",
    "outline": 7,
    "outlineRgb": "rgb(0, 0, 0)",
    "r": 2,
  },
  {
    "color": 0,
    "h": 48,
    "op": "rect",
    "rgb": "rgb(211, 211, 211)",
    "w": 48,
    "x": 97,
    "y": 193,
  },
  {
    "fill": 7,
    "fillRgb": "rgb(0, 0, 0)",
    "op": "polygon",
    "outline": 7,
    "outlineRgb": "rgb(0, 0, 0)",
    "points": [
      [
        121,
        227,
      ],
      [
        131,
        217,
      ],
      [
        131,
        224,
      ],
      [
        141,
        224,
      ],
      [
        141,
        230,
      ],
      [
        131,
        230,
      ],
      [
        131,
        237,
      ],
    ],
  },
  {
    "cx": 111,
    "cy": 227,
    "fill": 7,
    "fillRgb": "rgb(0, 0, 0)",
    "op": "circle",
    "outline": 7,
    "outlineRgb": "rgb(0, 0, 0)",
    "r": 2,
  },
  {
    "color": 14,
    "h": 48,
    "op": "rect",
    "rgb": "rgb(163, 206, 168)",
    "w": 48,
    "x": 145,
    "y": 1,
  },
  {
    "color": 76,
    "h": 48,
    "op": "hatch",
    "period": 16,
    "rgb": "rgb(21, 113, 233)",
    "w": 48,
    "x": 145,
    "y": 1,
  },
  {
    "fill": 30,
    "fillRgb": "rgb(114, 144, 117)",
    "op": "polygon",
    "outline": 30,
    "outlineRgb": "rgb(114, 144, 117)",
    "points": [
      [
        169,
        35,
      ],
      [
        179,
        25,
      ],
      [
        179,
        32,
      ],
      [
        189,
        32,
      ],
      [
        189,
        38,
      ],
      [
        179,
        38,
      ],
      [
        179,
        45,
      ],
    ],
  },
  {
    "cx": 159,
    "cy": 35,
    "fill": 7,
    "fillRgb": "rgb(0, 0, 0)",
    "op": "circle",
    "outline": 7,
    "outlineRgb": "rgb(0, 0, 0)",
    "r": 2,
  },
  {
    "align": "left",
    "baseline": "mathematical",
    "color": 9,
    "fontType": "variable",
    "op": "text",
    "rgb": "rgb(0, 0, 0)",
    "size": 20,
    "text": "b",
    "x": 148,
    "y": 13,
  },
  {
    "color": 0,
    "h": 48,
    "op": "rect",
    "rgb": "rgb(211, 211, 211)",
    "w": 48,
    "x": 145,
    "y": 49,
  },
  {
    "fill": 7,
    "fillRgb": "rgb(0, 0, 0)",
    "op": "polygon",
    "outline": 7,
    "outlineRgb": "rgb(0, 0, 0)",
    "points": [
      [
        179,
        93,
      ],
      [
        169,
        83,
      ],
      [
        176,
        83,
      ],
      [
        176,
        73,
      ],
      [
        182,
        73,
      ],
      [
        182,
        83,
      ],
      [
        189,
        83,
      ],
    ],
  },
  {
    "cx": 159,
    "cy": 83,
    "fill": 7,
    "fillRgb": "rgb(0, 0, 0)",
    "op": "circle",
    "outline": 7,
    "outlineRgb": "rgb(0, 0, 0)",
    "r": 2,
  },
  {
    "color": 0,
    "h": 48,
    "op": "rect",
    "rgb": "rgb(211, 211, 211)",
    "w": 48,
    "x": 145,
    "y": 97,
  },
  {
    "fill": 7,
    "fillRgb": "rgb(0, 0, 0)",
    "op": "polygon",
    "outline": 7,
    "outlineRgb": "rgb(0, 0, 0)",
    "points": [
      [
        179,
        121,
      ],
      [
        189,
        131,
      ],
      [
        182,
        131,
      ],
      [
        182,
        141,
      ],
      [
        176,
        141,
      ],
      [
        176,
        131,
      ],
      [
        169,
        131,
      ],
    ],
  },
  {
    "cx": 159,
    "cy": 131,
    "fill": 7,
    "fillRgb": "rgb(0, 0, 0)",
    "op": "circle",
    "outline": 7,
    "outlineRgb": "rgb(0, 0, 0)",
    "r": 2,
  },
  {
    "color": 0,
    "h": 48,
    "op": "rect",
    "rgb": "rgb(211, 211, 211)",
    "w": 48,
    "x": 145,
    "y": 145,
  },
  {
    "fill": 7,
    "fillRgb": "rgb(0, 0, 0)",
    "op": "polygon",
    "outline": 7,
    "outlineRgb": "rgb(0, 0, 0)",
    "points": [
      [
        169,
        179,
      ],
      [
        179,
        169,
      ],
      [
        179,
        176,
      ],
      [
        189,
        176,
      ],
      [
        189,
        182,
      ],
      [
        179,
        182,
      ],
      [
        179,
        189,
      ],
    ],
  },
  {
    "cx": 159,
    "cy": 179,
    "fill": 7,
    "fillRgb": "rgb(0, 0, 0)",
    "op": "circle",
    "outline": 7,
    "outlineRgb": "rgb(0, 0, 0)",
    "r": 2,
  },
  {
    "color": 12,
    "h": 48,
    "op": "rect",
    "rgb": "rgb(183, 183, 183)",
    "w": 48,
    "x": 145,
    "y": 193,
  },
  {
    "fill": 7,
    "fillRgb": "rgb(0, 0, 0)",
    "op": "polygon",
    "outline": 7,
    "outlineRgb": "rgb(0, 0, 0)",
    "points": [
      [
        179,
        217,
      ],
      [
        189,
        227,
      ],
      [
        182,
        227,
      ],
      [
        182,
        237,
      ],
      [
        176,
        237,
      ],
      [
        176,
        227,
      ],
      [
        169,
        227,
      ],
    ],
  },
  {
    "cx": 159,
    "cy": 227,
    "fill": 7,
    "fillRgb": "rgb(0, 0, 0)",
    "op": "circle",
    "outline": 7,
    "outlineRgb": "rgb(0, 0, 0)",
    "r": 2,
  },
  {
    "align": "left",
    "baseline": "mathematical",
    "color": 10,
    "fontType": "variable",
    "op": "text",
    "rgb": "rgb(44, 77, 126)",
    "size": 20,
    "text": "13",
    "x": 148,
    "y": 205,
  },
  {
    "color": 12,
    "h": 48,
    "op": "rect",
    "rgb": "rgb(183, 183, 183)",
    "w": 48,
    "x": 193,
    "y": 1,
  },
  {
    "color": 76,
    "h": 48,
    "op": "hatch",
    "period": 16,
    "rgb": "rgb(21, 113, 233)",
    "w": 48,
    "x": 193,
    "y": 1,
  },
  {
    "fill": 7,
    "fillRgb": "rgb(0, 0, 0)",
    "op": "polygon",
    "outline": 7,
    "outlineRgb": "rgb(0, 0, 0)",
    "points": [
      [
        220,
        42,
      ],
      [
        220,
        28,
      ],
      [
        225,
        33,
      ],
      [
        232,
        26,
      ],
      [
        236,
        30,
      ],
      [
        229,
        37,
      ],
      [
        234,
        42,
      ],
    ],
  },
  {
    "align": "left",
    "baseline": "mathematical",
    "color": 10,
    "fontType": "variable",
    "op": "text",
    "rgb": "rgb(44, 77, 126)",
    "size": 20,
    "text": "1",
    "x": 196,
    "y": 13,
  },
  {
    "color": 0,
    "h": 48,
    "op": "rect",
    "rgb": "rgb(211, 211, 211)",
    "w": 48,
    "x": 193,
    "y": 49,
  },
  {
    "fill": 7,
    "fillRgb": "rgb(0, 0, 0)",
    "op": "polygon",
    "outline": 7,
    "outlineRgb": "rgb(0, 0, 0)",
    "points": [
      [
        217,
        83,
      ],
      [
        227,
        73,
      ],
      [
        227,
        80,
      ],
      [
        237,
        80,
      ],
      [
        237,
        86,
      ],
      [
        227,
        86,
      ],
      [
        227,
        93,
      ],
    ],
  },
  {
    "cx": 207,
    "cy": 83,
    "fill": 7,
    "fillRgb": "rgb(0, 0, 0)",
    "op": "circle",
    "outline": 7,
    "outlineRgb": "rgb(0, 0, 0)",
    "r": 2,
  },
  {
    "color": 0,
    "h": 48,
    "op": "rect",
    "rgb": "rgb(211, 211, 211)",
    "w": 48,
    "x": 193,
    "y": 97,
  },
  {
    "fill": 7,
    "fillRgb": "rgb(0, 0, 0)",
    "op": "polygon",
    "outline": 7,
    "outlineRgb": "rgb(0, 0, 0)",
    "points": [
      [
        227,
        141,
      ],
      [
        217,
        131,
      ],
      [
        224,
        131,
      ],
      [
        224,
        121,
      ],
      [
        230,
        121,
      ],
      [
        230,
        131,
      ],
      [
        237,
        131,
      ],
    ],
  },
  {
    "cx": 207,
    "cy": 131,
    "fill": 7,
    "fillRgb": "rgb(0, 0, 0)",
    "op": "circle",
    "outline": 7,
    "outlineRgb": "rgb(0, 0, 0)",
    "r": 2,
  },
  {
    "color": 0,
    "h": 48,
    "op": "rect",
    "rgb": "rgb(211, 211, 211)",
    "w": 48,
    "x": 193,
    "y": 145,
  },
  {
    "fill": 7,
    "fillRgb": "rgb(0, 0, 0)",
    "op": "polygon",
    "outline": 7,
    "outlineRgb": "rgb(0, 0, 0)",
    "points": [
      [
        217,
        179,
      ],
      [
        227,
        169,
      ],
      [
        227,
        176,
      ],
      [
        237,
        176,
      ],
      [
        237,
        182,
      ],
      [
        227,
        182,
      ],
      [
        227,
        189,
      ],
    ],
  },
  {
    "cx": 207,
    "cy": 179,
    "fill": 7,
    "fillRgb": "rgb(0, 0, 0)",
    "op": "circle",
    "outline": 7,
    "outlineRgb": "rgb(0, 0, 0)",
    "r": 2,
  },
  {
    "color": 12,
    "h": 48,
    "op": "rect",
    "rgb": "rgb(183, 183, 183)",
    "w": 48,
    "x": 193,
    "y": 193,
  },
  {
    "fill": 7,
    "fillRgb": "rgb(0, 0, 0)",
    "op": "polygon",
    "outline": 7,
    "outlineRgb": "rgb(0, 0, 0)",
    "points": [
      [
        217,
        227,
      ],
      [
        227,
        217,
      ],
      [
        227,
        224,
      ],
      [
        237,
        224,
      ],
      [
        237,
        230,
      ],
      [
        227,
        230,
      ],
      [
        227,
        237,
      ],
    ],
  },
  {
    "cx": 207,
    "cy": 227,
    "fill": 7,
    "fillRgb": "rgb(0, 0, 0)",
    "op": "circle",
    "outline": 7,
    "outlineRgb": "rgb(0, 0, 0)",
    "r": 2,
  },
  {
    "align": "left",
    "baseline": "mathematical",
    "color": 10,
    "fontType": "variable",
    "op": "text",
    "rgb": "rgb(44, 77, 126)",
    "size": 20,
    "text": "11",
    "x": 196,
    "y": 205,
  },
]
`;
