// Vitest Snapshot v1, https://vitest.dev/guide/snapshot.html

exports[`pegs hint > draws the rings in the hint's colors (tier 2.5) 1`] = `
[
  {
    "color": 0,
    "h": 197,
    "op": "rect",
    "rgb": "rgb(211, 211, 211)",
    "w": 197,
    "x": 0,
    "y": 0,
  },
  {
    "fill": 2,
    "fillRgb": "rgb(168, 168, 168)",
    "op": "polygon",
    "outline": 2,
    "outlineRgb": "rgb(168, 168, 168)",
    "points": [
      [
        83,
        50,
      ],
      [
        83,
        14,
      ],
      [
        47,
        50,
      ],
    ],
  },
  {
    "fill": 1,
    "fillRgb": "rgb(253, 253, 253)",
    "op": "polygon",
    "outline": 1,
    "outlineRgb": "rgb(253, 253, 253)",
    "points": [
      [
        47,
        14,
      ],
      [
        83,
        14,
      ],
      [
        47,
        50,
      ],
    ],
  },
  {
    "fill": 2,
    "fillRgb": "rgb(168, 168, 168)",
    "op": "polygon",
    "outline": 2,
    "outlineRgb": "rgb(168, 168, 168)",
    "points": [
      [
        116,
        50,
      ],
      [
        116,
        14,
      ],
      [
        80,
        50,
      ],
    ],
  },
  {
    "fill": 1,
    "fillRgb": "rgb(253, 253, 253)",
    "op": "polygon",
    "outline": 1,
    "outlineRgb": "rgb(253, 253, 253)",
    "points": [
      [
        80,
        14,
      ],
      [
        116,
        14,
      ],
      [
        80,
        50,
      ],
    ],
  },
  {
    "fill": 2,
    "fillRgb": "rgb(168, 168, 168)",
    "op": "polygon",
    "outline": 2,
    "outlineRgb": "rgb(168, 168, 168)",
    "points": [
      [
        149,
        50,
      ],
      [
        149,
        14,
      ],
      [
        113,
        50,
      ],
    ],
  },
  {
    "fill": 1,
    "fillRgb": "rgb(253, 253, 253)",
    "op": "polygon",
    "outline": 1,
    "outlineRgb": "rgb(253, 253, 253)",
    "points": [
      [
        113,
        14,
      ],
      [
        149,
        14,
      ],
      [
        113,
        50,
      ],
    ],
  },
  {
    "fill": 2,
    "fillRgb": "rgb(168, 168, 168)",
    "op": "polygon",
    "outline": 2,
    "outlineRgb": "rgb(168, 168, 168)",
    "points": [
      [
        182,
        50,
      ],
      [
        182,
        14,
      ],
      [
        146,
        50,
      ],
    ],
  },
  {
    "fill": 1,
    "fillRgb": "rgb(253, 253, 253)",
    "op": "polygon",
    "outline": 1,
    "outlineRgb": "rgb(253, 253, 253)",
    "points": [
      [
        146,
        14,
      ],
      [
        182,
        14,
      ],
      [
        146,
        50,
      ],
    ],
  },
  {
    "fill": 2,
    "fillRgb": "rgb(168, 168, 168)",
    "op": "polygon",
    "outline": 2,
    "outlineRgb": "rgb(168, 168, 168)",
    "points": [
      [
        116,
        83,
      ],
      [
        116,
        47,
      ],
      [
        80,
        83,
      ],
    ],
  },
  {
    "fill": 1,
    "fillRgb": "rgb(253, 253, 253)",
    "op": "polygon",
    "outline": 1,
    "outlineRgb": "rgb(253, 253, 253)",
    "points": [
      [
        80,
        47,
      ],
      [
        116,
        47,
      ],
      [
        80,
        83,
      ],
    ],
  },
  {
    "fill": 2,
    "fillRgb": "rgb(168, 168, 168)",
    "op": "polygon",
    "outline": 2,
    "outlineRgb": "rgb(168, 168, 168)",
    "points": [
      [
        149,
        83,
      ],
      [
        149,
        47,
      ],
      [
        113,
        83,
      ],
    ],
  },
  {
    "fill": 1,
    "fillRgb": "rgb(253, 253, 253)",
    "op": "polygon",
    "outline": 1,
    "outlineRgb": "rgb(253, 253, 253)",
    "points": [
      [
        113,
        47,
      ],
      [
        149,
        47,
      ],
      [
        113,
        83,
      ],
    ],
  },
  {
    "fill": 2,
    "fillRgb": "rgb(168, 168, 168)",
    "op": "polygon",
    "outline": 2,
    "outlineRgb": "rgb(168, 168, 168)",
    "points": [
      [
        182,
        83,
      ],
      [
        182,
        47,
      ],
      [
        146,
        83,
      ],
    ],
  },
  {
    "fill": 1,
    "fillRgb": "rgb(253, 253, 253)",
    "op": "polygon",
    "outline": 1,
    "outlineRgb": "rgb(253, 253, 253)",
    "points": [
      [
        146,
        47,
      ],
      [
        182,
        47,
      ],
      [
        146,
        83,
      ],
    ],
  },
  {
    "fill": 2,
    "fillRgb": "rgb(168, 168, 168)",
    "op": "polygon",
    "outline": 2,
    "outlineRgb": "rgb(168, 168, 168)",
    "points": [
      [
        50,
        116,
      ],
      [
        50,
        80,
      ],
      [
        14,
        116,
      ],
    ],
  },
  {
    "fill": 1,
    "fillRgb": "rgb(253, 253, 253)",
    "op": "polygon",
    "outline": 1,
    "outlineRgb": "rgb(253, 253, 253)",
    "points": [
      [
        14,
        80,
      ],
      [
        50,
        80,
      ],
      [
        14,
        116,
      ],
    ],
  },
  {
    "fill": 2,
    "fillRgb": "rgb(168, 168, 168)",
    "op": "polygon",
    "outline": 2,
    "outlineRgb": "rgb(168, 168, 168)",
    "points": [
      [
        83,
        116,
      ],
      [
        83,
        80,
      ],
      [
        47,
        116,
      ],
    ],
  },
  {
    "fill": 1,
    "fillRgb": "rgb(253, 253, 253)",
    "op": "polygon",
    "outline": 1,
    "outlineRgb": "rgb(253, 253, 253)",
    "points": [
      [
        47,
        80,
      ],
      [
        83,
        80,
      ],
      [
        47,
        116,
      ],
    ],
  },
  {
    "fill": 2,
    "fillRgb": "rgb(168, 168, 168)",
    "op": "polygon",
    "outline": 2,
    "outlineRgb": "rgb(168, 168, 168)",
    "points": [
      [
        116,
        116,
      ],
      [
        116,
        80,
      ],
      [
        80,
        116,
      ],
    ],
  },
  {
    "fill": 1,
    "fillRgb": "rgb(253, 253, 253)",
    "op": "polygon",
    "outline": 1,
    "outlineRgb": "rgb(253, 253, 253)",
    "points": [
      [
        80,
        80,
      ],
      [
        116,
        80,
      ],
      [
        80,
        116,
      ],
    ],
  },
  {
    "fill": 2,
    "fillRgb": "rgb(168, 168, 168)",
    "op": "polygon",
    "outline": 2,
    "outlineRgb": "rgb(168, 168, 168)",
    "points": [
      [
        149,
        116,
      ],
      [
        149,
        80,
      ],
      [
        113,
        116,
      ],
    ],
  },
  {
    "fill": 1,
    "fillRgb": "rgb(253, 253, 253)",
    "op": "polygon",
    "outline": 1,
    "outlineRgb": "rgb(253, 253, 253)",
    "points": [
      [
        113,
        80,
      ],
      [
        149,
        80,
      ],
      [
        113,
        116,
      ],
    ],
  },
  {
    "fill": 2,
    "fillRgb": "rgb(168, 168, 168)",
    "op": "polygon",
    "outline": 2,
    "outlineRgb": "rgb(168, 168, 168)",
    "points": [
      [
        182,
        116,
      ],
      [
        182,
        80,
      ],
      [
        146,
        116,
      ],
    ],
  },
  {
    "fill": 1,
    "fillRgb": "rgb(253, 253, 253)",
    "op": "polygon",
    "outline": 1,
    "outlineRgb": "rgb(253, 253, 253)",
    "points": [
      [
        146,
        80,
      ],
      [
        182,
        80,
      ],
      [
        146,
        116,
      ],
    ],
  },
  {
    "fill": 2,
    "fillRgb": "rgb(168, 168, 168)",
    "op": "polygon",
    "outline": 2,
    "outlineRgb": "rgb(168, 168, 168)",
    "points": [
      [
        116,
        149,
      ],
      [
        116,
        113,
      ],
      [
        80,
        149,
      ],
    ],
  },
  {
    "fill": 1,
    "fillRgb": "rgb(253, 253, 253)",
    "op": "polygon",
    "outline": 1,
    "outlineRgb": "rgb(253, 253, 253)",
    "points": [
      [
        80,
        113,
      ],
      [
        116,
        113,
      ],
      [
        80,
        149,
      ],
    ],
  },
  {
    "fill": 2,
    "fillRgb": "rgb(168, 168, 168)",
    "op": "polygon",
    "outline": 2,
    "outlineRgb": "rgb(168, 168, 168)",
    "points": [
      [
        149,
        149,
      ],
      [
        149,
        113,
      ],
      [
        113,
        149,
      ],
    ],
  },
  {
    "fill": 1,
    "fillRgb": "rgb(253, 253, 253)",
    "op": "polygon",
    "outline": 1,
    "outlineRgb": "rgb(253, 253, 253)",
    "points": [
      [
        113,
        113,
      ],
      [
        149,
        113,
      ],
      [
        113,
        149,
      ],
    ],
  },
  {
    "fill": 2,
    "fillRgb": "rgb(168, 168, 168)",
    "op": "polygon",
    "outline": 2,
    "outlineRgb": "rgb(168, 168, 168)",
    "points": [
      [
        182,
        149,
      ],
      [
        182,
        113,
      ],
      [
        146,
        149,
      ],
    ],
  },
  {
    "fill": 1,
    "fillRgb": "rgb(253, 253, 253)",
    "op": "polygon",
    "outline": 1,
    "outlineRgb": "rgb(253, 253, 253)",
    "points": [
      [
        146,
        113,
      ],
      [
        182,
        113,
      ],
      [
        146,
        149,
      ],
    ],
  },
  {
    "fill": 2,
    "fillRgb": "rgb(168, 168, 168)",
    "op": "polygon",
    "outline": 2,
    "outlineRgb": "rgb(168, 168, 168)",
    "points": [
      [
        116,
        182,
      ],
      [
        116,
        146,
      ],
      [
        80,
        182,
      ],
    ],
  },
  {
    "fill": 1,
    "fillRgb": "rgb(253, 253, 253)",
    "op": "polygon",
    "outline": 1,
    "outlineRgb": "rgb(253, 253, 253)",
    "points": [
      [
        80,
        146,
      ],
      [
        116,
        146,
      ],
      [
        80,
        182,
      ],
    ],
  },
  {
    "color": 1,
    "h": 35,
    "op": "rect",
    "rgb": "rgb(253, 253, 253)",
    "w": 35,
    "x": 47,
    "y": 14,
  },
  {
    "color": 2,
    "h": 35,
    "op": "rect",
    "rgb": "rgb(168, 168, 168)",
    "w": 35,
    "x": 49,
    "y": 16,
  },
  {
    "color": 1,
    "h": 35,
    "op": "rect",
    "rgb": "rgb(253, 253, 253)",
    "w": 35,
    "x": 80,
    "y": 14,
  },
  {
    "color": 2,
    "h": 35,
    "op": "rect",
    "rgb": "rgb(168, 168, 168)",
    "w": 35,
    "x": 82,
    "y": 16,
  },
  {
    "color": 1,
    "h": 35,
    "op": "rect",
    "rgb": "rgb(253, 253, 253)",
    "w": 35,
    "x": 113,
    "y": 14,
  },
  {
    "color": 2,
    "h": 35,
    "op": "rect",
    "rgb": "rgb(168, 168, 168)",
    "w": 35,
    "x": 115,
    "y": 16,
  },
  {
    "color": 1,
    "h": 35,
    "op": "rect",
    "rgb": "rgb(253, 253, 253)",
    "w": 35,
    "x": 146,
    "y": 14,
  },
  {
    "color": 2,
    "h": 35,
    "op": "rect",
    "rgb": "rgb(168, 168, 168)",
    "w": 35,
    "x": 148,
    "y": 16,
  },
  {
    "color": 1,
    "h": 35,
    "op": "rect",
    "rgb": "rgb(253, 253, 253)",
    "w": 35,
    "x": 80,
    "y": 47,
  },
  {
    "color": 2,
    "h": 35,
    "op": "rect",
    "rgb": "rgb(168, 168, 168)",
    "w": 35,
    "x": 82,
    "y": 49,
  },
  {
    "color": 1,
    "h": 35,
    "op": "rect",
    "rgb": "rgb(253, 253, 253)",
    "w": 35,
    "x": 113,
    "y": 47,
  },
  {
    "color": 2,
    "h": 35,
    "op": "rect",
    "rgb": "rgb(168, 168, 168)",
    "w": 35,
    "x": 115,
    "y": 49,
  },
  {
    "color": 1,
    "h": 35,
    "op": "rect",
    "rgb": "rgb(253, 253, 253)",
    "w": 35,
    "x": 146,
    "y": 47,
  },
  {
    "color": 2,
    "h": 35,
    "op": "rect",
    "rgb": "rgb(168, 168, 168)",
    "w": 35,
    "x": 148,
    "y": 49,
  },
  {
    "color": 1,
    "h": 35,
    "op": "rect",
    "rgb": "rgb(253, 253, 253)",
    "w": 35,
    "x": 14,
    "y": 80,
  },
  {
    "color": 2,
    "h": 35,
    "op": "rect",
    "rgb": "rgb(168, 168, 168)",
    "w": 35,
    "x": 16,
    "y": 82,
  },
  {
    "color": 1,
    "h": 35,
    "op": "rect",
    "rgb": "rgb(253, 253, 253)",
    "w": 35,
    "x": 47,
    "y": 80,
  },
  {
    "color": 2,
    "h": 35,
    "op": "rect",
    "rgb": "rgb(168, 168, 168)",
    "w": 35,
    "x": 49,
    "y": 82,
  },
  {
    "color": 1,
    "h": 35,
    "op": "rect",
    "rgb": "rgb(253, 253, 253)",
    "w": 35,
    "x": 80,
    "y": 80,
  },
  {
    "color": 2,
    "h": 35,
    "op": "rect",
    "rgb": "rgb(168, 168, 168)",
    "w": 35,
    "x": 82,
    "y": 82,
  },
  {
    "color": 1,
    "h": 35,
    "op": "rect",
    "rgb": "rgb(253, 253, 253)",
    "w": 35,
    "x": 113,
    "y": 80,
  },
  {
    "color": 2,
    "h": 35,
    "op": "rect",
    "rgb": "rgb(168, 168, 168)",
    "w": 35,
    "x": 115,
    "y": 82,
  },
  {
    "color": 1,
    "h": 35,
    "op": "rect",
    "rgb": "rgb(253, 253, 253)",
    "w": 35,
    "x": 146,
    "y": 80,
  },
  {
    "color": 2,
    "h": 35,
    "op": "rect",
    "rgb": "rgb(168, 168, 168)",
    "w": 35,
    "x": 148,
    "y": 82,
  },
  {
    "color": 1,
    "h": 35,
    "op": "rect",
    "rgb": "rgb(253, 253, 253)",
    "w": 35,
    "x": 80,
    "y": 113,
  },
  {
    "color": 2,
    "h": 35,
    "op": "rect",
    "rgb": "rgb(168, 168, 168)",
    "w": 35,
    "x": 82,
    "y": 115,
  },
  {
    "color": 1,
    "h": 35,
    "op": "rect",
    "rgb": "rgb(253, 253, 253)",
    "w": 35,
    "x": 113,
    "y": 113,
  },
  {
    "color": 2,
    "h": 35,
    "op": "rect",
    "rgb": "rgb(168, 168, 168)",
    "w": 35,
    "x": 115,
    "y": 115,
  },
  {
    "color": 1,
    "h": 35,
    "op": "rect",
    "rgb": "rgb(253, 253, 253)",
    "w": 35,
    "x": 146,
    "y": 113,
  },
  {
    "color": 2,
    "h": 35,
    "op": "rect",
    "rgb": "rgb(168, 168, 168)",
    "w": 35,
    "x": 148,
    "y": 115,
  },
  {
    "color": 1,
    "h": 35,
    "op": "rect",
    "rgb": "rgb(253, 253, 253)",
    "w": 35,
    "x": 80,
    "y": 146,
  },
  {
    "color": 2,
    "h": 35,
    "op": "rect",
    "rgb": "rgb(168, 168, 168)",
    "w": 35,
    "x": 82,
    "y": 148,
  },
  {
    "fill": 1,
    "fillRgb": "rgb(253, 253, 253)",
    "op": "polygon",
    "outline": 1,
    "outlineRgb": "rgb(253, 253, 253)",
    "points": [
      [
        49,
        16,
      ],
      [
        81,
        16,
      ],
      [
        79,
        14,
      ],
      [
        51,
        14,
      ],
    ],
  },
  {
    "fill": 2,
    "fillRgb": "rgb(168, 168, 168)",
    "op": "polygon",
    "outline": 2,
    "outlineRgb": "rgb(168, 168, 168)",
    "points": [
      [
        49,
        48,
      ],
      [
        81,
        48,
      ],
      [
        79,
        50,
      ],
      [
        51,
        50,
      ],
    ],
  },
  {
    "fill": 1,
    "fillRgb": "rgb(253, 253, 253)",
    "op": "polygon",
    "outline": 1,
    "outlineRgb": "rgb(253, 253, 253)",
    "points": [
      [
        49,
        16,
      ],
      [
        49,
        48,
      ],
      [
        47,
        46,
      ],
      [
        47,
        18,
      ],
    ],
  },
  {
    "fill": 2,
    "fillRgb": "rgb(168, 168, 168)",
    "op": "polygon",
    "outline": 2,
    "outlineRgb": "rgb(168, 168, 168)",
    "points": [
      [
        81,
        16,
      ],
      [
        81,
        48,
      ],
      [
        83,
        46,
      ],
      [
        83,
        18,
      ],
    ],
  },
  {
    "fill": 1,
    "fillRgb": "rgb(253, 253, 253)",
    "op": "polygon",
    "outline": 1,
    "outlineRgb": "rgb(253, 253, 253)",
    "points": [
      [
        82,
        16,
      ],
      [
        114,
        16,
      ],
      [
        112,
        14,
      ],
      [
        84,
        14,
      ],
    ],
  },
  {
    "fill": 2,
    "fillRgb": "rgb(168, 168, 168)",
    "op": "polygon",
    "outline": 2,
    "outlineRgb": "rgb(168, 168, 168)",
    "points": [
      [
        82,
        48,
      ],
      [
        114,
        48,
      ],
      [
        112,
        50,
      ],
      [
        84,
        50,
      ],
    ],
  },
  {
    "fill": 1,
    "fillRgb": "rgb(253, 253, 253)",
    "op": "polygon",
    "outline": 1,
    "outlineRgb": "rgb(253, 253, 253)",
    "points": [
      [
        82,
        16,
      ],
      [
        82,
        48,
      ],
      [
        80,
        46,
      ],
      [
        80,
        18,
      ],
    ],
  },
  {
    "fill": 2,
    "fillRgb": "rgb(168, 168, 168)",
    "op": "polygon",
    "outline": 2,
    "outlineRgb": "rgb(168, 168, 168)",
    "points": [
      [
        114,
        16,
      ],
      [
        114,
        48,
      ],
      [
        116,
        46,
      ],
      [
        116,
        18,
      ],
    ],
  },
  {
    "fill": 1,
    "fillRgb": "rgb(253, 253, 253)",
    "op": "polygon",
    "outline": 1,
    "outlineRgb": "rgb(253, 253, 253)",
    "points": [
      [
        115,
        16,
      ],
      [
        147,
        16,
      ],
      [
        145,
        14,
      ],
      [
        117,
        14,
      ],
    ],
  },
  {
    "fill": 2,
    "fillRgb": "rgb(168, 168, 168)",
    "op": "polygon",
    "outline": 2,
    "outlineRgb": "rgb(168, 168, 168)",
    "points": [
      [
        115,
        48,
      ],
      [
        147,
        48,
      ],
      [
        145,
        50,
      ],
      [
        117,
        50,
      ],
    ],
  },
  {
    "fill": 1,
    "fillRgb": "rgb(253, 253, 253)",
    "op": "polygon",
    "outline": 1,
    "outlineRgb": "rgb(253, 253, 253)",
    "points": [
      [
        115,
        16,
      ],
      [
        115,
        48,
      ],
      [
        113,
        46,
      ],
      [
        113,
        18,
      ],
    ],
  },
  {
    "fill": 2,
    "fillRgb": "rgb(168, 168, 168)",
    "op": "polygon",
    "outline": 2,
    "outlineRgb": "rgb(168, 168, 168)",
    "points": [
      [
        147,
        16,
      ],
      [
        147,
        48,
      ],
      [
        149,
        46,
      ],
      [
        149,
        18,
      ],
    ],
  },
  {
    "fill": 1,
    "fillRgb": "rgb(253, 253, 253)",
    "op": "polygon",
    "outline": 1,
    "outlineRgb": "rgb(253, 253, 253)",
    "points": [
      [
        148,
        16,
      ],
      [
        180,
        16,
      ],
      [
        178,
        14,
      ],
      [
        150,
        14,
      ],
    ],
  },
  {
    "fill": 2,
    "fillRgb": "rgb(168, 168, 168)",
    "op": "polygon",
    "outline": 2,
    "outlineRgb": "rgb(168, 168, 168)",
    "points": [
      [
        148,
        48,
      ],
      [
        180,
        48,
      ],
      [
        178,
        50,
      ],
      [
        150,
        50,
      ],
    ],
  },
  {
    "fill": 1,
    "fillRgb": "rgb(253, 253, 253)",
    "op": "polygon",
    "outline": 1,
    "outlineRgb": "rgb(253, 253, 253)",
    "points": [
      [
        148,
        16,
      ],
      [
        148,
        48,
      ],
      [
        146,
        46,
      ],
      [
        146,
        18,
      ],
    ],
  },
  {
    "fill": 2,
    "fillRgb": "rgb(168, 168, 168)",
    "op": "polygon",
    "outline": 2,
    "outlineRgb": "rgb(168, 168, 168)",
    "points": [
      [
        180,
        16,
      ],
      [
        180,
        48,
      ],
      [
        182,
        46,
      ],
      [
        182,
        18,
      ],
    ],
  },
  {
    "fill": 1,
    "fillRgb": "rgb(253, 253, 253)",
    "op": "polygon",
    "outline": 1,
    "outlineRgb": "rgb(253, 253, 253)",
    "points": [
      [
        82,
        49,
      ],
      [
        114,
        49,
      ],
      [
        112,
        47,
      ],
      [
        84,
        47,
      ],
    ],
  },
  {
    "fill": 2,
    "fillRgb": "rgb(168, 168, 168)",
    "op": "polygon",
    "outline": 2,
    "outlineRgb": "rgb(168, 168, 168)",
    "points": [
      [
        82,
        81,
      ],
      [
        114,
        81,
      ],
      [
        112,
        83,
      ],
      [
        84,
        83,
      ],
    ],
  },
  {
    "fill": 1,
    "fillRgb": "rgb(253, 253, 253)",
    "op": "polygon",
    "outline": 1,
    "outlineRgb": "rgb(253, 253, 253)",
    "points": [
      [
        82,
        49,
      ],
      [
        82,
        81,
      ],
      [
        80,
        79,
      ],
      [
        80,
        51,
      ],
    ],
  },
  {
    "fill": 2,
    "fillRgb": "rgb(168, 168, 168)",
    "op": "polygon",
    "outline": 2,
    "outlineRgb": "rgb(168, 168, 168)",
    "points": [
      [
        114,
        49,
      ],
      [
        114,
        81,
      ],
      [
        116,
        79,
      ],
      [
        116,
        51,
      ],
    ],
  },
  {
    "fill": 1,
    "fillRgb": "rgb(253, 253, 253)",
    "op": "polygon",
    "outline": 1,
    "outlineRgb": "rgb(253, 253, 253)",
    "points": [
      [
        115,
        49,
      ],
      [
        147,
        49,
      ],
      [
        145,
        47,
      ],
      [
        117,
        47,
      ],
    ],
  },
  {
    "fill": 2,
    "fillRgb": "rgb(168, 168, 168)",
    "op": "polygon",
    "outline": 2,
    "outlineRgb": "rgb(168, 168, 168)",
    "points": [
      [
        115,
        81,
      ],
      [
        147,
        81,
      ],
      [
        145,
        83,
      ],
      [
        117,
        83,
      ],
    ],
  },
  {
    "fill": 1,
    "fillRgb": "rgb(253, 253, 253)",
    "op": "polygon",
    "outline": 1,
    "outlineRgb": "rgb(253, 253, 253)",
    "points": [
      [
        115,
        49,
      ],
      [
        115,
        81,
      ],
      [
        113,
        79,
      ],
      [
        113,
        51,
      ],
    ],
  },
  {
    "fill": 2,
    "fillRgb": "rgb(168, 168, 168)",
    "op": "polygon",
    "outline": 2,
    "outlineRgb": "rgb(168, 168, 168)",
    "points": [
      [
        147,
        49,
      ],
      [
        147,
        81,
      ],
      [
        149,
        79,
      ],
      [
        149,
        51,
      ],
    ],
  },
  {
    "fill": 1,
    "fillRgb": "rgb(253, 253, 253)",
    "op": "polygon",
    "outline": 1,
    "outlineRgb": "rgb(253, 253, 253)",
    "points": [
      [
        148,
        49,
      ],
      [
        180,
        49,
      ],
      [
        178,
        47,
      ],
      [
        150,
        47,
      ],
    ],
  },
  {
    "fill": 2,
    "fillRgb": "rgb(168, 168, 168)",
    "op": "polygon",
    "outline": 2,
    "outlineRgb": "rgb(168, 168, 168)",
    "points": [
      [
        148,
        81,
      ],
      [
        180,
        81,
      ],
      [
        178,
        83,
      ],
      [
        150,
        83,
      ],
    ],
  },
  {
    "fill": 1,
    "fillRgb": "rgb(253, 253, 253)",
    "op": "polygon",
    "outline": 1,
    "outlineRgb": "rgb(253, 253, 253)",
    "points": [
      [
        148,
        49,
      ],
      [
        148,
        81,
      ],
      [
        146,
        79,
      ],
      [
        146,
        51,
      ],
    ],
  },
  {
    "fill": 2,
    "fillRgb": "rgb(168, 168, 168)",
    "op": "polygon",
    "outline": 2,
    "outlineRgb": "rgb(168, 168, 168)",
    "points": [
      [
        180,
        49,
      ],
      [
        180,
        81,
      ],
      [
        182,
        79,
      ],
      [
        182,
        51,
      ],
    ],
  },
  {
    "fill": 1,
    "fillRgb": "rgb(253, 253, 253)",
    "op": "polygon",
    "outline": 1,
    "outlineRgb": "rgb(253, 253, 253)",
    "points": [
      [
        16,
        82,
      ],
      [
        48,
        82,
      ],
      [
        46,
        80,
      ],
      [
        18,
        80,
      ],
    ],
  },
  {
    "fill": 2,
    "fillRgb": "rgb(168, 168, 168)",
    "op": "polygon",
    "outline": 2,
    "outlineRgb": "rgb(168, 168, 168)",
    "points": [
      [
        16,
        114,
      ],
      [
        48,
        114,
      ],
      [
        46,
        116,
      ],
      [
        18,
        116,
      ],
    ],
  },
  {
    "fill": 1,
    "fillRgb": "rgb(253, 253, 253)",
    "op": "polygon",
    "outline": 1,
    "outlineRgb": "rgb(253, 253, 253)",
    "points": [
      [
        16,
        82,
      ],
      [
        16,
        114,
      ],
      [
        14,
        112,
      ],
      [
        14,
        84,
      ],
    ],
  },
  {
    "fill": 2,
    "fillRgb": "rgb(168, 168, 168)",
    "op": "polygon",
    "outline": 2,
    "outlineRgb": "rgb(168, 168, 168)",
    "points": [
      [
        48,
        82,
      ],
      [
        48,
        114,
      ],
      [
        50,
        112,
      ],
      [
        50,
        84,
      ],
    ],
  },
  {
    "fill": 1,
    "fillRgb": "rgb(253, 253, 253)",
    "op": "polygon",
    "outline": 1,
    "outlineRgb": "rgb(253, 253, 253)",
    "points": [
      [
        49,
        82,
      ],
      [
        81,
        82,
      ],
      [
        79,
        80,
      ],
      [
        51,
        80,
      ],
    ],
  },
  {
    "fill": 2,
    "fillRgb": "rgb(168, 168, 168)",
    "op": "polygon",
    "outline": 2,
    "outlineRgb": "rgb(168, 168, 168)",
    "points": [
      [
        49,
        114,
      ],
      [
        81,
        114,
      ],
      [
        79,
        116,
      ],
      [
        51,
        116,
      ],
    ],
  },
  {
    "fill": 1,
    "fillRgb": "rgb(253, 253, 253)",
    "op": "polygon",
    "outline": 1,
    "outlineRgb": "rgb(253, 253, 253)",
    "points": [
      [
        49,
        82,
      ],
      [
        49,
        114,
      ],
      [
        47,
        112,
      ],
      [
        47,
        84,
      ],
    ],
  },
  {
    "fill": 2,
    "fillRgb": "rgb(168, 168, 168)",
    "op": "polygon",
    "outline": 2,
    "outlineRgb": "rgb(168, 168, 168)",
    "points": [
      [
        81,
        82,
      ],
      [
        81,
        114,
      ],
      [
        83,
        112,
      ],
      [
        83,
        84,
      ],
    ],
  },
  {
    "fill": 1,
    "fillRgb": "rgb(253, 253, 253)",
    "op": "polygon",
    "outline": 1,
    "outlineRgb": "rgb(253, 253, 253)",
    "points": [
      [
        82,
        82,
      ],
      [
        114,
        82,
      ],
      [
        112,
        80,
      ],
      [
        84,
        80,
      ],
    ],
  },
  {
    "fill": 2,
    "fillRgb": "rgb(168, 168, 168)",
    "op": "polygon",
    "outline": 2,
    "outlineRgb": "rgb(168, 168, 168)",
    "points": [
      [
        82,
        114,
      ],
      [
        114,
        114,
      ],
      [
        112,
        116,
      ],
      [
        84,
        116,
      ],
    ],
  },
  {
    "fill": 1,
    "fillRgb": "rgb(253, 253, 253)",
    "op": "polygon",
    "outline": 1,
    "outlineRgb": "rgb(253, 253, 253)",
    "points": [
      [
        82,
        82,
      ],
      [
        82,
        114,
      ],
      [
        80,
        112,
      ],
      [
        80,
        84,
      ],
    ],
  },
  {
    "fill": 2,
    "fillRgb": "rgb(168, 168, 168)",
    "op": "polygon",
    "outline": 2,
    "outlineRgb": "rgb(168, 168, 168)",
    "points": [
      [
        114,
        82,
      ],
      [
        114,
        114,
      ],
      [
        116,
        112,
      ],
      [
        116,
        84,
      ],
    ],
  },
  {
    "fill": 1,
    "fillRgb": "rgb(253, 253, 253)",
    "op": "polygon",
    "outline": 1,
    "outlineRgb": "rgb(253, 253, 253)",
    "points": [
      [
        115,
        82,
      ],
      [
        147,
        82,
      ],
      [
        145,
        80,
      ],
      [
        117,
        80,
      ],
    ],
  },
  {
    "fill": 2,
    "fillRgb": "rgb(168, 168, 168)",
    "op": "polygon",
    "outline": 2,
    "outlineRgb": "rgb(168, 168, 168)",
    "points": [
      [
        115,
        114,
      ],
      [
        147,
        114,
      ],
      [
        145,
        116,
      ],
      [
        117,
        116,
      ],
    ],
  },
  {
    "fill": 1,
    "fillRgb": "rgb(253, 253, 253)",
    "op": "polygon",
    "outline": 1,
    "outlineRgb": "rgb(253, 253, 253)",
    "points": [
      [
        115,
        82,
      ],
      [
        115,
        114,
      ],
      [
        113,
        112,
      ],
      [
        113,
        84,
      ],
    ],
  },
  {
    "fill": 2,
    "fillRgb": "rgb(168, 168, 168)",
    "op": "polygon",
    "outline": 2,
    "outlineRgb": "rgb(168, 168, 168)",
    "points": [
      [
        147,
        82,
      ],
      [
        147,
        114,
      ],
      [
        149,
        112,
      ],
      [
        149,
        84,
      ],
    ],
  },
  {
    "fill": 1,
    "fillRgb": "rgb(253, 253, 253)",
    "op": "polygon",
    "outline": 1,
    "outlineRgb": "rgb(253, 253, 253)",
    "points": [
      [
        148,
        82,
      ],
      [
        180,
        82,
      ],
      [
        178,
        80,
      ],
      [
        150,
        80,
      ],
    ],
  },
  {
    "fill": 2,
    "fillRgb": "rgb(168, 168, 168)",
    "op": "polygon",
    "outline": 2,
    "outlineRgb": "rgb(168, 168, 168)",
    "points": [
      [
        148,
        114,
      ],
      [
        180,
        114,
      ],
      [
        178,
        116,
      ],
      [
        150,
        116,
      ],
    ],
  },
  {
    "fill": 1,
    "fillRgb": "rgb(253, 253, 253)",
    "op": "polygon",
    "outline": 1,
    "outlineRgb": "rgb(253, 253, 253)",
    "points": [
      [
        148,
        82,
      ],
      [
        148,
        114,
      ],
      [
        146,
        112,
      ],
      [
        146,
        84,
      ],
    ],
  },
  {
    "fill": 2,
    "fillRgb": "rgb(168, 168, 168)",
    "op": "polygon",
    "outline": 2,
    "outlineRgb": "rgb(168, 168, 168)",
    "points": [
      [
        180,
        82,
      ],
      [
        180,
        114,
      ],
      [
        182,
        112,
      ],
      [
        182,
        84,
      ],
    ],
  },
  {
    "fill": 1,
    "fillRgb": "rgb(253, 253, 253)",
    "op": "polygon",
    "outline": 1,
    "outlineRgb": "rgb(253, 253, 253)",
    "points": [
      [
        82,
        115,
      ],
      [
        114,
        115,
      ],
      [
        112,
        113,
      ],
      [
        84,
        113,
      ],
    ],
  },
  {
    "fill": 2,
    "fillRgb": "rgb(168, 168, 168)",
    "op": "polygon",
    "outline": 2,
    "outlineRgb": "rgb(168, 168, 168)",
    "points": [
      [
        82,
        147,
      ],
      [
        114,
        147,
      ],
      [
        112,
        149,
      ],
      [
        84,
        149,
      ],
    ],
  },
  {
    "fill": 1,
    "fillRgb": "rgb(253, 253, 253)",
    "op": "polygon",
    "outline": 1,
    "outlineRgb": "rgb(253, 253, 253)",
    "points": [
      [
        82,
        115,
      ],
      [
        82,
        147,
      ],
      [
        80,
        145,
      ],
      [
        80,
        117,
      ],
    ],
  },
  {
    "fill": 2,
    "fillRgb": "rgb(168, 168, 168)",
    "op": "polygon",
    "outline": 2,
    "outlineRgb": "rgb(168, 168, 168)",
    "points": [
      [
        114,
        115,
      ],
      [
        114,
        147,
      ],
      [
        116,
        145,
      ],
      [
        116,
        117,
      ],
    ],
  },
  {
    "fill": 1,
    "fillRgb": "rgb(253, 253, 253)",
    "op": "polygon",
    "outline": 1,
    "outlineRgb": "rgb(253, 253, 253)",
    "points": [
      [
        115,
        115,
      ],
      [
        147,
        115,
      ],
      [
        145,
        113,
      ],
      [
        117,
        113,
      ],
    ],
  },
  {
    "fill": 2,
    "fillRgb": "rgb(168, 168, 168)",
    "op": "polygon",
    "outline": 2,
    "outlineRgb": "rgb(168, 168, 168)",
    "points": [
      [
        115,
        147,
      ],
      [
        147,
        147,
      ],
      [
        145,
        149,
      ],
      [
        117,
        149,
      ],
    ],
  },
  {
    "fill": 1,
    "fillRgb": "rgb(253, 253, 253)",
    "op": "polygon",
    "outline": 1,
    "outlineRgb": "rgb(253, 253, 253)",
    "points": [
      [
        115,
        115,
      ],
      [
        115,
        147,
      ],
      [
        113,
        145,
      ],
      [
        113,
        117,
      ],
    ],
  },
  {
    "fill": 2,
    "fillRgb": "rgb(168, 168, 168)",
    "op": "polygon",
    "outline": 2,
    "outlineRgb": "rgb(168, 168, 168)",
    "points": [
      [
        147,
        115,
      ],
      [
        147,
        147,
      ],
      [
        149,
        145,
      ],
      [
        149,
        117,
      ],
    ],
  },
  {
    "fill": 1,
    "fillRgb": "rgb(253, 253, 253)",
    "op": "polygon",
    "outline": 1,
    "outlineRgb": "rgb(253, 253, 253)",
    "points": [
      [
        148,
        115,
      ],
      [
        180,
        115,
      ],
      [
        178,
        113,
      ],
      [
        150,
        113,
      ],
    ],
  },
  {
    "fill": 2,
    "fillRgb": "rgb(168, 168, 168)",
    "op": "polygon",
    "outline": 2,
    "outlineRgb": "rgb(168, 168, 168)",
    "points": [
      [
        148,
        147,
      ],
      [
        180,
        147,
      ],
      [
        178,
        149,
      ],
      [
        150,
        149,
      ],
    ],
  },
  {
    "fill": 1,
    "fillRgb": "rgb(253, 253, 253)",
    "op": "polygon",
    "outline": 1,
    "outlineRgb": "rgb(253, 253, 253)",
    "points": [
      [
        148,
        115,
      ],
      [
        148,
        147,
      ],
      [
        146,
        145,
      ],
      [
        146,
        117,
      ],
    ],
  },
  {
    "fill": 2,
    "fillRgb": "rgb(168, 168, 168)",
    "op": "polygon",
    "outline": 2,
    "outlineRgb": "rgb(168, 168, 168)",
    "points": [
      [
        180,
        115,
      ],
      [
        180,
        147,
      ],
      [
        182,
        145,
      ],
      [
        182,
        117,
      ],
    ],
  },
  {
    "fill": 1,
    "fillRgb": "rgb(253, 253, 253)",
    "op": "polygon",
    "outline": 1,
    "outlineRgb": "rgb(253, 253, 253)",
    "points": [
      [
        82,
        148,
      ],
      [
        114,
        148,
      ],
      [
        112,
        146,
      ],
      [
        84,
        146,
      ],
    ],
  },
  {
    "fill": 2,
    "fillRgb": "rgb(168, 168, 168)",
    "op": "polygon",
    "outline": 2,
    "outlineRgb": "rgb(168, 168, 168)",
    "points": [
      [
        82,
        180,
      ],
      [
        114,
        180,
      ],
      [
        112,
        182,
      ],
      [
        84,
        182,
      ],
    ],
  },
  {
    "fill": 1,
    "fillRgb": "rgb(253, 253, 253)",
    "op": "polygon",
    "outline": 1,
    "outlineRgb": "rgb(253, 253, 253)",
    "points": [
      [
        82,
        148,
      ],
      [
        82,
        180,
      ],
      [
        80,
        178,
      ],
      [
        80,
        150,
      ],
    ],
  },
  {
    "fill": 2,
    "fillRgb": "rgb(168, 168, 168)",
    "op": "polygon",
    "outline": 2,
    "outlineRgb": "rgb(168, 168, 168)",
    "points": [
      [
        114,
        148,
      ],
      [
        114,
        180,
      ],
      [
        116,
        178,
      ],
      [
        116,
        150,
      ],
    ],
  },
  {
    "color": 0,
    "h": 33,
    "op": "rect",
    "rgb": "rgb(211, 211, 211)",
    "w": 33,
    "x": 49,
    "y": 16,
  },
  {
    "color": 0,
    "h": 33,
    "op": "rect",
    "rgb": "rgb(211, 211, 211)",
    "w": 33,
    "x": 82,
    "y": 16,
  },
  {
    "color": 0,
    "h": 33,
    "op": "rect",
    "rgb": "rgb(211, 211, 211)",
    "w": 33,
    "x": 115,
    "y": 16,
  },
  {
    "color": 0,
    "h": 33,
    "op": "rect",
    "rgb": "rgb(211, 211, 211)",
    "w": 33,
    "x": 148,
    "y": 16,
  },
  {
    "color": 0,
    "h": 33,
    "op": "rect",
    "rgb": "rgb(211, 211, 211)",
    "w": 33,
    "x": 82,
    "y": 49,
  },
  {
    "color": 0,
    "h": 33,
    "op": "rect",
    "rgb": "rgb(211, 211, 211)",
    "w": 33,
    "x": 115,
    "y": 49,
  },
  {
    "color": 0,
    "h": 33,
    "op": "rect",
    "rgb": "rgb(211, 211, 211)",
    "w": 33,
    "x": 148,
    "y": 49,
  },
  {
    "color": 0,
    "h": 33,
    "op": "rect",
    "rgb": "rgb(211, 211, 211)",
    "w": 33,
    "x": 16,
    "y": 82,
  },
  {
    "color": 0,
    "h": 33,
    "op": "rect",
    "rgb": "rgb(211, 211, 211)",
    "w": 33,
    "x": 49,
    "y": 82,
  },
  {
    "color": 0,
    "h": 33,
    "op": "rect",
    "rgb": "rgb(211, 211, 211)",
    "w": 33,
    "x": 82,
    "y": 82,
  },
  {
    "color": 0,
    "h": 33,
    "op": "rect",
    "rgb": "rgb(211, 211, 211)",
    "w": 33,
    "x": 115,
    "y": 82,
  },
  {
    "color": 0,
    "h": 33,
    "op": "rect",
    "rgb": "rgb(211, 211, 211)",
    "w": 33,
    "x": 148,
    "y": 82,
  },
  {
    "color": 0,
    "h": 33,
    "op": "rect",
    "rgb": "rgb(211, 211, 211)",
    "w": 33,
    "x": 82,
    "y": 115,
  },
  {
    "color": 0,
    "h": 33,
    "op": "rect",
    "rgb": "rgb(211, 211, 211)",
    "w": 33,
    "x": 115,
    "y": 115,
  },
  {
    "color": 0,
    "h": 33,
    "op": "rect",
    "rgb": "rgb(211, 211, 211)",
    "w": 33,
    "x": 148,
    "y": 115,
  },
  {
    "color": 0,
    "h": 33,
    "op": "rect",
    "rgb": "rgb(211, 211, 211)",
    "w": 33,
    "x": 82,
    "y": 148,
  },
  {
    "color": 0,
    "h": 33,
    "op": "rect",
    "rgb": "rgb(211, 211, 211)",
    "w": 33,
    "x": 49,
    "y": 16,
  },
  {
    "cx": 65,
    "cy": 32,
    "fill": 2,
    "fillRgb": "rgb(168, 168, 168)",
    "op": "circle",
    "outline": 2,
    "outlineRgb": "rgb(168, 168, 168)",
    "r": 8,
  },
  {
    "color": 0,
    "h": 33,
    "op": "rect",
    "rgb": "rgb(211, 211, 211)",
    "w": 33,
    "x": 82,
    "y": 16,
  },
  {
    "cx": 98,
    "cy": 32,
    "fill": 2,
    "fillRgb": "rgb(168, 168, 168)",
    "op": "circle",
    "outline": 2,
    "outlineRgb": "rgb(168, 168, 168)",
    "r": 8,
  },
  {
    "color": 0,
    "h": 33,
    "op": "rect",
    "rgb": "rgb(211, 211, 211)",
    "w": 33,
    "x": 115,
    "y": 16,
  },
  {
    "cx": 131,
    "cy": 32,
    "fill": 2,
    "fillRgb": "rgb(168, 168, 168)",
    "op": "circle",
    "outline": 2,
    "outlineRgb": "rgb(168, 168, 168)",
    "r": 8,
  },
  {
    "color": 0,
    "h": 33,
    "op": "rect",
    "rgb": "rgb(211, 211, 211)",
    "w": 33,
    "x": 148,
    "y": 16,
  },
  {
    "cx": 164,
    "cy": 32,
    "fill": 3,
    "fillRgb": "rgb(21, 113, 233)",
    "op": "circle",
    "outline": 3,
    "outlineRgb": "rgb(21, 113, 233)",
    "r": 11,
  },
  {
    "cx": 164,
    "cy": 32,
    "fill": 3,
    "fillRgb": "rgb(21, 113, 233)",
    "op": "circle",
    "outline": 3,
    "outlineRgb": "rgb(21, 113, 233)",
    "r": 8,
  },
  {
    "color": 0,
    "h": 33,
    "op": "rect",
    "rgb": "rgb(211, 211, 211)",
    "w": 33,
    "x": 82,
    "y": 49,
  },
  {
    "cx": 98,
    "cy": 65,
    "fill": 3,
    "fillRgb": "rgb(21, 113, 233)",
    "op": "circle",
    "outline": 3,
    "outlineRgb": "rgb(21, 113, 233)",
    "r": 11,
  },
  {
    "cx": 98,
    "cy": 65,
    "fill": 3,
    "fillRgb": "rgb(21, 113, 233)",
    "op": "circle",
    "outline": 3,
    "outlineRgb": "rgb(21, 113, 233)",
    "r": 8,
  },
  {
    "color": 0,
    "h": 33,
    "op": "rect",
    "rgb": "rgb(211, 211, 211)",
    "w": 33,
    "x": 115,
    "y": 49,
  },
  {
    "cx": 131,
    "cy": 65,
    "fill": 3,
    "fillRgb": "rgb(21, 113, 233)",
    "op": "circle",
    "outline": 3,
    "outlineRgb": "rgb(21, 113, 233)",
    "r": 11,
  },
  {
    "cx": 131,
    "cy": 65,
    "fill": 3,
    "fillRgb": "rgb(21, 113, 233)",
    "op": "circle",
    "outline": 3,
    "outlineRgb": "rgb(21, 113, 233)",
    "r": 8,
  },
  {
    "color": 0,
    "h": 33,
    "op": "rect",
    "rgb": "rgb(211, 211, 211)",
    "w": 33,
    "x": 148,
    "y": 49,
  },
  {
    "cx": 164,
    "cy": 65,
    "fill": 3,
    "fillRgb": "rgb(21, 113, 233)",
    "op": "circle",
    "outline": 3,
    "outlineRgb": "rgb(21, 113, 233)",
    "r": 11,
  },
  {
    "cx": 164,
    "cy": 65,
    "fill": 3,
    "fillRgb": "rgb(21, 113, 233)",
    "op": "circle",
    "outline": 3,
    "outlineRgb": "rgb(21, 113, 233)",
    "r": 8,
  },
  {
    "color": 0,
    "h": 33,
    "op": "rect",
    "rgb": "rgb(211, 211, 211)",
    "w": 33,
    "x": 16,
    "y": 82,
  },
  {
    "cx": 32,
    "cy": 98,
    "fill": 3,
    "fillRgb": "rgb(21, 113, 233)",
    "op": "circle",
    "outline": 3,
    "outlineRgb": "rgb(21, 113, 233)",
    "r": 11,
  },
  {
    "cx": 32,
    "cy": 98,
    "fill": 3,
    "fillRgb": "rgb(21, 113, 233)",
    "op": "circle",
    "outline": 3,
    "outlineRgb": "rgb(21, 113, 233)",
    "r": 8,
  },
  {
    "cx": 32,
    "cy": 98,
    "fill": -1,
    "fillRgb": "color#-1",
    "op": "circle",
    "outline": 7,
    "outlineRgb": "rgb(14, 88, 91)",
    "r": 15,
  },
  {
    "cx": 32,
    "cy": 98,
    "fill": -1,
    "fillRgb": "color#-1",
    "op": "circle",
    "outline": 7,
    "outlineRgb": "rgb(14, 88, 91)",
    "r": 14,
  },
  {
    "color": 0,
    "h": 33,
    "op": "rect",
    "rgb": "rgb(211, 211, 211)",
    "w": 33,
    "x": 49,
    "y": 82,
  },
  {
    "cx": 65,
    "cy": 98,
    "fill": 2,
    "fillRgb": "rgb(168, 168, 168)",
    "op": "circle",
    "outline": 2,
    "outlineRgb": "rgb(168, 168, 168)",
    "r": 8,
  },
  {
    "color": 0,
    "h": 33,
    "op": "rect",
    "rgb": "rgb(211, 211, 211)",
    "w": 33,
    "x": 82,
    "y": 82,
  },
  {
    "cx": 98,
    "cy": 98,
    "fill": 2,
    "fillRgb": "rgb(168, 168, 168)",
    "op": "circle",
    "outline": 2,
    "outlineRgb": "rgb(168, 168, 168)",
    "r": 8,
  },
  {
    "cx": 98,
    "cy": 98,
    "fill": -1,
    "fillRgb": "color#-1",
    "op": "circle",
    "outline": 6,
    "outlineRgb": "rgb(21, 113, 233)",
    "r": 15,
  },
  {
    "cx": 98,
    "cy": 98,
    "fill": -1,
    "fillRgb": "color#-1",
    "op": "circle",
    "outline": 6,
    "outlineRgb": "rgb(21, 113, 233)",
    "r": 14,
  },
  {
    "color": 0,
    "h": 33,
    "op": "rect",
    "rgb": "rgb(211, 211, 211)",
    "w": 33,
    "x": 115,
    "y": 82,
  },
  {
    "cx": 131,
    "cy": 98,
    "fill": 3,
    "fillRgb": "rgb(21, 113, 233)",
    "op": "circle",
    "outline": 3,
    "outlineRgb": "rgb(21, 113, 233)",
    "r": 11,
  },
  {
    "cx": 131,
    "cy": 98,
    "fill": 3,
    "fillRgb": "rgb(21, 113, 233)",
    "op": "circle",
    "outline": 3,
    "outlineRgb": "rgb(21, 113, 233)",
    "r": 8,
  },
  {
    "color": 0,
    "h": 33,
    "op": "rect",
    "rgb": "rgb(211, 211, 211)",
    "w": 33,
    "x": 148,
    "y": 82,
  },
  {
    "cx": 164,
    "cy": 98,
    "fill": 2,
    "fillRgb": "rgb(168, 168, 168)",
    "op": "circle",
    "outline": 2,
    "outlineRgb": "rgb(168, 168, 168)",
    "r": 8,
  },
  {
    "color": 0,
    "h": 33,
    "op": "rect",
    "rgb": "rgb(211, 211, 211)",
    "w": 33,
    "x": 82,
    "y": 115,
  },
  {
    "cx": 98,
    "cy": 131,
    "fill": 3,
    "fillRgb": "rgb(21, 113, 233)",
    "op": "circle",
    "outline": 3,
    "outlineRgb": "rgb(21, 113, 233)",
    "r": 11,
  },
  {
    "cx": 98,
    "cy": 131,
    "fill": 3,
    "fillRgb": "rgb(21, 113, 233)",
    "op": "circle",
    "outline": 3,
    "outlineRgb": "rgb(21, 113, 233)",
    "r": 8,
  },
  {
    "color": 0,
    "h": 33,
    "op": "rect",
    "rgb": "rgb(211, 211, 211)",
    "w": 33,
    "x": 115,
    "y": 115,
  },
  {
    "cx": 131,
    "cy": 131,
    "fill": 2,
    "fillRgb": "rgb(168, 168, 168)",
    "op": "circle",
    "outline": 2,
    "outlineRgb": "rgb(168, 168, 168)",
    "r": 8,
  },
  {
    "color": 0,
    "h": 33,
    "op": "rect",
    "rgb": "rgb(211, 211, 211)",
    "w": 33,
    "x": 148,
    "y": 115,
  },
  {
    "cx": 164,
    "cy": 131,
    "fill": 3,
    "fillRgb": "rgb(21, 113, 233)",
    "op": "circle",
    "outline": 3,
    "outlineRgb": "rgb(21, 113, 233)",
    "r": 11,
  },
  {
    "cx": 164,
    "cy": 131,
    "fill": 3,
    "fillRgb": "rgb(21, 113, 233)",
    "op": "circle",
    "outline": 3,
    "outlineRgb": "rgb(21, 113, 233)",
    "r": 8,
  },
  {
    "color": 0,
    "h": 33,
    "op": "rect",
    "rgb": "rgb(211, 211, 211)",
    "w": 33,
    "x": 82,
    "y": 148,
  },
  {
    "cx": 98,
    "cy": 164,
    "fill": 3,
    "fillRgb": "rgb(21, 113, 233)",
    "op": "circle",
    "outline": 3,
    "outlineRgb": "rgb(21, 113, 233)",
    "r": 11,
  },
  {
    "cx": 98,
    "cy": 164,
    "fill": 3,
    "fillRgb": "rgb(21, 113, 233)",
    "op": "circle",
    "outline": 3,
    "outlineRgb": "rgb(21, 113, 233)",
    "r": 8,
  },
  {
    "cx": 98,
    "cy": 164,
    "fill": -1,
    "fillRgb": "color#-1",
    "op": "circle",
    "outline": 6,
    "outlineRgb": "rgb(21, 113, 233)",
    "r": 15,
  },
  {
    "cx": 98,
    "cy": 164,
    "fill": -1,
    "fillRgb": "color#-1",
    "op": "circle",
    "outline": 6,
    "outlineRgb": "rgb(21, 113, 233)",
    "r": 14,
  },
]
`;
