// Vitest Snapshot v1, https://vitest.dev/guide/snapshot.html

exports[`capability surface > matches the recorded capability surface 1`] = `
[
  {
    "drawState": [
      "clueLook",
      "hint",
      "marks",
      "pencilModeShown",
      "started",
      "tileSize",
      "tiles",
      "wrong",
    ],
    "id": "abcd",
    "members": [
      "animLength",
      "canMarkAll",
      "changedState",
      "findMistakes",
      "flashLength",
      "hint",
      "hintKeepTrack",
      "hintMarks",
      "paramConfig",
      "preferredTileSize",
      "prefs",
      "refreshHintStep",
      "requestKeys",
      "solve",
      "textFormat",
      "transposeParams",
      "validateParams",
    ],
    "ui": [
      "candidateReading",
      "cursor",
      "cursorFromKeyboard",
      "pencilKeepHighlight",
      "pencilMode",
      "pencilSticky",
    ],
  },
  {
    "drawState": [
      "colors",
      "h",
      "mode",
      "nexthints",
      "offsetX",
      "offsetY",
      "oldcursor",
      "oldhint",
      "oldmistake",
      "oldnum",
      "oldpath",
      "oldpositions",
      "oldroute",
      "path",
      "prevhints",
      "pxH",
      "pxW",
      "started",
      "thickness",
      "tileSize",
      "userH",
      "userW",
      "w",
    ],
    "id": "ascent",
    "members": [
      "changedState",
      "decodeUi",
      "difficulty",
      "encodeUi",
      "findMistakes",
      "flashLength",
      "hint",
      "hintKeepTrack",
      "hintMarks",
      "paramConfig",
      "preferredTileSize",
      "prefs",
      "solve",
      "textFormat",
      "transposeParams",
      "validateParams",
    ],
    "ui": [
      "autoAdvanceRuns",
      "cursor",
      "cursorFromKeyboard",
      "dir",
      "doubleclickCell",
      "dragColumn",
      "dragRow",
      "held",
      "moveWithNumpad",
      "nextTarget",
      "nextTargetMode",
      "nexthints",
      "positions",
      "prevTarget",
      "prevTargetMode",
      "prevhints",
      "s",
      "select",
      "tapCycle",
      "typingCell",
      "typingNumber",
    ],
  },
  {
    "drawState": [
      "ballRadius",
      "flashLaserno",
      "grid",
      "isflash",
      "reveal",
      "ringRadius",
      "started",
      "tileSize",
      "w",
    ],
    "id": "blackbox",
    "members": [
      "animLength",
      "changedState",
      "flashLength",
      "paramConfig",
      "preferredTileSize",
      "solve",
      "statusbarText",
      "transposeParams",
      "validateParams",
    ],
    "ui": [
      "cursor",
      "errors",
      "flashLaser",
      "flashLaserno",
      "newmove",
    ],
  },
  {
    "drawState": [
      "border",
      "fleet",
      "fleetCount",
      "h",
      "started",
      "tileSize",
      "tiles",
      "w",
      "wrong",
    ],
    "id": "boats",
    "members": [
      "animLength",
      "difficulty",
      "findMistakes",
      "flashLength",
      "hint",
      "hintKeepTrack",
      "hintMarks",
      "paramConfig",
      "preferredTileSize",
      "solve",
      "textFormat",
      "transposeParams",
      "validateParams",
    ],
    "ui": [
      "cursor",
      "drag",
      "dragFrom",
      "dragOk",
      "dragTo",
    ],
  },
  {
    "drawState": [
      "cache",
      "tileSize",
    ],
    "id": "bricks",
    "members": [
      "animLength",
      "difficulty",
      "findMistakes",
      "flashLength",
      "hint",
      "hintKeepTrack",
      "hintMarks",
      "paramConfig",
      "preferredTileSize",
      "solve",
      "textFormat",
    ],
    "ui": [
      "cursor",
      "drag",
      "dragType",
    ],
  },
  {
    "drawState": [
      "grid",
      "hint",
      "newgrid",
      "tileSize",
    ],
    "id": "bridges",
    "members": [
      "animLength",
      "difficulty",
      "findMistakes",
      "flashLength",
      "hint",
      "hintKeepTrack",
      "hintMarks",
      "paramConfig",
      "preferredTileSize",
      "prefs",
      "solve",
      "textFormat",
      "transposeParams",
      "validateParams",
    ],
    "ui": [
      "autoMark",
      "cursor",
      "drag",
      "dragIsNoline",
      "dragged",
      "nlines",
      "showPossible",
      "todraw",
    ],
  },
  {
    "drawState": [
      "cache",
      "h",
      "hint",
      "marks",
      "started",
      "tileSize",
      "w",
    ],
    "id": "clusters",
    "members": [
      "animLength",
      "difficulty",
      "findMistakes",
      "flashLength",
      "hint",
      "hintKeepTrack",
      "hintMarks",
      "paramConfig",
      "preferredTileSize",
      "solve",
      "textFormat",
      "transposeParams",
      "validateParams",
    ],
    "ui": [
      "cursor",
      "drag",
      "dragType",
    ],
  },
  {
    "drawState": [
      "hint",
      "marks",
      "numberState",
      "pencilModeShown",
      "tileSize",
      "tiles",
      "wrong",
    ],
    "id": "crossing",
    "members": [
      "animLength",
      "changedState",
      "findMistakes",
      "flashLength",
      "hint",
      "hintKeepTrack",
      "hintMarks",
      "paramConfig",
      "preferredTileSize",
      "prefs",
      "refreshHintStep",
      "requestKeys",
      "solve",
      "textFormat",
      "transposeParams",
      "uiUpdateClearsHint",
      "validateParams",
    ],
    "ui": [
      "autoAdvance",
      "cursor",
      "cursorFromKeyboard",
      "dir",
      "fitHighlight",
      "heldNumber",
      "highlightRuns",
      "pencilKeepHighlight",
      "pencilMode",
      "pencilSticky",
    ],
  },
  {
    "drawState": [
      "bbox",
      "border",
      "ox",
      "oy",
      "tileSize",
    ],
    "id": "cube",
    "members": [
      "animLength",
      "flashLength",
      "ignoresSecondaryButton",
      "paramConfig",
      "preferredTileSize",
      "statusbarText",
      "validateParams",
    ],
    "ui": [],
  },
  {
    "drawState": [
      "h",
      "markSides",
      "marks",
      "tileSize",
      "visible",
      "w",
    ],
    "id": "dominosa",
    "members": [
      "difficulty",
      "findMistakes",
      "flashLength",
      "hint",
      "hintKeepTrack",
      "hintMarks",
      "paramConfig",
      "preferredTileSize",
      "reference",
      "selectReference",
      "solve",
      "textFormat",
      "transposeParams",
      "validateParams",
    ],
    "ui": [
      "cursor",
      "highlight1",
      "highlight2",
      "highlightPair",
    ],
  },
  {
    "drawState": [
      "bgcolor",
      "hintTile",
      "started",
      "tileSize",
      "tiles",
    ],
    "id": "fifteen",
    "members": [
      "animLength",
      "flashLength",
      "hint",
      "hintKeepTrack",
      "hintMarks",
      "ignoresSecondaryButton",
      "paramConfig",
      "preferredTileSize",
      "solve",
      "statusbarText",
      "textFormat",
      "transposeParams",
    ],
    "ui": [
      "invertCursor",
    ],
  },
  {
    "drawState": [
      "cache",
      "h",
      "marks",
      "started",
      "tileSize",
      "w",
    ],
    "id": "filling",
    "members": [
      "changedState",
      "findMistakes",
      "flashLength",
      "hint",
      "hintKeepTrack",
      "hintMarks",
      "ignoresSecondaryButton",
      "paramConfig",
      "preferredTileSize",
      "requestKeys",
      "solve",
      "textFormat",
      "transposeParams",
      "validateParams",
    ],
    "ui": [
      "cursor",
      "keydragging",
      "sel",
    ],
  },
  {
    "drawState": [
      "started",
      "tileSize",
      "tiles",
    ],
    "id": "flip",
    "members": [
      "animLength",
      "flashLength",
      "ignoresSecondaryButton",
      "paramConfig",
      "preferredTileSize",
      "solve",
      "statusbarText",
      "textFormat",
      "transposeParams",
      "validateParams",
    ],
    "ui": [
      "cursor",
    ],
  },
  {
    "drawState": [
      "grid",
      "started",
      "tileSize",
    ],
    "id": "flood",
    "members": [
      "animLength",
      "flashLength",
      "hint",
      "hintKeepTrack",
      "hintMarks",
      "ignoresSecondaryButton",
      "paramConfig",
      "preferredTileSize",
      "solve",
      "statusbarText",
      "textFormat",
      "transposeParams",
      "validateParams",
    ],
    "ui": [
      "cursor",
    ],
  },
  {
    "drawState": [
      "cache",
      "dx",
      "dy",
      "h",
      "hint",
      "overlay",
      "started",
      "tileSize",
      "w",
      "wrongEdges",
    ],
    "id": "galaxies",
    "members": [
      "animLength",
      "difficulty",
      "findMistakes",
      "flashLength",
      "hint",
      "hintKeepTrack",
      "hintMarks",
      "paramConfig",
      "preferredTileSize",
      "prefs",
      "refreshHintStep",
      "solve",
      "statusbarText",
      "textFormat",
      "transposeParams",
    ],
    "ui": [
      "cursor",
      "dotx",
      "doty",
      "dragToDot",
      "dragging",
      "pressPending",
      "pressX",
      "pressY",
      "showDragCandidates",
      "srcx",
      "srcy",
      "targetX",
      "targetY",
    ],
  },
  {
    "drawState": [
      "errors",
      "errtmp",
      "hint",
      "id",
      "legend",
      "marks",
      "mistakes",
      "pencil",
      "pencilModeShown",
      "sequence",
      "started",
      "tileSize",
      "tiles",
      "w",
    ],
    "id": "group",
    "members": [
      "animLength",
      "canMarkAll",
      "changedState",
      "difficulty",
      "findMistakes",
      "flashLength",
      "hint",
      "hintKeepTrack",
      "hintMarks",
      "paramConfig",
      "preferredTileSize",
      "prefs",
      "refreshHintStep",
      "requestKeys",
      "solve",
      "textFormat",
      "validateParams",
    ],
    "ui": [
      "candidateReading",
      "cursor",
      "cursorFromKeyboard",
      "drag",
      "dragnum",
      "dragpos",
      "edgepos",
      "odn",
      "odx",
      "ody",
      "ohx",
      "ohy",
      "pencilKeepHighlight",
      "pencilMode",
    ],
  },
  {
    "drawState": [
      "answerCache",
      "answerh",
      "border",
      "gapsz",
      "guessesCache",
      "guessx",
      "guessy",
      "h",
      "hintRowsShown",
      "hintrad",
      "hintsz",
      "hintw",
      "ncolors",
      "nextGo",
      "nguesses",
      "npegs",
      "pegrad",
      "pencilModeShown",
      "solny",
      "solutionCache",
      "solved",
      "started",
      "tileSize",
      "w",
    ],
    "id": "guess",
    "members": [
      "changedState",
      "decodeUi",
      "encodeUi",
      "hint",
      "hintKeepTrack",
      "hintMarks",
      "paramConfig",
      "preferredTileSize",
      "refreshHintStep",
      "requestKeys",
      "solve",
      "statusbarText",
      "validateParams",
    ],
    "ui": [
      "currPegs",
      "cursor",
      "holds",
      "markable",
      "params",
      "pencilMode",
      "showLabels",
    ],
  },
  {
    "drawState": [
      "grid",
      "pbgX",
      "pbgY",
      "playerBackground",
      "playerBgSaved",
      "started",
      "tileSize",
    ],
    "id": "inertia",
    "members": [
      "animLength",
      "changedState",
      "flashLength",
      "hint",
      "hintKeepTrack",
      "hintMarks",
      "paramConfig",
      "preferredTileSize",
      "solve",
      "statusbarText",
      "textFormat",
      "transposeParams",
      "validateParams",
    ],
    "ui": [
      "aimDir",
      "aiming",
      "animLength",
      "deaths",
      "flashType",
      "justDied",
      "justMadeMove",
    ],
  },
  {
    "drawState": [
      "errors",
      "hint",
      "marks",
      "pencilModeShown",
      "started",
      "tileSize",
      "tiles",
      "w",
      "wrong",
    ],
    "id": "keen",
    "members": [
      "animLength",
      "canMarkAll",
      "changedState",
      "difficulty",
      "findMistakes",
      "flashLength",
      "hint",
      "hintKeepTrack",
      "hintMarks",
      "paramConfig",
      "preferredTileSize",
      "prefs",
      "refreshHintStep",
      "requestKeys",
      "solve",
    ],
    "ui": [
      "autoPencil",
      "candidateReading",
      "cursor",
      "cursorFromKeyboard",
      "pencilKeepHighlight",
      "pencilMode",
      "pencilSticky",
    ],
  },
  {
    "drawState": [
      "cache",
      "crad",
      "started",
      "tileSize",
    ],
    "id": "lightup",
    "members": [
      "animLength",
      "changedState",
      "difficulty",
      "findMistakes",
      "flashLength",
      "hint",
      "hintKeepTrack",
      "hintMarks",
      "paramConfig",
      "preferredTileSize",
      "prefs",
      "refreshHintStep",
      "solve",
      "textFormat",
      "transposeParams",
      "validateParams",
    ],
    "ui": [
      "cursor",
      "drawBlobsWhenLit",
    ],
  },
  {
    "drawState": [
      "clueError",
      "clueSatisfied",
      "tileSize",
    ],
    "id": "loopy",
    "members": [
      "difficulty",
      "findMistakes",
      "flashLength",
      "hint",
      "hintKeepTrack",
      "hintMarks",
      "hover",
      "paramConfig",
      "preferredTileSize",
      "prefs",
      "refreshHintStep",
      "solve",
      "textFormat",
      "transposeParams",
      "validateParams",
      "wantsStylusModifier",
    ],
    "ui": [
      "autoRuleOut",
      "autofollow",
      "cursor",
      "drawFaintLines",
      "hoverEdge",
      "noteDrag",
      "pencilMode",
      "pin",
    ],
  },
  {
    "drawState": [
      "colwhat",
      "h",
      "marks",
      "rowwhat",
      "started",
      "tileSize",
      "w",
      "what",
    ],
    "id": "magnets",
    "members": [
      "changedState",
      "difficulty",
      "findMistakes",
      "flashLength",
      "hint",
      "hintKeepTrack",
      "hintMarks",
      "paramConfig",
      "preferredTileSize",
      "solve",
      "textFormat",
      "transposeParams",
      "validateParams",
    ],
    "ui": [
      "cursor",
    ],
  },
  {
    "drawState": [
      "bl",
      "dragVisible",
      "dragX",
      "dragY",
      "drawn",
      "drawnHint",
      "pencilModeShown",
      "started",
      "tileSize",
      "todraw",
      "todrawHint",
    ],
    "id": "map",
    "members": [
      "canMarkAll",
      "difficulty",
      "findMistakes",
      "flashLength",
      "hint",
      "hintKeepTrack",
      "hintMarks",
      "paramConfig",
      "preferredTileSize",
      "prefs",
      "refreshHintStep",
      "requestKeys",
      "solve",
      "transposeParams",
      "validateParams",
    ],
    "ui": [
      "candidateReading",
      "curLastmove",
      "curMoved",
      "cursor",
      "cursorFromKeyboard",
      "dragColor",
      "dragPencil",
      "dragX",
      "dragY",
      "flashType",
      "largeStipples",
      "pencilKeepHighlight",
      "pencilMode",
      "pencilSticky",
      "showNumbers",
    ],
  },
  {
    "drawState": [
      "hint",
      "marks",
      "pencilModeShown",
      "started",
      "tileSize",
      "tiles",
      "wrong",
    ],
    "id": "mathrax",
    "members": [
      "animLength",
      "canMarkAll",
      "difficulty",
      "findMistakes",
      "flashLength",
      "hint",
      "hintKeepTrack",
      "hintMarks",
      "paramConfig",
      "preferredTileSize",
      "prefs",
      "refreshHintStep",
      "requestKeys",
      "solve",
      "validateParams",
    ],
    "ui": [
      "autoPencil",
      "candidateReading",
      "cursor",
      "cursorFromKeyboard",
      "pencilKeepHighlight",
      "pencilMode",
      "pencilSticky",
    ],
  },
  {
    "drawState": [
      "bg",
      "curX",
      "curY",
      "grid",
      "h",
      "started",
      "tileSize",
      "w",
    ],
    "id": "mines",
    "members": [
      "decodeUi",
      "encodeUi",
      "flashLength",
      "paramConfig",
      "preferredTileSize",
      "solve",
      "statusbarText",
      "supersededDesc",
      "textFormat",
      "timerHolds",
      "transposeParams",
      "validateParams",
    ],
    "ui": [
      "cursor",
      "deaths",
      "flashIsDeath",
      "hradius",
      "hx",
      "hy",
      "validradius",
    ],
  },
  {
    "drawState": [
      "cache",
      "tileSize",
    ],
    "id": "mosaic",
    "members": [
      "animLength",
      "findMistakes",
      "flashLength",
      "paramConfig",
      "preferredTileSize",
      "solve",
      "statusbarText",
      "textFormat",
      "transposeParams",
      "validateParams",
    ],
    "ui": [
      "cursor",
      "lastState",
      "lastX",
      "lastY",
    ],
  },
  {
    "drawState": [
      "h",
      "tileSize",
      "toDraw",
      "visible",
      "w",
    ],
    "id": "net",
    "members": [
      "animLength",
      "decodeUi",
      "encodeUi",
      "flashLength",
      "paramConfig",
      "preferredTileSize",
      "prefs",
      "solve",
      "statusbarText",
      "transposeParams",
      "validateParams",
    ],
    "ui": [
      "cursor",
      "cx",
      "cy",
      "orgX",
      "orgY",
      "rs",
      "unlockedLoops",
    ],
  },
  {
    "drawState": [
      "curX",
      "curY",
      "h",
      "hintArrowX",
      "hintArrowY",
      "started",
      "tileSize",
      "visible",
      "w",
    ],
    "id": "netslide",
    "members": [
      "animLength",
      "flashLength",
      "hint",
      "hintKeepTrack",
      "hintMarks",
      "paramConfig",
      "preferredTileSize",
      "solve",
      "statusbarText",
      "transposeParams",
      "validateParams",
    ],
    "ui": [
      "cursor",
    ],
  },
  {
    "drawState": [
      "cache",
      "h",
      "started",
      "tileSize",
      "w",
    ],
    "id": "palisade",
    "members": [
      "animLength",
      "findMistakes",
      "flashLength",
      "hint",
      "hintKeepTrack",
      "hintMarks",
      "paramConfig",
      "preferredTileSize",
      "solve",
      "statusbarText",
      "textFormat",
      "transposeParams",
      "validateParams",
    ],
    "ui": [
      "cursor",
    ],
  },
  {
    "drawState": [
      "h",
      "numColors",
      "started",
      "tileSize",
      "visible",
      "w",
    ],
    "id": "pattern",
    "members": [
      "findMistakes",
      "flashLength",
      "hint",
      "hintKeepTrack",
      "hintMarks",
      "paramConfig",
      "preferredTileSize",
      "solve",
      "textFormat",
      "transposeParams",
      "validateParams",
      "wantsStylusModifier",
    ],
    "ui": [
      "cursor",
      "drag",
      "dragButton",
      "releaseButton",
      "state",
    ],
  },
  {
    "drawState": [
      "h",
      "hint",
      "lflags",
      "started",
      "tileSize",
      "w",
    ],
    "id": "pearl",
    "members": [
      "difficulty",
      "findMistakes",
      "flashLength",
      "hint",
      "hintKeepTrack",
      "hintMarks",
      "paramConfig",
      "preferredTileSize",
      "prefs",
      "solve",
      "textFormat",
      "transposeParams",
      "validateParams",
    ],
    "ui": [
      "clickx",
      "clicky",
      "cursor",
      "dragcoords",
      "guiStyle",
      "ndragcoords",
    ],
  },
  {
    "drawState": [
      "bgColor",
      "dragBackground",
      "dragX",
      "dragY",
      "dragging",
      "grid",
      "started",
      "tileSize",
    ],
    "id": "pegs",
    "members": [
      "changedState",
      "deserializeMove",
      "flashLength",
      "ignoresSecondaryButton",
      "paramConfig",
      "preferredTileSize",
      "serializeMove",
      "textFormat",
      "transposeParams",
      "validateParams",
    ],
    "ui": [
      "curJumping",
      "cursor",
      "dragging",
      "dx",
      "dy",
      "sx",
      "sy",
    ],
  },
  {
    "drawState": [
      "cache",
      "h",
      "tileSize",
      "w",
    ],
    "id": "range",
    "members": [
      "animLength",
      "findMistakes",
      "flashLength",
      "hint",
      "hintKeepTrack",
      "hintMarks",
      "paramConfig",
      "preferredTileSize",
      "solve",
      "textFormat",
      "transposeParams",
      "validateParams",
    ],
    "ui": [
      "cursor",
    ],
  },
  {
    "drawState": [
      "h",
      "started",
      "tileSize",
      "visible",
      "w",
    ],
    "id": "rect",
    "members": [
      "findMistakes",
      "flashLength",
      "hint",
      "hintKeepTrack",
      "hintMarks",
      "paramConfig",
      "preferredTileSize",
      "refreshHintStep",
      "solve",
      "statusbarText",
      "textFormat",
      "transposeParams",
      "validateParams",
    ],
    "ui": [
      "cursor",
      "cursorDragging",
      "drag",
      "dragged",
      "erasing",
      "x1",
      "x2",
      "y1",
      "y2",
    ],
  },
  {
    "drawState": [
      "cache",
      "hint",
      "marks",
      "mistakes",
      "pencilModeShown",
      "started",
      "tileSize",
    ],
    "id": "rome",
    "members": [
      "animLength",
      "canMarkAll",
      "difficulty",
      "findMistakes",
      "flashLength",
      "hint",
      "hintKeepTrack",
      "hintMarks",
      "paramConfig",
      "preferredTileSize",
      "prefs",
      "refreshHintStep",
      "requestKeys",
      "solve",
      "transposeParams",
    ],
    "ui": [
      "candidateReading",
      "cursor",
      "cursorFromKeyboard",
      "kmode",
      "mdir",
      "mmode",
      "mx",
      "my",
      "pencilKeepHighlight",
      "pencilMode",
      "pencilSticky",
      "sgoals",
      "sloops",
    ],
  },
  {
    "drawState": [
      "borderDrawn",
      "borderfs",
      "colcount",
      "drawn",
      "gridfs",
      "hint",
      "marks",
      "order",
      "pencilModeShown",
      "rowcount",
      "tileSize",
      "wrong",
    ],
    "id": "salad",
    "members": [
      "animLength",
      "canMarkAll",
      "difficulty",
      "findMistakes",
      "flashLength",
      "hint",
      "hintKeepTrack",
      "hintMarks",
      "paramConfig",
      "preferredTileSize",
      "prefs",
      "refreshHintStep",
      "requestKeys",
      "solve",
      "statusbarText",
      "textFormat",
      "validateParams",
    ],
    "ui": [
      "cursor",
      "cursorFromKeyboard",
      "pencilKeepHighlight",
      "pencilMode",
      "pencilSticky",
    ],
  },
  {
    "drawState": [
      "bgcolor",
      "grid",
      "started",
      "tileSize",
      "tilegap",
      "tileinner",
    ],
    "id": "samegame",
    "members": [
      "animLength",
      "changedState",
      "flashLength",
      "paramConfig",
      "preferredTileSize",
      "statusbarText",
      "textFormat",
      "validateParams",
    ],
    "ui": [
      "cursor",
      "nselected",
      "selected",
    ],
  },
  {
    "drawState": [
      "hint",
      "marks",
      "pencilModeShown",
      "started",
      "tileSize",
      "tiles",
      "wrong",
    ],
    "id": "seismic",
    "members": [
      "animLength",
      "canMarkAll",
      "difficulty",
      "findMistakes",
      "flashLength",
      "hint",
      "hintKeepTrack",
      "hintMarks",
      "paramConfig",
      "preferredTileSize",
      "prefs",
      "refreshHintStep",
      "requestKeys",
      "solve",
      "textFormat",
      "transposeParams",
      "validateParams",
    ],
    "ui": [
      "candidateReading",
      "cursor",
      "cursorFromKeyboard",
      "pencilKeepHighlight",
      "pencilMode",
      "pencilSticky",
    ],
  },
  {
    "drawState": [
      "cache",
      "h",
      "started",
      "tileSize",
      "w",
    ],
    "id": "separate",
    "members": [
      "animLength",
      "findMistakes",
      "flashLength",
      "hint",
      "hintKeepTrack",
      "hintMarks",
      "paramConfig",
      "preferredTileSize",
      "solve",
      "statusbarText",
      "textFormat",
      "transposeParams",
      "validateParams",
    ],
    "ui": [
      "cursor",
    ],
  },
  {
    "drawState": [
      "angleOffset",
      "cache",
      "dirp",
      "dragBackground",
      "dragX",
      "dragY",
      "dragging",
      "h",
      "n",
      "nums",
      "started",
      "tileSize",
      "w",
    ],
    "id": "signpost",
    "members": [
      "animLength",
      "changedState",
      "findMistakes",
      "flashLength",
      "hint",
      "hintKeepTrack",
      "hintMarks",
      "paramConfig",
      "preferredTileSize",
      "prefs",
      "solve",
      "textFormat",
      "transposeParams",
      "validateParams",
    ],
    "ui": [
      "cursor",
      "dragIsFrom",
      "dragging",
      "dx",
      "dy",
      "gearMode",
      "sx",
      "sy",
    ],
  },
  {
    "drawState": [
      "cache",
      "h",
      "started",
      "tileSize",
      "w",
    ],
    "id": "singles",
    "members": [
      "animLength",
      "changedState",
      "difficulty",
      "findMistakes",
      "flashLength",
      "hint",
      "hintKeepTrack",
      "hintMarks",
      "paramConfig",
      "preferredTileSize",
      "prefs",
      "solve",
      "textFormat",
      "transposeParams",
    ],
    "ui": [
      "cursor",
      "showBlackNums",
    ],
  },
  {
    "drawState": [
      "bgcolor",
      "curX",
      "curY",
      "h",
      "hintArrowX",
      "hintArrowY",
      "hintTarget",
      "hintTile",
      "hintUltimate",
      "started",
      "tileSize",
      "tiles",
      "w",
    ],
    "id": "sixteen",
    "members": [
      "animLength",
      "flashLength",
      "hint",
      "hintKeepTrack",
      "hintMarks",
      "paramConfig",
      "preferredTileSize",
      "solve",
      "statusbarText",
      "textFormat",
      "transposeParams",
    ],
    "ui": [
      "curMode",
      "cursor",
    ],
  },
  {
    "drawState": [
      "grid",
      "pencilModeShown",
      "sideKeys",
      "tileSize",
      "todraw",
      "todrawSideKeys",
    ],
    "id": "slant",
    "members": [
      "difficulty",
      "findMistakes",
      "flashLength",
      "hint",
      "hintKeepTrack",
      "hintMarks",
      "paramConfig",
      "preferredTileSize",
      "prefs",
      "solve",
      "textFormat",
      "transposeParams",
      "validateParams",
    ],
    "ui": [
      "cursor",
      "fadeGrounded",
      "pencilMode",
      "pin",
      "swapButtons",
    ],
  },
  {
    "drawState": [
      "grid",
      "tileSize",
    ],
    "id": "slide",
    "members": [
      "animLength",
      "changedState",
      "flashLength",
      "paramConfig",
      "preferredTileSize",
      "solve",
      "statusbarText",
      "textFormat",
      "validateParams",
    ],
    "ui": [
      "cursor",
      "grabAnchor",
      "grabCurrpos",
      "grabOffsetX",
      "grabOffsetY",
      "grabbed",
      "reachable",
    ],
  },
  {
    "drawState": [
      "grid",
      "started",
      "tileSize",
    ],
    "id": "sokoban",
    "members": [
      "animLength",
      "flashLength",
      "ignoresSecondaryButton",
      "paramConfig",
      "preferredTileSize",
      "transposeParams",
    ],
    "ui": [],
  },
  {
    "drawState": [
      "cr",
      "hint",
      "marks",
      "pencil",
      "pencilModeShown",
      "started",
      "tileSize",
      "tiles",
      "wrong",
      "xtype",
    ],
    "id": "solo",
    "members": [
      "animLength",
      "canMarkAll",
      "difficulty",
      "findMistakes",
      "flashLength",
      "hint",
      "hintKeepTrack",
      "hintMarks",
      "paramConfig",
      "preferredTileSize",
      "prefs",
      "refreshHintStep",
      "requestKeys",
      "solve",
      "validateParams",
    ],
    "ui": [
      "autoPencil",
      "candidateReading",
      "cursor",
      "cursorFromKeyboard",
      "pencilKeepHighlight",
      "pencilMode",
      "pencilSticky",
    ],
  },
  {
    "drawState": [
      "colors",
      "corners",
      "cursorBlitter",
      "cursorRadius",
      "cursorSaved",
      "cursorSize",
      "cursorX",
      "cursorY",
      "h",
      "hint",
      "scratch",
      "spokes",
      "tileSize",
      "w",
      "wrong",
    ],
    "id": "spokes",
    "members": [
      "animLength",
      "difficulty",
      "findMistakes",
      "flashLength",
      "hint",
      "hintKeepTrack",
      "hintMarks",
      "paramConfig",
      "preferredTileSize",
      "prefs",
      "solve",
      "textFormat",
      "transposeParams",
    ],
    "ui": [
      "cursor",
      "drag",
      "dragEnd",
      "dragStart",
      "markSatisfied",
    ],
  },
  {
    "drawState": [
      "cache",
      "mistakes",
      "started",
      "tileSize",
    ],
    "id": "sticks",
    "members": [
      "animLength",
      "findMistakes",
      "flashLength",
      "hint",
      "hintKeepTrack",
      "hintMarks",
      "paramConfig",
      "preferredTileSize",
      "solve",
      "textFormat",
      "transposeParams",
      "validateParams",
    ],
    "ui": [
      "cursor",
      "drag",
      "dragMove",
      "dragType",
      "maxX",
      "maxY",
      "minX",
      "minY",
    ],
  },
  {
    "drawState": [
      "cellCache",
      "hint",
      "mistakes",
      "oldCounts",
      "oldFlags",
      "oldTallyLook",
      "started",
      "tallyLook",
      "tileSize",
    ],
    "id": "subsets",
    "members": [
      "animLength",
      "difficulty",
      "findMistakes",
      "flashLength",
      "hint",
      "hintKeepTrack",
      "hintMarks",
      "paramConfig",
      "preferredTileSize",
      "solve",
      "textFormat",
      "uiUpdateClearsHint",
      "validateParams",
    ],
    "ui": [
      "cursor",
      "highlightCell",
      "highlightSet",
      "tallyCursor",
    ],
  },
  {
    "drawState": [
      "drawn",
      "hintDrawn",
      "marks",
      "numbersDrawn",
      "started",
      "tileSize",
    ],
    "id": "tents",
    "members": [
      "difficulty",
      "findMistakes",
      "flashLength",
      "hint",
      "hintKeepTrack",
      "hintMarks",
      "paramConfig",
      "preferredTileSize",
      "solve",
      "textFormat",
      "transposeParams",
      "validateParams",
    ],
    "ui": [
      "cursor",
      "drag",
      "dragButton",
      "dragOk",
      "linkArmed",
    ],
  },
  {
    "drawState": [
      "drawn",
      "errtmp",
      "hint",
      "marks",
      "pencilModeShown",
      "tileSize",
      "tiles",
      "w",
      "wrong",
    ],
    "id": "towers",
    "members": [
      "animLength",
      "canMarkAll",
      "changedState",
      "difficulty",
      "findMistakes",
      "flashLength",
      "hint",
      "hintKeepTrack",
      "hintMarks",
      "paramConfig",
      "preferredTileSize",
      "prefs",
      "refreshHintStep",
      "requestKeys",
      "solve",
      "textFormat",
    ],
    "ui": [
      "autoPencil",
      "candidateReading",
      "cursor",
      "cursorFromKeyboard",
      "pencilKeepHighlight",
      "pencilMode",
      "pencilSticky",
      "threeD",
    ],
  },
  {
    "drawState": [
      "flags",
      "flagsDrag",
      "h",
      "hint",
      "numErrors",
      "started",
      "tileSize",
      "w",
      "wrong",
    ],
    "id": "tracks",
    "members": [
      "difficulty",
      "findMistakes",
      "flashLength",
      "hint",
      "hintKeepTrack",
      "hintMarks",
      "paramConfig",
      "preferredTileSize",
      "solve",
      "textFormat",
      "transposeParams",
      "validateParams",
    ],
    "ui": [
      "clearing",
      "clickx",
      "clicky",
      "cursor",
      "drag",
      "notrack",
      "painting",
    ],
  },
  {
    "drawState": [
      "bgcolor",
      "cache",
      "curX",
      "curY",
      "started",
      "tileSize",
    ],
    "id": "twiddle",
    "members": [
      "animLength",
      "flashLength",
      "paramConfig",
      "preferredTileSize",
      "solve",
      "statusbarText",
      "textFormat",
      "transposeParams",
      "validateParams",
    ],
    "ui": [
      "cursor",
    ],
  },
  {
    "drawState": [
      "ascii",
      "cellErrors",
      "countErrors",
      "countFontsize",
      "countGap",
      "countPadding",
      "countPlaced",
      "countStyle",
      "countW",
      "cursor",
      "h",
      "hflash",
      "hint",
      "hintErrors",
      "hintsDone",
      "marks",
      "monsters",
      "pencil",
      "pencilMode",
      "pencilModeShown",
      "started",
      "tileSize",
      "w",
      "wrong",
    ],
    "id": "undead",
    "members": [
      "animLength",
      "canMarkAll",
      "changedState",
      "difficulty",
      "findMistakes",
      "flashLength",
      "hint",
      "hintKeepTrack",
      "hintMarks",
      "paramConfig",
      "preferredTileSize",
      "prefs",
      "refreshHintStep",
      "requestKeys",
      "solve",
      "textFormat",
      "transposeParams",
      "validateParams",
    ],
    "ui": [
      "ascii",
      "countStyle",
      "cursor",
      "cursorFromKeyboard",
      "pencilKeepHighlight",
      "pencilMode",
      "pencilSticky",
    ],
  },
  {
    "drawState": [
      "cursor",
      "errFlags",
      "flags",
      "hflash",
      "hint",
      "hints",
      "marks",
      "nums",
      "order",
      "pencilMode",
      "pencilModeShown",
      "started",
      "tileSize",
      "wrong",
    ],
    "id": "unequal",
    "members": [
      "animLength",
      "canMarkAll",
      "changedState",
      "difficulty",
      "findMistakes",
      "flashLength",
      "hint",
      "hintKeepTrack",
      "hintMarks",
      "paramConfig",
      "preferredTileSize",
      "prefs",
      "refreshHintStep",
      "requestKeys",
      "solve",
      "textFormat",
      "validateParams",
    ],
    "ui": [
      "autoPencil",
      "candidateReading",
      "cursor",
      "cursorFromKeyboard",
      "pencilKeepHighlight",
      "pencilMode",
      "pencilSticky",
    ],
  },
  {
    "drawState": [
      "cache",
      "started",
      "tileSize",
    ],
    "id": "unruly",
    "members": [
      "animLength",
      "difficulty",
      "findMistakes",
      "flashLength",
      "hint",
      "hintKeepTrack",
      "hintMarks",
      "paramConfig",
      "preferredTileSize",
      "solve",
      "textFormat",
      "transposeParams",
      "validateParams",
    ],
    "ui": [
      "cursor",
    ],
  },
  {
    "drawState": [
      "bg",
      "cursorPoint",
      "dragPoint",
      "hintTx",
      "hintTy",
      "hintVertex",
      "started",
      "tileSize",
      "x",
      "y",
    ],
    "id": "untangle",
    "members": [
      "animLength",
      "changedState",
      "flashLength",
      "hint",
      "hintMarks",
      "paramConfig",
      "preferredTileSize",
      "prefs",
      "solve",
    ],
    "ui": [
      "animLength",
      "cursorPoint",
      "dragPoint",
      "justDragged",
      "justMoved",
      "newPoint",
      "showCrossedEdges",
      "snapToGrid",
      "vertexNumbers",
    ],
  },
]
`;
