// Vitest Snapshot v1, https://vitest.dev/guide/snapshot.html

exports[`Slant hint render scenarios > opener frame: ringed target(s), recolored clue digit, board intact 1`] = `
[
  {
    "color": 0,
    "h": 215,
    "op": "rect",
    "rgb": "rgb(211, 211, 211)",
    "w": 215,
    "x": 0,
    "y": 0,
  },
  {
    "h": 32,
    "op": "clip",
    "w": 32,
    "x": -5,
    "y": -5,
  },
  {
    "color": 0,
    "h": 32,
    "op": "rect",
    "rgb": "rgb(211, 211, 211)",
    "w": 32,
    "x": -5,
    "y": -5,
  },
  {
    "color": 1,
    "h": 1,
    "op": "rect",
    "rgb": "rgb(128, 128, 128)",
    "w": 1,
    "x": 27,
    "y": 27,
  },
  {
    "op": "unclip",
  },
  {
    "h": 32,
    "op": "clip",
    "w": 32,
    "x": 27,
    "y": -5,
  },
  {
    "color": 0,
    "h": 32,
    "op": "rect",
    "rgb": "rgb(211, 211, 211)",
    "w": 32,
    "x": 27,
    "y": -5,
  },
  {
    "color": 1,
    "h": 1,
    "op": "rect",
    "rgb": "rgb(128, 128, 128)",
    "w": 33,
    "x": 27,
    "y": 27,
  },
  {
    "op": "unclip",
  },
  {
    "h": 32,
    "op": "clip",
    "w": 32,
    "x": 59,
    "y": -5,
  },
  {
    "color": 0,
    "h": 32,
    "op": "rect",
    "rgb": "rgb(211, 211, 211)",
    "w": 32,
    "x": 59,
    "y": -5,
  },
  {
    "color": 1,
    "h": 1,
    "op": "rect",
    "rgb": "rgb(128, 128, 128)",
    "w": 33,
    "x": 59,
    "y": 27,
  },
  {
    "op": "unclip",
  },
  {
    "h": 32,
    "op": "clip",
    "w": 32,
    "x": 91,
    "y": -5,
  },
  {
    "color": 0,
    "h": 32,
    "op": "rect",
    "rgb": "rgb(211, 211, 211)",
    "w": 32,
    "x": 91,
    "y": -5,
  },
  {
    "color": 1,
    "h": 1,
    "op": "rect",
    "rgb": "rgb(128, 128, 128)",
    "w": 33,
    "x": 91,
    "y": 27,
  },
  {
    "cx": 123,
    "cy": 27,
    "fill": 0,
    "fillRgb": "rgb(211, 211, 211)",
    "op": "circle",
    "outline": 3,
    "outlineRgb": "rgb(0, 0, 0)",
    "r": 10,
  },
  {
    "align": "center",
    "baseline": "mathematical",
    "color": 9,
    "fontType": "variable",
    "op": "text",
    "rgb": "rgb(21, 113, 233)",
    "size": 16,
    "text": "2",
    "x": 123,
    "y": 27,
  },
  {
    "op": "unclip",
  },
  {
    "h": 32,
    "op": "clip",
    "w": 32,
    "x": 123,
    "y": -5,
  },
  {
    "color": 0,
    "h": 32,
    "op": "rect",
    "rgb": "rgb(211, 211, 211)",
    "w": 32,
    "x": 123,
    "y": -5,
  },
  {
    "color": 1,
    "h": 1,
    "op": "rect",
    "rgb": "rgb(128, 128, 128)",
    "w": 33,
    "x": 123,
    "y": 27,
  },
  {
    "cx": 123,
    "cy": 27,
    "fill": 0,
    "fillRgb": "rgb(211, 211, 211)",
    "op": "circle",
    "outline": 3,
    "outlineRgb": "rgb(0, 0, 0)",
    "r": 10,
  },
  {
    "align": "center",
    "baseline": "mathematical",
    "color": 9,
    "fontType": "variable",
    "op": "text",
    "rgb": "rgb(21, 113, 233)",
    "size": 16,
    "text": "2",
    "x": 123,
    "y": 27,
  },
  {
    "op": "unclip",
  },
  {
    "h": 32,
    "op": "clip",
    "w": 32,
    "x": 155,
    "y": -5,
  },
  {
    "color": 0,
    "h": 32,
    "op": "rect",
    "rgb": "rgb(211, 211, 211)",
    "w": 32,
    "x": 155,
    "y": -5,
  },
  {
    "color": 1,
    "h": 1,
    "op": "rect",
    "rgb": "rgb(128, 128, 128)",
    "w": 33,
    "x": 155,
    "y": 27,
  },
  {
    "op": "unclip",
  },
  {
    "h": 32,
    "op": "clip",
    "w": 32,
    "x": 187,
    "y": -5,
  },
  {
    "color": 0,
    "h": 32,
    "op": "rect",
    "rgb": "rgb(211, 211, 211)",
    "w": 32,
    "x": 187,
    "y": -5,
  },
  {
    "color": 1,
    "h": 1,
    "op": "rect",
    "rgb": "rgb(128, 128, 128)",
    "w": 1,
    "x": 187,
    "y": 27,
  },
  {
    "op": "unclip",
  },
  {
    "h": 32,
    "op": "clip",
    "w": 32,
    "x": -5,
    "y": 27,
  },
  {
    "color": 0,
    "h": 32,
    "op": "rect",
    "rgb": "rgb(211, 211, 211)",
    "w": 32,
    "x": -5,
    "y": 27,
  },
  {
    "color": 1,
    "h": 33,
    "op": "rect",
    "rgb": "rgb(128, 128, 128)",
    "w": 1,
    "x": 27,
    "y": 27,
  },
  {
    "op": "unclip",
  },
  {
    "h": 32,
    "op": "clip",
    "w": 32,
    "x": 27,
    "y": 27,
  },
  {
    "color": 0,
    "h": 32,
    "op": "rect",
    "rgb": "rgb(211, 211, 211)",
    "w": 32,
    "x": 27,
    "y": 27,
  },
  {
    "color": 1,
    "h": 1,
    "op": "rect",
    "rgb": "rgb(128, 128, 128)",
    "w": 33,
    "x": 27,
    "y": 27,
  },
  {
    "color": 1,
    "h": 1,
    "op": "rect",
    "rgb": "rgb(128, 128, 128)",
    "w": 33,
    "x": 27,
    "y": 59,
  },
  {
    "color": 1,
    "h": 33,
    "op": "rect",
    "rgb": "rgb(128, 128, 128)",
    "w": 1,
    "x": 27,
    "y": 27,
  },
  {
    "color": 1,
    "h": 33,
    "op": "rect",
    "rgb": "rgb(128, 128, 128)",
    "w": 1,
    "x": 59,
    "y": 27,
  },
  {
    "cx": 59,
    "cy": 59,
    "fill": 0,
    "fillRgb": "rgb(211, 211, 211)",
    "op": "circle",
    "outline": 4,
    "outlineRgb": "rgb(0, 0, 0)",
    "r": 10,
  },
  {
    "align": "center",
    "baseline": "mathematical",
    "color": 2,
    "fontType": "variable",
    "op": "text",
    "rgb": "rgb(0, 0, 0)",
    "size": 16,
    "text": "4",
    "x": 59,
    "y": 59,
  },
  {
    "op": "unclip",
  },
  {
    "h": 32,
    "op": "clip",
    "w": 32,
    "x": 59,
    "y": 27,
  },
  {
    "color": 0,
    "h": 32,
    "op": "rect",
    "rgb": "rgb(211, 211, 211)",
    "w": 32,
    "x": 59,
    "y": 27,
  },
  {
    "color": 1,
    "h": 1,
    "op": "rect",
    "rgb": "rgb(128, 128, 128)",
    "w": 33,
    "x": 59,
    "y": 27,
  },
  {
    "color": 1,
    "h": 1,
    "op": "rect",
    "rgb": "rgb(128, 128, 128)",
    "w": 33,
    "x": 59,
    "y": 59,
  },
  {
    "color": 1,
    "h": 33,
    "op": "rect",
    "rgb": "rgb(128, 128, 128)",
    "w": 1,
    "x": 59,
    "y": 27,
  },
  {
    "color": 1,
    "h": 33,
    "op": "rect",
    "rgb": "rgb(128, 128, 128)",
    "w": 1,
    "x": 91,
    "y": 27,
  },
  {
    "cx": 59,
    "cy": 59,
    "fill": 0,
    "fillRgb": "rgb(211, 211, 211)",
    "op": "circle",
    "outline": 4,
    "outlineRgb": "rgb(0, 0, 0)",
    "r": 10,
  },
  {
    "align": "center",
    "baseline": "mathematical",
    "color": 2,
    "fontType": "variable",
    "op": "text",
    "rgb": "rgb(0, 0, 0)",
    "size": 16,
    "text": "4",
    "x": 59,
    "y": 59,
  },
  {
    "cx": 91,
    "cy": 59,
    "fill": 0,
    "fillRgb": "rgb(211, 211, 211)",
    "op": "circle",
    "outline": 3,
    "outlineRgb": "rgb(0, 0, 0)",
    "r": 10,
  },
  {
    "align": "center",
    "baseline": "mathematical",
    "color": 2,
    "fontType": "variable",
    "op": "text",
    "rgb": "rgb(0, 0, 0)",
    "size": 16,
    "text": "1",
    "x": 91,
    "y": 59,
  },
  {
    "op": "unclip",
  },
  {
    "h": 32,
    "op": "clip",
    "w": 32,
    "x": 91,
    "y": 27,
  },
  {
    "color": 0,
    "h": 32,
    "op": "rect",
    "rgb": "rgb(211, 211, 211)",
    "w": 32,
    "x": 91,
    "y": 27,
  },
  {
    "color": 1,
    "h": 1,
    "op": "rect",
    "rgb": "rgb(128, 128, 128)",
    "w": 33,
    "x": 91,
    "y": 27,
  },
  {
    "color": 1,
    "h": 1,
    "op": "rect",
    "rgb": "rgb(128, 128, 128)",
    "w": 33,
    "x": 91,
    "y": 59,
  },
  {
    "color": 1,
    "h": 33,
    "op": "rect",
    "rgb": "rgb(128, 128, 128)",
    "w": 1,
    "x": 91,
    "y": 27,
  },
  {
    "color": 1,
    "h": 33,
    "op": "rect",
    "rgb": "rgb(128, 128, 128)",
    "w": 1,
    "x": 123,
    "y": 27,
  },
  {
    "color": 9,
    "h": 2,
    "op": "rect",
    "rgb": "rgb(21, 113, 233)",
    "w": 32,
    "x": 91,
    "y": 27,
  },
  {
    "color": 9,
    "h": 32,
    "op": "rect",
    "rgb": "rgb(21, 113, 233)",
    "w": 2,
    "x": 91,
    "y": 27,
  },
  {
    "color": 9,
    "h": 2,
    "op": "rect",
    "rgb": "rgb(21, 113, 233)",
    "w": 32,
    "x": 91,
    "y": 57,
  },
  {
    "color": 9,
    "h": 32,
    "op": "rect",
    "rgb": "rgb(21, 113, 233)",
    "w": 2,
    "x": 121,
    "y": 27,
  },
  {
    "cx": 123,
    "cy": 27,
    "fill": 0,
    "fillRgb": "rgb(211, 211, 211)",
    "op": "circle",
    "outline": 3,
    "outlineRgb": "rgb(0, 0, 0)",
    "r": 10,
  },
  {
    "align": "center",
    "baseline": "mathematical",
    "color": 9,
    "fontType": "variable",
    "op": "text",
    "rgb": "rgb(21, 113, 233)",
    "size": 16,
    "text": "2",
    "x": 123,
    "y": 27,
  },
  {
    "cx": 91,
    "cy": 59,
    "fill": 0,
    "fillRgb": "rgb(211, 211, 211)",
    "op": "circle",
    "outline": 3,
    "outlineRgb": "rgb(0, 0, 0)",
    "r": 10,
  },
  {
    "align": "center",
    "baseline": "mathematical",
    "color": 2,
    "fontType": "variable",
    "op": "text",
    "rgb": "rgb(0, 0, 0)",
    "size": 16,
    "text": "1",
    "x": 91,
    "y": 59,
  },
  {
    "op": "unclip",
  },
  {
    "h": 32,
    "op": "clip",
    "w": 32,
    "x": 123,
    "y": 27,
  },
  {
    "color": 0,
    "h": 32,
    "op": "rect",
    "rgb": "rgb(211, 211, 211)",
    "w": 32,
    "x": 123,
    "y": 27,
  },
  {
    "color": 1,
    "h": 1,
    "op": "rect",
    "rgb": "rgb(128, 128, 128)",
    "w": 33,
    "x": 123,
    "y": 27,
  },
  {
    "color": 1,
    "h": 1,
    "op": "rect",
    "rgb": "rgb(128, 128, 128)",
    "w": 33,
    "x": 123,
    "y": 59,
  },
  {
    "color": 1,
    "h": 33,
    "op": "rect",
    "rgb": "rgb(128, 128, 128)",
    "w": 1,
    "x": 123,
    "y": 27,
  },
  {
    "color": 1,
    "h": 33,
    "op": "rect",
    "rgb": "rgb(128, 128, 128)",
    "w": 1,
    "x": 155,
    "y": 27,
  },
  {
    "color": 9,
    "h": 2,
    "op": "rect",
    "rgb": "rgb(21, 113, 233)",
    "w": 32,
    "x": 123,
    "y": 27,
  },
  {
    "color": 9,
    "h": 32,
    "op": "rect",
    "rgb": "rgb(21, 113, 233)",
    "w": 2,
    "x": 123,
    "y": 27,
  },
  {
    "color": 9,
    "h": 2,
    "op": "rect",
    "rgb": "rgb(21, 113, 233)",
    "w": 32,
    "x": 123,
    "y": 57,
  },
  {
    "color": 9,
    "h": 32,
    "op": "rect",
    "rgb": "rgb(21, 113, 233)",
    "w": 2,
    "x": 153,
    "y": 27,
  },
  {
    "cx": 123,
    "cy": 27,
    "fill": 0,
    "fillRgb": "rgb(211, 211, 211)",
    "op": "circle",
    "outline": 3,
    "outlineRgb": "rgb(0, 0, 0)",
    "r": 10,
  },
  {
    "align": "center",
    "baseline": "mathematical",
    "color": 9,
    "fontType": "variable",
    "op": "text",
    "rgb": "rgb(21, 113, 233)",
    "size": 16,
    "text": "2",
    "x": 123,
    "y": 27,
  },
  {
    "cx": 155,
    "cy": 59,
    "fill": 0,
    "fillRgb": "rgb(211, 211, 211)",
    "op": "circle",
    "outline": 3,
    "outlineRgb": "rgb(0, 0, 0)",
    "r": 10,
  },
  {
    "align": "center",
    "baseline": "mathematical",
    "color": 2,
    "fontType": "variable",
    "op": "text",
    "rgb": "rgb(0, 0, 0)",
    "size": 16,
    "text": "2",
    "x": 155,
    "y": 59,
  },
  {
    "op": "unclip",
  },
  {
    "h": 32,
    "op": "clip",
    "w": 32,
    "x": 155,
    "y": 27,
  },
  {
    "color": 0,
    "h": 32,
    "op": "rect",
    "rgb": "rgb(211, 211, 211)",
    "w": 32,
    "x": 155,
    "y": 27,
  },
  {
    "color": 1,
    "h": 1,
    "op": "rect",
    "rgb": "rgb(128, 128, 128)",
    "w": 33,
    "x": 155,
    "y": 27,
  },
  {
    "color": 1,
    "h": 1,
    "op": "rect",
    "rgb": "rgb(128, 128, 128)",
    "w": 33,
    "x": 155,
    "y": 59,
  },
  {
    "color": 1,
    "h": 33,
    "op": "rect",
    "rgb": "rgb(128, 128, 128)",
    "w": 1,
    "x": 155,
    "y": 27,
  },
  {
    "color": 1,
    "h": 33,
    "op": "rect",
    "rgb": "rgb(128, 128, 128)",
    "w": 1,
    "x": 187,
    "y": 27,
  },
  {
    "cx": 155,
    "cy": 59,
    "fill": 0,
    "fillRgb": "rgb(211, 211, 211)",
    "op": "circle",
    "outline": 3,
    "outlineRgb": "rgb(0, 0, 0)",
    "r": 10,
  },
  {
    "align": "center",
    "baseline": "mathematical",
    "color": 2,
    "fontType": "variable",
    "op": "text",
    "rgb": "rgb(0, 0, 0)",
    "size": 16,
    "text": "2",
    "x": 155,
    "y": 59,
  },
  {
    "op": "unclip",
  },
  {
    "h": 32,
    "op": "clip",
    "w": 32,
    "x": 187,
    "y": 27,
  },
  {
    "color": 0,
    "h": 32,
    "op": "rect",
    "rgb": "rgb(211, 211, 211)",
    "w": 32,
    "x": 187,
    "y": 27,
  },
  {
    "color": 1,
    "h": 33,
    "op": "rect",
    "rgb": "rgb(128, 128, 128)",
    "w": 1,
    "x": 187,
    "y": 27,
  },
  {
    "op": "unclip",
  },
  {
    "h": 32,
    "op": "clip",
    "w": 32,
    "x": -5,
    "y": 59,
  },
  {
    "color": 0,
    "h": 32,
    "op": "rect",
    "rgb": "rgb(211, 211, 211)",
    "w": 32,
    "x": -5,
    "y": 59,
  },
  {
    "color": 1,
    "h": 33,
    "op": "rect",
    "rgb": "rgb(128, 128, 128)",
    "w": 1,
    "x": 27,
    "y": 59,
  },
  {
    "cx": 27,
    "cy": 91,
    "fill": 0,
    "fillRgb": "rgb(211, 211, 211)",
    "op": "circle",
    "outline": 4,
    "outlineRgb": "rgb(0, 0, 0)",
    "r": 10,
  },
  {
    "align": "center",
    "baseline": "mathematical",
    "color": 2,
    "fontType": "variable",
    "op": "text",
    "rgb": "rgb(0, 0, 0)",
    "size": 16,
    "text": "1",
    "x": 27,
    "y": 91,
  },
  {
    "op": "unclip",
  },
  {
    "h": 32,
    "op": "clip",
    "w": 32,
    "x": 27,
    "y": 59,
  },
  {
    "color": 0,
    "h": 32,
    "op": "rect",
    "rgb": "rgb(211, 211, 211)",
    "w": 32,
    "x": 27,
    "y": 59,
  },
  {
    "color": 1,
    "h": 1,
    "op": "rect",
    "rgb": "rgb(128, 128, 128)",
    "w": 33,
    "x": 27,
    "y": 59,
  },
  {
    "color": 1,
    "h": 1,
    "op": "rect",
    "rgb": "rgb(128, 128, 128)",
    "w": 33,
    "x": 27,
    "y": 91,
  },
  {
    "color": 1,
    "h": 33,
    "op": "rect",
    "rgb": "rgb(128, 128, 128)",
    "w": 1,
    "x": 27,
    "y": 59,
  },
  {
    "color": 1,
    "h": 33,
    "op": "rect",
    "rgb": "rgb(128, 128, 128)",
    "w": 1,
    "x": 59,
    "y": 59,
  },
  {
    "cx": 59,
    "cy": 59,
    "fill": 0,
    "fillRgb": "rgb(211, 211, 211)",
    "op": "circle",
    "outline": 4,
    "outlineRgb": "rgb(0, 0, 0)",
    "r": 10,
  },
  {
    "align": "center",
    "baseline": "mathematical",
    "color": 2,
    "fontType": "variable",
    "op": "text",
    "rgb": "rgb(0, 0, 0)",
    "size": 16,
    "text": "4",
    "x": 59,
    "y": 59,
  },
  {
    "cx": 27,
    "cy": 91,
    "fill": 0,
    "fillRgb": "rgb(211, 211, 211)",
    "op": "circle",
    "outline": 4,
    "outlineRgb": "rgb(0, 0, 0)",
    "r": 10,
  },
  {
    "align": "center",
    "baseline": "mathematical",
    "color": 2,
    "fontType": "variable",
    "op": "text",
    "rgb": "rgb(0, 0, 0)",
    "size": 16,
    "text": "1",
    "x": 27,
    "y": 91,
  },
  {
    "op": "unclip",
  },
  {
    "h": 32,
    "op": "clip",
    "w": 32,
    "x": 59,
    "y": 59,
  },
  {
    "color": 0,
    "h": 32,
    "op": "rect",
    "rgb": "rgb(211, 211, 211)",
    "w": 32,
    "x": 59,
    "y": 59,
  },
  {
    "color": 1,
    "h": 1,
    "op": "rect",
    "rgb": "rgb(128, 128, 128)",
    "w": 33,
    "x": 59,
    "y": 59,
  },
  {
    "color": 1,
    "h": 1,
    "op": "rect",
    "rgb": "rgb(128, 128, 128)",
    "w": 33,
    "x": 59,
    "y": 91,
  },
  {
    "color": 1,
    "h": 33,
    "op": "rect",
    "rgb": "rgb(128, 128, 128)",
    "w": 1,
    "x": 59,
    "y": 59,
  },
  {
    "color": 1,
    "h": 33,
    "op": "rect",
    "rgb": "rgb(128, 128, 128)",
    "w": 1,
    "x": 91,
    "y": 59,
  },
  {
    "cx": 59,
    "cy": 59,
    "fill": 0,
    "fillRgb": "rgb(211, 211, 211)",
    "op": "circle",
    "outline": 4,
    "outlineRgb": "rgb(0, 0, 0)",
    "r": 10,
  },
  {
    "align": "center",
    "baseline": "mathematical",
    "color": 2,
    "fontType": "variable",
    "op": "text",
    "rgb": "rgb(0, 0, 0)",
    "size": 16,
    "text": "4",
    "x": 59,
    "y": 59,
  },
  {
    "cx": 91,
    "cy": 59,
    "fill": 0,
    "fillRgb": "rgb(211, 211, 211)",
    "op": "circle",
    "outline": 3,
    "outlineRgb": "rgb(0, 0, 0)",
    "r": 10,
  },
  {
    "align": "center",
    "baseline": "mathematical",
    "color": 2,
    "fontType": "variable",
    "op": "text",
    "rgb": "rgb(0, 0, 0)",
    "size": 16,
    "text": "1",
    "x": 91,
    "y": 59,
  },
  {
    "cx": 91,
    "cy": 91,
    "fill": 0,
    "fillRgb": "rgb(211, 211, 211)",
    "op": "circle",
    "outline": 4,
    "outlineRgb": "rgb(0, 0, 0)",
    "r": 10,
  },
  {
    "align": "center",
    "baseline": "mathematical",
    "color": 2,
    "fontType": "variable",
    "op": "text",
    "rgb": "rgb(0, 0, 0)",
    "size": 16,
    "text": "2",
    "x": 91,
    "y": 91,
  },
  {
    "op": "unclip",
  },
  {
    "h": 32,
    "op": "clip",
    "w": 32,
    "x": 91,
    "y": 59,
  },
  {
    "color": 0,
    "h": 32,
    "op": "rect",
    "rgb": "rgb(211, 211, 211)",
    "w": 32,
    "x": 91,
    "y": 59,
  },
  {
    "color": 1,
    "h": 1,
    "op": "rect",
    "rgb": "rgb(128, 128, 128)",
    "w": 33,
    "x": 91,
    "y": 59,
  },
  {
    "color": 1,
    "h": 1,
    "op": "rect",
    "rgb": "rgb(128, 128, 128)",
    "w": 33,
    "x": 91,
    "y": 91,
  },
  {
    "color": 1,
    "h": 33,
    "op": "rect",
    "rgb": "rgb(128, 128, 128)",
    "w": 1,
    "x": 91,
    "y": 59,
  },
  {
    "color": 1,
    "h": 33,
    "op": "rect",
    "rgb": "rgb(128, 128, 128)",
    "w": 1,
    "x": 123,
    "y": 59,
  },
  {
    "cx": 91,
    "cy": 59,
    "fill": 0,
    "fillRgb": "rgb(211, 211, 211)",
    "op": "circle",
    "outline": 3,
    "outlineRgb": "rgb(0, 0, 0)",
    "r": 10,
  },
  {
    "align": "center",
    "baseline": "mathematical",
    "color": 2,
    "fontType": "variable",
    "op": "text",
    "rgb": "rgb(0, 0, 0)",
    "size": 16,
    "text": "1",
    "x": 91,
    "y": 59,
  },
  {
    "cx": 91,
    "cy": 91,
    "fill": 0,
    "fillRgb": "rgb(211, 211, 211)",
    "op": "circle",
    "outline": 4,
    "outlineRgb": "rgb(0, 0, 0)",
    "r": 10,
  },
  {
    "align": "center",
    "baseline": "mathematical",
    "color": 2,
    "fontType": "variable",
    "op": "text",
    "rgb": "rgb(0, 0, 0)",
    "size": 16,
    "text": "2",
    "x": 91,
    "y": 91,
  },
  {
    "cx": 123,
    "cy": 91,
    "fill": 0,
    "fillRgb": "rgb(211, 211, 211)",
    "op": "circle",
    "outline": 3,
    "outlineRgb": "rgb(0, 0, 0)",
    "r": 10,
  },
  {
    "align": "center",
    "baseline": "mathematical",
    "color": 2,
    "fontType": "variable",
    "op": "text",
    "rgb": "rgb(0, 0, 0)",
    "size": 16,
    "text": "3",
    "x": 123,
    "y": 91,
  },
  {
    "op": "unclip",
  },
  {
    "h": 32,
    "op": "clip",
    "w": 32,
    "x": 123,
    "y": 59,
  },
  {
    "color": 0,
    "h": 32,
    "op": "rect",
    "rgb": "rgb(211, 211, 211)",
    "w": 32,
    "x": 123,
    "y": 59,
  },
  {
    "color": 1,
    "h": 1,
    "op": "rect",
    "rgb": "rgb(128, 128, 128)",
    "w": 33,
    "x": 123,
    "y": 59,
  },
  {
    "color": 1,
    "h": 1,
    "op": "rect",
    "rgb": "rgb(128, 128, 128)",
    "w": 33,
    "x": 123,
    "y": 91,
  },
  {
    "color": 1,
    "h": 33,
    "op": "rect",
    "rgb": "rgb(128, 128, 128)",
    "w": 1,
    "x": 123,
    "y": 59,
  },
  {
    "color": 1,
    "h": 33,
    "op": "rect",
    "rgb": "rgb(128, 128, 128)",
    "w": 1,
    "x": 155,
    "y": 59,
  },
  {
    "cx": 155,
    "cy": 59,
    "fill": 0,
    "fillRgb": "rgb(211, 211, 211)",
    "op": "circle",
    "outline": 3,
    "outlineRgb": "rgb(0, 0, 0)",
    "r": 10,
  },
  {
    "align": "center",
    "baseline": "mathematical",
    "color": 2,
    "fontType": "variable",
    "op": "text",
    "rgb": "rgb(0, 0, 0)",
    "size": 16,
    "text": "2",
    "x": 155,
    "y": 59,
  },
  {
    "cx": 123,
    "cy": 91,
    "fill": 0,
    "fillRgb": "rgb(211, 211, 211)",
    "op": "circle",
    "outline": 3,
    "outlineRgb": "rgb(0, 0, 0)",
    "r": 10,
  },
  {
    "align": "center",
    "baseline": "mathematical",
    "color": 2,
    "fontType": "variable",
    "op": "text",
    "rgb": "rgb(0, 0, 0)",
    "size": 16,
    "text": "3",
    "x": 123,
    "y": 91,
  },
  {
    "op": "unclip",
  },
  {
    "h": 32,
    "op": "clip",
    "w": 32,
    "x": 155,
    "y": 59,
  },
  {
    "color": 0,
    "h": 32,
    "op": "rect",
    "rgb": "rgb(211, 211, 211)",
    "w": 32,
    "x": 155,
    "y": 59,
  },
  {
    "color": 1,
    "h": 1,
    "op": "rect",
    "rgb": "rgb(128, 128, 128)",
    "w": 33,
    "x": 155,
    "y": 59,
  },
  {
    "color": 1,
    "h": 1,
    "op": "rect",
    "rgb": "rgb(128, 128, 128)",
    "w": 33,
    "x": 155,
    "y": 91,
  },
  {
    "color": 1,
    "h": 33,
    "op": "rect",
    "rgb": "rgb(128, 128, 128)",
    "w": 1,
    "x": 155,
    "y": 59,
  },
  {
    "color": 1,
    "h": 33,
    "op": "rect",
    "rgb": "rgb(128, 128, 128)",
    "w": 1,
    "x": 187,
    "y": 59,
  },
  {
    "cx": 155,
    "cy": 59,
    "fill": 0,
    "fillRgb": "rgb(211, 211, 211)",
    "op": "circle",
    "outline": 3,
    "outlineRgb": "rgb(0, 0, 0)",
    "r": 10,
  },
  {
    "align": "center",
    "baseline": "mathematical",
    "color": 2,
    "fontType": "variable",
    "op": "text",
    "rgb": "rgb(0, 0, 0)",
    "size": 16,
    "text": "2",
    "x": 155,
    "y": 59,
  },
  {
    "op": "unclip",
  },
  {
    "h": 32,
    "op": "clip",
    "w": 32,
    "x": 187,
    "y": 59,
  },
  {
    "color": 0,
    "h": 32,
    "op": "rect",
    "rgb": "rgb(211, 211, 211)",
    "w": 32,
    "x": 187,
    "y": 59,
  },
  {
    "color": 1,
    "h": 33,
    "op": "rect",
    "rgb": "rgb(128, 128, 128)",
    "w": 1,
    "x": 187,
    "y": 59,
  },
  {
    "op": "unclip",
  },
  {
    "h": 32,
    "op": "clip",
    "w": 32,
    "x": -5,
    "y": 91,
  },
  {
    "color": 0,
    "h": 32,
    "op": "rect",
    "rgb": "rgb(211, 211, 211)",
    "w": 32,
    "x": -5,
    "y": 91,
  },
  {
    "color": 1,
    "h": 33,
    "op": "rect",
    "rgb": "rgb(128, 128, 128)",
    "w": 1,
    "x": 27,
    "y": 91,
  },
  {
    "cx": 27,
    "cy": 91,
    "fill": 0,
    "fillRgb": "rgb(211, 211, 211)",
    "op": "circle",
    "outline": 4,
    "outlineRgb": "rgb(0, 0, 0)",
    "r": 10,
  },
  {
    "align": "center",
    "baseline": "mathematical",
    "color": 2,
    "fontType": "variable",
    "op": "text",
    "rgb": "rgb(0, 0, 0)",
    "size": 16,
    "text": "1",
    "x": 27,
    "y": 91,
  },
  {
    "op": "unclip",
  },
  {
    "h": 32,
    "op": "clip",
    "w": 32,
    "x": 27,
    "y": 91,
  },
  {
    "color": 0,
    "h": 32,
    "op": "rect",
    "rgb": "rgb(211, 211, 211)",
    "w": 32,
    "x": 27,
    "y": 91,
  },
  {
    "color": 1,
    "h": 1,
    "op": "rect",
    "rgb": "rgb(128, 128, 128)",
    "w": 33,
    "x": 27,
    "y": 91,
  },
  {
    "color": 1,
    "h": 1,
    "op": "rect",
    "rgb": "rgb(128, 128, 128)",
    "w": 33,
    "x": 27,
    "y": 123,
  },
  {
    "color": 1,
    "h": 33,
    "op": "rect",
    "rgb": "rgb(128, 128, 128)",
    "w": 1,
    "x": 27,
    "y": 91,
  },
  {
    "color": 1,
    "h": 33,
    "op": "rect",
    "rgb": "rgb(128, 128, 128)",
    "w": 1,
    "x": 59,
    "y": 91,
  },
  {
    "cx": 27,
    "cy": 91,
    "fill": 0,
    "fillRgb": "rgb(211, 211, 211)",
    "op": "circle",
    "outline": 4,
    "outlineRgb": "rgb(0, 0, 0)",
    "r": 10,
  },
  {
    "align": "center",
    "baseline": "mathematical",
    "color": 2,
    "fontType": "variable",
    "op": "text",
    "rgb": "rgb(0, 0, 0)",
    "size": 16,
    "text": "1",
    "x": 27,
    "y": 91,
  },
  {
    "op": "unclip",
  },
  {
    "h": 32,
    "op": "clip",
    "w": 32,
    "x": 59,
    "y": 91,
  },
  {
    "color": 0,
    "h": 32,
    "op": "rect",
    "rgb": "rgb(211, 211, 211)",
    "w": 32,
    "x": 59,
    "y": 91,
  },
  {
    "color": 1,
    "h": 1,
    "op": "rect",
    "rgb": "rgb(128, 128, 128)",
    "w": 33,
    "x": 59,
    "y": 91,
  },
  {
    "color": 1,
    "h": 1,
    "op": "rect",
    "rgb": "rgb(128, 128, 128)",
    "w": 33,
    "x": 59,
    "y": 123,
  },
  {
    "color": 1,
    "h": 33,
    "op": "rect",
    "rgb": "rgb(128, 128, 128)",
    "w": 1,
    "x": 59,
    "y": 91,
  },
  {
    "color": 1,
    "h": 33,
    "op": "rect",
    "rgb": "rgb(128, 128, 128)",
    "w": 1,
    "x": 91,
    "y": 91,
  },
  {
    "cx": 91,
    "cy": 91,
    "fill": 0,
    "fillRgb": "rgb(211, 211, 211)",
    "op": "circle",
    "outline": 4,
    "outlineRgb": "rgb(0, 0, 0)",
    "r": 10,
  },
  {
    "align": "center",
    "baseline": "mathematical",
    "color": 2,
    "fontType": "variable",
    "op": "text",
    "rgb": "rgb(0, 0, 0)",
    "size": 16,
    "text": "2",
    "x": 91,
    "y": 91,
  },
  {
    "op": "unclip",
  },
  {
    "h": 32,
    "op": "clip",
    "w": 32,
    "x": 91,
    "y": 91,
  },
  {
    "color": 0,
    "h": 32,
    "op": "rect",
    "rgb": "rgb(211, 211, 211)",
    "w": 32,
    "x": 91,
    "y": 91,
  },
  {
    "color": 1,
    "h": 1,
    "op": "rect",
    "rgb": "rgb(128, 128, 128)",
    "w": 33,
    "x": 91,
    "y": 91,
  },
  {
    "color": 1,
    "h": 1,
    "op": "rect",
    "rgb": "rgb(128, 128, 128)",
    "w": 33,
    "x": 91,
    "y": 123,
  },
  {
    "color": 1,
    "h": 33,
    "op": "rect",
    "rgb": "rgb(128, 128, 128)",
    "w": 1,
    "x": 91,
    "y": 91,
  },
  {
    "color": 1,
    "h": 33,
    "op": "rect",
    "rgb": "rgb(128, 128, 128)",
    "w": 1,
    "x": 123,
    "y": 91,
  },
  {
    "cx": 91,
    "cy": 91,
    "fill": 0,
    "fillRgb": "rgb(211, 211, 211)",
    "op": "circle",
    "outline": 4,
    "outlineRgb": "rgb(0, 0, 0)",
    "r": 10,
  },
  {
    "align": "center",
    "baseline": "mathematical",
    "color": 2,
    "fontType": "variable",
    "op": "text",
    "rgb": "rgb(0, 0, 0)",
    "size": 16,
    "text": "2",
    "x": 91,
    "y": 91,
  },
  {
    "cx": 123,
    "cy": 91,
    "fill": 0,
    "fillRgb": "rgb(211, 211, 211)",
    "op": "circle",
    "outline": 3,
    "outlineRgb": "rgb(0, 0, 0)",
    "r": 10,
  },
  {
    "align": "center",
    "baseline": "mathematical",
    "color": 2,
    "fontType": "variable",
    "op": "text",
    "rgb": "rgb(0, 0, 0)",
    "size": 16,
    "text": "3",
    "x": 123,
    "y": 91,
  },
  {
    "cx": 123,
    "cy": 123,
    "fill": 0,
    "fillRgb": "rgb(211, 211, 211)",
    "op": "circle",
    "outline": 4,
    "outlineRgb": "rgb(0, 0, 0)",
    "r": 10,
  },
  {
    "align": "center",
    "baseline": "mathematical",
    "color": 2,
    "fontType": "variable",
    "op": "text",
    "rgb": "rgb(0, 0, 0)",
    "size": 16,
    "text": "1",
    "x": 123,
    "y": 123,
  },
  {
    "op": "unclip",
  },
  {
    "h": 32,
    "op": "clip",
    "w": 32,
    "x": 123,
    "y": 91,
  },
  {
    "color": 0,
    "h": 32,
    "op": "rect",
    "rgb": "rgb(211, 211, 211)",
    "w": 32,
    "x": 123,
    "y": 91,
  },
  {
    "color": 1,
    "h": 1,
    "op": "rect",
    "rgb": "rgb(128, 128, 128)",
    "w": 33,
    "x": 123,
    "y": 91,
  },
  {
    "color": 1,
    "h": 1,
    "op": "rect",
    "rgb": "rgb(128, 128, 128)",
    "w": 33,
    "x": 123,
    "y": 123,
  },
  {
    "color": 1,
    "h": 33,
    "op": "rect",
    "rgb": "rgb(128, 128, 128)",
    "w": 1,
    "x": 123,
    "y": 91,
  },
  {
    "color": 1,
    "h": 33,
    "op": "rect",
    "rgb": "rgb(128, 128, 128)",
    "w": 1,
    "x": 155,
    "y": 91,
  },
  {
    "cx": 123,
    "cy": 91,
    "fill": 0,
    "fillRgb": "rgb(211, 211, 211)",
    "op": "circle",
    "outline": 3,
    "outlineRgb": "rgb(0, 0, 0)",
    "r": 10,
  },
  {
    "align": "center",
    "baseline": "mathematical",
    "color": 2,
    "fontType": "variable",
    "op": "text",
    "rgb": "rgb(0, 0, 0)",
    "size": 16,
    "text": "3",
    "x": 123,
    "y": 91,
  },
  {
    "cx": 123,
    "cy": 123,
    "fill": 0,
    "fillRgb": "rgb(211, 211, 211)",
    "op": "circle",
    "outline": 4,
    "outlineRgb": "rgb(0, 0, 0)",
    "r": 10,
  },
  {
    "align": "center",
    "baseline": "mathematical",
    "color": 2,
    "fontType": "variable",
    "op": "text",
    "rgb": "rgb(0, 0, 0)",
    "size": 16,
    "text": "1",
    "x": 123,
    "y": 123,
  },
  {
    "op": "unclip",
  },
  {
    "h": 32,
    "op": "clip",
    "w": 32,
    "x": 155,
    "y": 91,
  },
  {
    "color": 0,
    "h": 32,
    "op": "rect",
    "rgb": "rgb(211, 211, 211)",
    "w": 32,
    "x": 155,
    "y": 91,
  },
  {
    "color": 1,
    "h": 1,
    "op": "rect",
    "rgb": "rgb(128, 128, 128)",
    "w": 33,
    "x": 155,
    "y": 91,
  },
  {
    "color": 1,
    "h": 1,
    "op": "rect",
    "rgb": "rgb(128, 128, 128)",
    "w": 33,
    "x": 155,
    "y": 123,
  },
  {
    "color": 1,
    "h": 33,
    "op": "rect",
    "rgb": "rgb(128, 128, 128)",
    "w": 1,
    "x": 155,
    "y": 91,
  },
  {
    "color": 1,
    "h": 33,
    "op": "rect",
    "rgb": "rgb(128, 128, 128)",
    "w": 1,
    "x": 187,
    "y": 91,
  },
  {
    "cx": 187,
    "cy": 123,
    "fill": 0,
    "fillRgb": "rgb(211, 211, 211)",
    "op": "circle",
    "outline": 4,
    "outlineRgb": "rgb(0, 0, 0)",
    "r": 10,
  },
  {
    "align": "center",
    "baseline": "mathematical",
    "color": 2,
    "fontType": "variable",
    "op": "text",
    "rgb": "rgb(0, 0, 0)",
    "size": 16,
    "text": "2",
    "x": 187,
    "y": 123,
  },
  {
    "op": "unclip",
  },
  {
    "h": 32,
    "op": "clip",
    "w": 32,
    "x": 187,
    "y": 91,
  },
  {
    "color": 0,
    "h": 32,
    "op": "rect",
    "rgb": "rgb(211, 211, 211)",
    "w": 32,
    "x": 187,
    "y": 91,
  },
  {
    "color": 1,
    "h": 33,
    "op": "rect",
    "rgb": "rgb(128, 128, 128)",
    "w": 1,
    "x": 187,
    "y": 91,
  },
  {
    "cx": 187,
    "cy": 123,
    "fill": 0,
    "fillRgb": "rgb(211, 211, 211)",
    "op": "circle",
    "outline": 4,
    "outlineRgb": "rgb(0, 0, 0)",
    "r": 10,
  },
  {
    "align": "center",
    "baseline": "mathematical",
    "color": 2,
    "fontType": "variable",
    "op": "text",
    "rgb": "rgb(0, 0, 0)",
    "size": 16,
    "text": "2",
    "x": 187,
    "y": 123,
  },
  {
    "op": "unclip",
  },
  {
    "h": 32,
    "op": "clip",
    "w": 32,
    "x": -5,
    "y": 123,
  },
  {
    "color": 0,
    "h": 32,
    "op": "rect",
    "rgb": "rgb(211, 211, 211)",
    "w": 32,
    "x": -5,
    "y": 123,
  },
  {
    "color": 1,
    "h": 33,
    "op": "rect",
    "rgb": "rgb(128, 128, 128)",
    "w": 1,
    "x": 27,
    "y": 123,
  },
  {
    "cx": 27,
    "cy": 155,
    "fill": 0,
    "fillRgb": "rgb(211, 211, 211)",
    "op": "circle",
    "outline": 4,
    "outlineRgb": "rgb(0, 0, 0)",
    "r": 10,
  },
  {
    "align": "center",
    "baseline": "mathematical",
    "color": 2,
    "fontType": "variable",
    "op": "text",
    "rgb": "rgb(0, 0, 0)",
    "size": 16,
    "text": "1",
    "x": 27,
    "y": 155,
  },
  {
    "op": "unclip",
  },
  {
    "h": 32,
    "op": "clip",
    "w": 32,
    "x": 27,
    "y": 123,
  },
  {
    "color": 0,
    "h": 32,
    "op": "rect",
    "rgb": "rgb(211, 211, 211)",
    "w": 32,
    "x": 27,
    "y": 123,
  },
  {
    "color": 1,
    "h": 1,
    "op": "rect",
    "rgb": "rgb(128, 128, 128)",
    "w": 33,
    "x": 27,
    "y": 123,
  },
  {
    "color": 1,
    "h": 1,
    "op": "rect",
    "rgb": "rgb(128, 128, 128)",
    "w": 33,
    "x": 27,
    "y": 155,
  },
  {
    "color": 1,
    "h": 33,
    "op": "rect",
    "rgb": "rgb(128, 128, 128)",
    "w": 1,
    "x": 27,
    "y": 123,
  },
  {
    "color": 1,
    "h": 33,
    "op": "rect",
    "rgb": "rgb(128, 128, 128)",
    "w": 1,
    "x": 59,
    "y": 123,
  },
  {
    "cx": 27,
    "cy": 155,
    "fill": 0,
    "fillRgb": "rgb(211, 211, 211)",
    "op": "circle",
    "outline": 4,
    "outlineRgb": "rgb(0, 0, 0)",
    "r": 10,
  },
  {
    "align": "center",
    "baseline": "mathematical",
    "color": 2,
    "fontType": "variable",
    "op": "text",
    "rgb": "rgb(0, 0, 0)",
    "size": 16,
    "text": "1",
    "x": 27,
    "y": 155,
  },
  {
    "op": "unclip",
  },
  {
    "h": 32,
    "op": "clip",
    "w": 32,
    "x": 59,
    "y": 123,
  },
  {
    "color": 0,
    "h": 32,
    "op": "rect",
    "rgb": "rgb(211, 211, 211)",
    "w": 32,
    "x": 59,
    "y": 123,
  },
  {
    "color": 1,
    "h": 1,
    "op": "rect",
    "rgb": "rgb(128, 128, 128)",
    "w": 33,
    "x": 59,
    "y": 123,
  },
  {
    "color": 1,
    "h": 1,
    "op": "rect",
    "rgb": "rgb(128, 128, 128)",
    "w": 33,
    "x": 59,
    "y": 155,
  },
  {
    "color": 1,
    "h": 33,
    "op": "rect",
    "rgb": "rgb(128, 128, 128)",
    "w": 1,
    "x": 59,
    "y": 123,
  },
  {
    "color": 1,
    "h": 33,
    "op": "rect",
    "rgb": "rgb(128, 128, 128)",
    "w": 1,
    "x": 91,
    "y": 123,
  },
  {
    "cx": 91,
    "cy": 155,
    "fill": 0,
    "fillRgb": "rgb(211, 211, 211)",
    "op": "circle",
    "outline": 4,
    "outlineRgb": "rgb(0, 0, 0)",
    "r": 10,
  },
  {
    "align": "center",
    "baseline": "mathematical",
    "color": 2,
    "fontType": "variable",
    "op": "text",
    "rgb": "rgb(0, 0, 0)",
    "size": 16,
    "text": "3",
    "x": 91,
    "y": 155,
  },
  {
    "op": "unclip",
  },
  {
    "h": 32,
    "op": "clip",
    "w": 32,
    "x": 91,
    "y": 123,
  },
  {
    "color": 0,
    "h": 32,
    "op": "rect",
    "rgb": "rgb(211, 211, 211)",
    "w": 32,
    "x": 91,
    "y": 123,
  },
  {
    "color": 1,
    "h": 1,
    "op": "rect",
    "rgb": "rgb(128, 128, 128)",
    "w": 33,
    "x": 91,
    "y": 123,
  },
  {
    "color": 1,
    "h": 1,
    "op": "rect",
    "rgb": "rgb(128, 128, 128)",
    "w": 33,
    "x": 91,
    "y": 155,
  },
  {
    "color": 1,
    "h": 33,
    "op": "rect",
    "rgb": "rgb(128, 128, 128)",
    "w": 1,
    "x": 91,
    "y": 123,
  },
  {
    "color": 1,
    "h": 33,
    "op": "rect",
    "rgb": "rgb(128, 128, 128)",
    "w": 1,
    "x": 123,
    "y": 123,
  },
  {
    "cx": 123,
    "cy": 123,
    "fill": 0,
    "fillRgb": "rgb(211, 211, 211)",
    "op": "circle",
    "outline": 4,
    "outlineRgb": "rgb(0, 0, 0)",
    "r": 10,
  },
  {
    "align": "center",
    "baseline": "mathematical",
    "color": 2,
    "fontType": "variable",
    "op": "text",
    "rgb": "rgb(0, 0, 0)",
    "size": 16,
    "text": "1",
    "x": 123,
    "y": 123,
  },
  {
    "cx": 91,
    "cy": 155,
    "fill": 0,
    "fillRgb": "rgb(211, 211, 211)",
    "op": "circle",
    "outline": 4,
    "outlineRgb": "rgb(0, 0, 0)",
    "r": 10,
  },
  {
    "align": "center",
    "baseline": "mathematical",
    "color": 2,
    "fontType": "variable",
    "op": "text",
    "rgb": "rgb(0, 0, 0)",
    "size": 16,
    "text": "3",
    "x": 91,
    "y": 155,
  },
  {
    "op": "unclip",
  },
  {
    "h": 32,
    "op": "clip",
    "w": 32,
    "x": 123,
    "y": 123,
  },
  {
    "color": 0,
    "h": 32,
    "op": "rect",
    "rgb": "rgb(211, 211, 211)",
    "w": 32,
    "x": 123,
    "y": 123,
  },
  {
    "color": 1,
    "h": 1,
    "op": "rect",
    "rgb": "rgb(128, 128, 128)",
    "w": 33,
    "x": 123,
    "y": 123,
  },
  {
    "color": 1,
    "h": 1,
    "op": "rect",
    "rgb": "rgb(128, 128, 128)",
    "w": 33,
    "x": 123,
    "y": 155,
  },
  {
    "color": 1,
    "h": 33,
    "op": "rect",
    "rgb": "rgb(128, 128, 128)",
    "w": 1,
    "x": 123,
    "y": 123,
  },
  {
    "color": 1,
    "h": 33,
    "op": "rect",
    "rgb": "rgb(128, 128, 128)",
    "w": 1,
    "x": 155,
    "y": 123,
  },
  {
    "cx": 123,
    "cy": 123,
    "fill": 0,
    "fillRgb": "rgb(211, 211, 211)",
    "op": "circle",
    "outline": 4,
    "outlineRgb": "rgb(0, 0, 0)",
    "r": 10,
  },
  {
    "align": "center",
    "baseline": "mathematical",
    "color": 2,
    "fontType": "variable",
    "op": "text",
    "rgb": "rgb(0, 0, 0)",
    "size": 16,
    "text": "1",
    "x": 123,
    "y": 123,
  },
  {
    "cx": 155,
    "cy": 155,
    "fill": 0,
    "fillRgb": "rgb(211, 211, 211)",
    "op": "circle",
    "outline": 4,
    "outlineRgb": "rgb(0, 0, 0)",
    "r": 10,
  },
  {
    "align": "center",
    "baseline": "mathematical",
    "color": 2,
    "fontType": "variable",
    "op": "text",
    "rgb": "rgb(0, 0, 0)",
    "size": 16,
    "text": "2",
    "x": 155,
    "y": 155,
  },
  {
    "op": "unclip",
  },
  {
    "h": 32,
    "op": "clip",
    "w": 32,
    "x": 155,
    "y": 123,
  },
  {
    "color": 0,
    "h": 32,
    "op": "rect",
    "rgb": "rgb(211, 211, 211)",
    "w": 32,
    "x": 155,
    "y": 123,
  },
  {
    "color": 1,
    "h": 1,
    "op": "rect",
    "rgb": "rgb(128, 128, 128)",
    "w": 33,
    "x": 155,
    "y": 123,
  },
  {
    "color": 1,
    "h": 1,
    "op": "rect",
    "rgb": "rgb(128, 128, 128)",
    "w": 33,
    "x": 155,
    "y": 155,
  },
  {
    "color": 1,
    "h": 33,
    "op": "rect",
    "rgb": "rgb(128, 128, 128)",
    "w": 1,
    "x": 155,
    "y": 123,
  },
  {
    "color": 1,
    "h": 33,
    "op": "rect",
    "rgb": "rgb(128, 128, 128)",
    "w": 1,
    "x": 187,
    "y": 123,
  },
  {
    "cx": 187,
    "cy": 123,
    "fill": 0,
    "fillRgb": "rgb(211, 211, 211)",
    "op": "circle",
    "outline": 4,
    "outlineRgb": "rgb(0, 0, 0)",
    "r": 10,
  },
  {
    "align": "center",
    "baseline": "mathematical",
    "color": 2,
    "fontType": "variable",
    "op": "text",
    "rgb": "rgb(0, 0, 0)",
    "size": 16,
    "text": "2",
    "x": 187,
    "y": 123,
  },
  {
    "cx": 155,
    "cy": 155,
    "fill": 0,
    "fillRgb": "rgb(211, 211, 211)",
    "op": "circle",
    "outline": 4,
    "outlineRgb": "rgb(0, 0, 0)",
    "r": 10,
  },
  {
    "align": "center",
    "baseline": "mathematical",
    "color": 2,
    "fontType": "variable",
    "op": "text",
    "rgb": "rgb(0, 0, 0)",
    "size": 16,
    "text": "2",
    "x": 155,
    "y": 155,
  },
  {
    "op": "unclip",
  },
  {
    "h": 32,
    "op": "clip",
    "w": 32,
    "x": 187,
    "y": 123,
  },
  {
    "color": 0,
    "h": 32,
    "op": "rect",
    "rgb": "rgb(211, 211, 211)",
    "w": 32,
    "x": 187,
    "y": 123,
  },
  {
    "color": 1,
    "h": 33,
    "op": "rect",
    "rgb": "rgb(128, 128, 128)",
    "w": 1,
    "x": 187,
    "y": 123,
  },
  {
    "cx": 187,
    "cy": 123,
    "fill": 0,
    "fillRgb": "rgb(211, 211, 211)",
    "op": "circle",
    "outline": 4,
    "outlineRgb": "rgb(0, 0, 0)",
    "r": 10,
  },
  {
    "align": "center",
    "baseline": "mathematical",
    "color": 2,
    "fontType": "variable",
    "op": "text",
    "rgb": "rgb(0, 0, 0)",
    "size": 16,
    "text": "2",
    "x": 187,
    "y": 123,
  },
  {
    "op": "unclip",
  },
  {
    "h": 32,
    "op": "clip",
    "w": 32,
    "x": -5,
    "y": 155,
  },
  {
    "color": 0,
    "h": 32,
    "op": "rect",
    "rgb": "rgb(211, 211, 211)",
    "w": 32,
    "x": -5,
    "y": 155,
  },
  {
    "color": 1,
    "h": 33,
    "op": "rect",
    "rgb": "rgb(128, 128, 128)",
    "w": 1,
    "x": 27,
    "y": 155,
  },
  {
    "cx": 27,
    "cy": 155,
    "fill": 0,
    "fillRgb": "rgb(211, 211, 211)",
    "op": "circle",
    "outline": 4,
    "outlineRgb": "rgb(0, 0, 0)",
    "r": 10,
  },
  {
    "align": "center",
    "baseline": "mathematical",
    "color": 2,
    "fontType": "variable",
    "op": "text",
    "rgb": "rgb(0, 0, 0)",
    "size": 16,
    "text": "1",
    "x": 27,
    "y": 155,
  },
  {
    "op": "unclip",
  },
  {
    "h": 32,
    "op": "clip",
    "w": 32,
    "x": 27,
    "y": 155,
  },
  {
    "color": 0,
    "h": 32,
    "op": "rect",
    "rgb": "rgb(211, 211, 211)",
    "w": 32,
    "x": 27,
    "y": 155,
  },
  {
    "color": 1,
    "h": 1,
    "op": "rect",
    "rgb": "rgb(128, 128, 128)",
    "w": 33,
    "x": 27,
    "y": 155,
  },
  {
    "color": 1,
    "h": 1,
    "op": "rect",
    "rgb": "rgb(128, 128, 128)",
    "w": 33,
    "x": 27,
    "y": 187,
  },
  {
    "color": 1,
    "h": 33,
    "op": "rect",
    "rgb": "rgb(128, 128, 128)",
    "w": 1,
    "x": 27,
    "y": 155,
  },
  {
    "color": 1,
    "h": 33,
    "op": "rect",
    "rgb": "rgb(128, 128, 128)",
    "w": 1,
    "x": 59,
    "y": 155,
  },
  {
    "cx": 27,
    "cy": 155,
    "fill": 0,
    "fillRgb": "rgb(211, 211, 211)",
    "op": "circle",
    "outline": 4,
    "outlineRgb": "rgb(0, 0, 0)",
    "r": 10,
  },
  {
    "align": "center",
    "baseline": "mathematical",
    "color": 2,
    "fontType": "variable",
    "op": "text",
    "rgb": "rgb(0, 0, 0)",
    "size": 16,
    "text": "1",
    "x": 27,
    "y": 155,
  },
  {
    "cx": 59,
    "cy": 187,
    "fill": 0,
    "fillRgb": "rgb(211, 211, 211)",
    "op": "circle",
    "outline": 4,
    "outlineRgb": "rgb(0, 0, 0)",
    "r": 10,
  },
  {
    "align": "center",
    "baseline": "mathematical",
    "color": 2,
    "fontType": "variable",
    "op": "text",
    "rgb": "rgb(0, 0, 0)",
    "size": 16,
    "text": "0",
    "x": 59,
    "y": 187,
  },
  {
    "op": "unclip",
  },
  {
    "h": 32,
    "op": "clip",
    "w": 32,
    "x": 59,
    "y": 155,
  },
  {
    "color": 0,
    "h": 32,
    "op": "rect",
    "rgb": "rgb(211, 211, 211)",
    "w": 32,
    "x": 59,
    "y": 155,
  },
  {
    "color": 1,
    "h": 1,
    "op": "rect",
    "rgb": "rgb(128, 128, 128)",
    "w": 33,
    "x": 59,
    "y": 155,
  },
  {
    "color": 1,
    "h": 1,
    "op": "rect",
    "rgb": "rgb(128, 128, 128)",
    "w": 33,
    "x": 59,
    "y": 187,
  },
  {
    "color": 1,
    "h": 33,
    "op": "rect",
    "rgb": "rgb(128, 128, 128)",
    "w": 1,
    "x": 59,
    "y": 155,
  },
  {
    "color": 1,
    "h": 33,
    "op": "rect",
    "rgb": "rgb(128, 128, 128)",
    "w": 1,
    "x": 91,
    "y": 155,
  },
  {
    "cx": 91,
    "cy": 155,
    "fill": 0,
    "fillRgb": "rgb(211, 211, 211)",
    "op": "circle",
    "outline": 4,
    "outlineRgb": "rgb(0, 0, 0)",
    "r": 10,
  },
  {
    "align": "center",
    "baseline": "mathematical",
    "color": 2,
    "fontType": "variable",
    "op": "text",
    "rgb": "rgb(0, 0, 0)",
    "size": 16,
    "text": "3",
    "x": 91,
    "y": 155,
  },
  {
    "cx": 59,
    "cy": 187,
    "fill": 0,
    "fillRgb": "rgb(211, 211, 211)",
    "op": "circle",
    "outline": 4,
    "outlineRgb": "rgb(0, 0, 0)",
    "r": 10,
  },
  {
    "align": "center",
    "baseline": "mathematical",
    "color": 2,
    "fontType": "variable",
    "op": "text",
    "rgb": "rgb(0, 0, 0)",
    "size": 16,
    "text": "0",
    "x": 59,
    "y": 187,
  },
  {
    "op": "unclip",
  },
  {
    "h": 32,
    "op": "clip",
    "w": 32,
    "x": 91,
    "y": 155,
  },
  {
    "color": 0,
    "h": 32,
    "op": "rect",
    "rgb": "rgb(211, 211, 211)",
    "w": 32,
    "x": 91,
    "y": 155,
  },
  {
    "color": 1,
    "h": 1,
    "op": "rect",
    "rgb": "rgb(128, 128, 128)",
    "w": 33,
    "x": 91,
    "y": 155,
  },
  {
    "color": 1,
    "h": 1,
    "op": "rect",
    "rgb": "rgb(128, 128, 128)",
    "w": 33,
    "x": 91,
    "y": 187,
  },
  {
    "color": 1,
    "h": 33,
    "op": "rect",
    "rgb": "rgb(128, 128, 128)",
    "w": 1,
    "x": 91,
    "y": 155,
  },
  {
    "color": 1,
    "h": 33,
    "op": "rect",
    "rgb": "rgb(128, 128, 128)",
    "w": 1,
    "x": 123,
    "y": 155,
  },
  {
    "cx": 91,
    "cy": 155,
    "fill": 0,
    "fillRgb": "rgb(211, 211, 211)",
    "op": "circle",
    "outline": 4,
    "outlineRgb": "rgb(0, 0, 0)",
    "r": 10,
  },
  {
    "align": "center",
    "baseline": "mathematical",
    "color": 2,
    "fontType": "variable",
    "op": "text",
    "rgb": "rgb(0, 0, 0)",
    "size": 16,
    "text": "3",
    "x": 91,
    "y": 155,
  },
  {
    "cx": 123,
    "cy": 187,
    "fill": 0,
    "fillRgb": "rgb(211, 211, 211)",
    "op": "circle",
    "outline": 4,
    "outlineRgb": "rgb(0, 0, 0)",
    "r": 10,
  },
  {
    "align": "center",
    "baseline": "mathematical",
    "color": 2,
    "fontType": "variable",
    "op": "text",
    "rgb": "rgb(0, 0, 0)",
    "size": 16,
    "text": "1",
    "x": 123,
    "y": 187,
  },
  {
    "op": "unclip",
  },
  {
    "h": 32,
    "op": "clip",
    "w": 32,
    "x": 123,
    "y": 155,
  },
  {
    "color": 0,
    "h": 32,
    "op": "rect",
    "rgb": "rgb(211, 211, 211)",
    "w": 32,
    "x": 123,
    "y": 155,
  },
  {
    "color": 1,
    "h": 1,
    "op": "rect",
    "rgb": "rgb(128, 128, 128)",
    "w": 33,
    "x": 123,
    "y": 155,
  },
  {
    "color": 1,
    "h": 1,
    "op": "rect",
    "rgb": "rgb(128, 128, 128)",
    "w": 33,
    "x": 123,
    "y": 187,
  },
  {
    "color": 1,
    "h": 33,
    "op": "rect",
    "rgb": "rgb(128, 128, 128)",
    "w": 1,
    "x": 123,
    "y": 155,
  },
  {
    "color": 1,
    "h": 33,
    "op": "rect",
    "rgb": "rgb(128, 128, 128)",
    "w": 1,
    "x": 155,
    "y": 155,
  },
  {
    "cx": 155,
    "cy": 155,
    "fill": 0,
    "fillRgb": "rgb(211, 211, 211)",
    "op": "circle",
    "outline": 4,
    "outlineRgb": "rgb(0, 0, 0)",
    "r": 10,
  },
  {
    "align": "center",
    "baseline": "mathematical",
    "color": 2,
    "fontType": "variable",
    "op": "text",
    "rgb": "rgb(0, 0, 0)",
    "size": 16,
    "text": "2",
    "x": 155,
    "y": 155,
  },
  {
    "cx": 123,
    "cy": 187,
    "fill": 0,
    "fillRgb": "rgb(211, 211, 211)",
    "op": "circle",
    "outline": 4,
    "outlineRgb": "rgb(0, 0, 0)",
    "r": 10,
  },
  {
    "align": "center",
    "baseline": "mathematical",
    "color": 2,
    "fontType": "variable",
    "op": "text",
    "rgb": "rgb(0, 0, 0)",
    "size": 16,
    "text": "1",
    "x": 123,
    "y": 187,
  },
  {
    "op": "unclip",
  },
  {
    "h": 32,
    "op": "clip",
    "w": 32,
    "x": 155,
    "y": 155,
  },
  {
    "color": 0,
    "h": 32,
    "op": "rect",
    "rgb": "rgb(211, 211, 211)",
    "w": 32,
    "x": 155,
    "y": 155,
  },
  {
    "color": 1,
    "h": 1,
    "op": "rect",
    "rgb": "rgb(128, 128, 128)",
    "w": 33,
    "x": 155,
    "y": 155,
  },
  {
    "color": 1,
    "h": 1,
    "op": "rect",
    "rgb": "rgb(128, 128, 128)",
    "w": 33,
    "x": 155,
    "y": 187,
  },
  {
    "color": 1,
    "h": 33,
    "op": "rect",
    "rgb": "rgb(128, 128, 128)",
    "w": 1,
    "x": 155,
    "y": 155,
  },
  {
    "color": 1,
    "h": 33,
    "op": "rect",
    "rgb": "rgb(128, 128, 128)",
    "w": 1,
    "x": 187,
    "y": 155,
  },
  {
    "cx": 155,
    "cy": 155,
    "fill": 0,
    "fillRgb": "rgb(211, 211, 211)",
    "op": "circle",
    "outline": 4,
    "outlineRgb": "rgb(0, 0, 0)",
    "r": 10,
  },
  {
    "align": "center",
    "baseline": "mathematical",
    "color": 2,
    "fontType": "variable",
    "op": "text",
    "rgb": "rgb(0, 0, 0)",
    "size": 16,
    "text": "2",
    "x": 155,
    "y": 155,
  },
  {
    "op": "unclip",
  },
  {
    "h": 32,
    "op": "clip",
    "w": 32,
    "x": 187,
    "y": 155,
  },
  {
    "color": 0,
    "h": 32,
    "op": "rect",
    "rgb": "rgb(211, 211, 211)",
    "w": 32,
    "x": 187,
    "y": 155,
  },
  {
    "color": 1,
    "h": 33,
    "op": "rect",
    "rgb": "rgb(128, 128, 128)",
    "w": 1,
    "x": 187,
    "y": 155,
  },
  {
    "op": "unclip",
  },
  {
    "h": 32,
    "op": "clip",
    "w": 32,
    "x": -5,
    "y": 187,
  },
  {
    "color": 0,
    "h": 32,
    "op": "rect",
    "rgb": "rgb(211, 211, 211)",
    "w": 32,
    "x": -5,
    "y": 187,
  },
  {
    "color": 1,
    "h": 1,
    "op": "rect",
    "rgb": "rgb(128, 128, 128)",
    "w": 1,
    "x": 27,
    "y": 187,
  },
  {
    "op": "unclip",
  },
  {
    "h": 32,
    "op": "clip",
    "w": 32,
    "x": 27,
    "y": 187,
  },
  {
    "color": 0,
    "h": 32,
    "op": "rect",
    "rgb": "rgb(211, 211, 211)",
    "w": 32,
    "x": 27,
    "y": 187,
  },
  {
    "color": 1,
    "h": 1,
    "op": "rect",
    "rgb": "rgb(128, 128, 128)",
    "w": 33,
    "x": 27,
    "y": 187,
  },
  {
    "cx": 59,
    "cy": 187,
    "fill": 0,
    "fillRgb": "rgb(211, 211, 211)",
    "op": "circle",
    "outline": 4,
    "outlineRgb": "rgb(0, 0, 0)",
    "r": 10,
  },
  {
    "align": "center",
    "baseline": "mathematical",
    "color": 2,
    "fontType": "variable",
    "op": "text",
    "rgb": "rgb(0, 0, 0)",
    "size": 16,
    "text": "0",
    "x": 59,
    "y": 187,
  },
  {
    "op": "unclip",
  },
  {
    "h": 32,
    "op": "clip",
    "w": 32,
    "x": 59,
    "y": 187,
  },
  {
    "color": 0,
    "h": 32,
    "op": "rect",
    "rgb": "rgb(211, 211, 211)",
    "w": 32,
    "x": 59,
    "y": 187,
  },
  {
    "color": 1,
    "h": 1,
    "op": "rect",
    "rgb": "rgb(128, 128, 128)",
    "w": 33,
    "x": 59,
    "y": 187,
  },
  {
    "cx": 59,
    "cy": 187,
    "fill": 0,
    "fillRgb": "rgb(211, 211, 211)",
    "op": "circle",
    "outline": 4,
    "outlineRgb": "rgb(0, 0, 0)",
    "r": 10,
  },
  {
    "align": "center",
    "baseline": "mathematical",
    "color": 2,
    "fontType": "variable",
    "op": "text",
    "rgb": "rgb(0, 0, 0)",
    "size": 16,
    "text": "0",
    "x": 59,
    "y": 187,
  },
  {
    "op": "unclip",
  },
  {
    "h": 32,
    "op": "clip",
    "w": 32,
    "x": 91,
    "y": 187,
  },
  {
    "color": 0,
    "h": 32,
    "op": "rect",
    "rgb": "rgb(211, 211, 211)",
    "w": 32,
    "x": 91,
    "y": 187,
  },
  {
    "color": 1,
    "h": 1,
    "op": "rect",
    "rgb": "rgb(128, 128, 128)",
    "w": 33,
    "x": 91,
    "y": 187,
  },
  {
    "cx": 123,
    "cy": 187,
    "fill": 0,
    "fillRgb": "rgb(211, 211, 211)",
    "op": "circle",
    "outline": 4,
    "outlineRgb": "rgb(0, 0, 0)",
    "r": 10,
  },
  {
    "align": "center",
    "baseline": "mathematical",
    "color": 2,
    "fontType": "variable",
    "op": "text",
    "rgb": "rgb(0, 0, 0)",
    "size": 16,
    "text": "1",
    "x": 123,
    "y": 187,
  },
  {
    "op": "unclip",
  },
  {
    "h": 32,
    "op": "clip",
    "w": 32,
    "x": 123,
    "y": 187,
  },
  {
    "color": 0,
    "h": 32,
    "op": "rect",
    "rgb": "rgb(211, 211, 211)",
    "w": 32,
    "x": 123,
    "y": 187,
  },
  {
    "color": 1,
    "h": 1,
    "op": "rect",
    "rgb": "rgb(128, 128, 128)",
    "w": 33,
    "x": 123,
    "y": 187,
  },
  {
    "cx": 123,
    "cy": 187,
    "fill": 0,
    "fillRgb": "rgb(211, 211, 211)",
    "op": "circle",
    "outline": 4,
    "outlineRgb": "rgb(0, 0, 0)",
    "r": 10,
  },
  {
    "align": "center",
    "baseline": "mathematical",
    "color": 2,
    "fontType": "variable",
    "op": "text",
    "rgb": "rgb(0, 0, 0)",
    "size": 16,
    "text": "1",
    "x": 123,
    "y": 187,
  },
  {
    "op": "unclip",
  },
  {
    "h": 32,
    "op": "clip",
    "w": 32,
    "x": 155,
    "y": 187,
  },
  {
    "color": 0,
    "h": 32,
    "op": "rect",
    "rgb": "rgb(211, 211, 211)",
    "w": 32,
    "x": 155,
    "y": 187,
  },
  {
    "color": 1,
    "h": 1,
    "op": "rect",
    "rgb": "rgb(128, 128, 128)",
    "w": 33,
    "x": 155,
    "y": 187,
  },
  {
    "op": "unclip",
  },
  {
    "h": 32,
    "op": "clip",
    "w": 32,
    "x": 187,
    "y": 187,
  },
  {
    "color": 0,
    "h": 32,
    "op": "rect",
    "rgb": "rgb(211, 211, 211)",
    "w": 32,
    "x": 187,
    "y": 187,
  },
  {
    "color": 1,
    "h": 1,
    "op": "rect",
    "rgb": "rgb(128, 128, 128)",
    "w": 1,
    "x": 187,
    "y": 187,
  },
  {
    "op": "unclip",
  },
  {
    "color": 0,
    "h": 12,
    "op": "rect",
    "rgb": "rgb(211, 211, 211)",
    "w": 12,
    "x": 201,
    "y": 2,
  },
]
`;
