// Vitest Snapshot v1, https://vitest.dev/guide/snapshot.html

exports[`unequal render > draws adjacency bars in Adjacent mode 1`] = `
[
  {
    "color": 0,
    "h": 272,
    "op": "rect",
    "rgb": "rgb(211, 211, 211)",
    "w": 272,
    "x": 0,
    "y": 0,
  },
  {
    "color": 0,
    "h": 32,
    "op": "rect",
    "rgb": "rgb(211, 211, 211)",
    "w": 32,
    "x": 24,
    "y": 24,
  },
  {
    "fill": -1,
    "fillRgb": "color#-1",
    "op": "polygon",
    "outline": 1,
    "outlineRgb": "rgb(128, 128, 128)",
    "points": [
      [
        24,
        24,
      ],
      [
        56,
        24,
      ],
      [
        56,
        56,
      ],
      [
        24,
        56,
      ],
    ],
  },
  {
    "color": 0,
    "h": 32,
    "op": "rect",
    "rgb": "rgb(211, 211, 211)",
    "w": 4,
    "x": 62,
    "y": 24,
  },
  {
    "color": 0,
    "h": 4,
    "op": "rect",
    "rgb": "rgb(211, 211, 211)",
    "w": 32,
    "x": 24,
    "y": 62,
  },
  {
    "color": 0,
    "h": 32,
    "op": "rect",
    "rgb": "rgb(211, 211, 211)",
    "w": 32,
    "x": 24,
    "y": 72,
  },
  {
    "fill": -1,
    "fillRgb": "color#-1",
    "op": "polygon",
    "outline": 1,
    "outlineRgb": "rgb(128, 128, 128)",
    "points": [
      [
        24,
        72,
      ],
      [
        56,
        72,
      ],
      [
        56,
        104,
      ],
      [
        24,
        104,
      ],
    ],
  },
  {
    "color": 0,
    "h": 32,
    "op": "rect",
    "rgb": "rgb(211, 211, 211)",
    "w": 4,
    "x": 62,
    "y": 72,
  },
  {
    "color": 1,
    "h": 4,
    "op": "rect",
    "rgb": "rgb(128, 128, 128)",
    "w": 32,
    "x": 24,
    "y": 110,
  },
  {
    "color": 0,
    "h": 32,
    "op": "rect",
    "rgb": "rgb(211, 211, 211)",
    "w": 32,
    "x": 24,
    "y": 120,
  },
  {
    "fill": -1,
    "fillRgb": "color#-1",
    "op": "polygon",
    "outline": 1,
    "outlineRgb": "rgb(128, 128, 128)",
    "points": [
      [
        24,
        120,
      ],
      [
        56,
        120,
      ],
      [
        56,
        152,
      ],
      [
        24,
        152,
      ],
    ],
  },
  {
    "color": 1,
    "h": 32,
    "op": "rect",
    "rgb": "rgb(128, 128, 128)",
    "w": 4,
    "x": 62,
    "y": 120,
  },
  {
    "color": 0,
    "h": 4,
    "op": "rect",
    "rgb": "rgb(211, 211, 211)",
    "w": 32,
    "x": 24,
    "y": 158,
  },
  {
    "color": 0,
    "h": 32,
    "op": "rect",
    "rgb": "rgb(211, 211, 211)",
    "w": 32,
    "x": 24,
    "y": 168,
  },
  {
    "fill": -1,
    "fillRgb": "color#-1",
    "op": "polygon",
    "outline": 1,
    "outlineRgb": "rgb(128, 128, 128)",
    "points": [
      [
        24,
        168,
      ],
      [
        56,
        168,
      ],
      [
        56,
        200,
      ],
      [
        24,
        200,
      ],
    ],
  },
  {
    "color": 0,
    "h": 32,
    "op": "rect",
    "rgb": "rgb(211, 211, 211)",
    "w": 4,
    "x": 62,
    "y": 168,
  },
  {
    "color": 1,
    "h": 4,
    "op": "rect",
    "rgb": "rgb(128, 128, 128)",
    "w": 32,
    "x": 24,
    "y": 206,
  },
  {
    "color": 0,
    "h": 32,
    "op": "rect",
    "rgb": "rgb(211, 211, 211)",
    "w": 32,
    "x": 24,
    "y": 216,
  },
  {
    "fill": -1,
    "fillRgb": "color#-1",
    "op": "polygon",
    "outline": 1,
    "outlineRgb": "rgb(128, 128, 128)",
    "points": [
      [
        24,
        216,
      ],
      [
        56,
        216,
      ],
      [
        56,
        248,
      ],
      [
        24,
        248,
      ],
    ],
  },
  {
    "color": 0,
    "h": 32,
    "op": "rect",
    "rgb": "rgb(211, 211, 211)",
    "w": 4,
    "x": 62,
    "y": 216,
  },
  {
    "color": 0,
    "h": 4,
    "op": "rect",
    "rgb": "rgb(211, 211, 211)",
    "w": 32,
    "x": 24,
    "y": 254,
  },
  {
    "color": 0,
    "h": 32,
    "op": "rect",
    "rgb": "rgb(211, 211, 211)",
    "w": 32,
    "x": 72,
    "y": 24,
  },
  {
    "fill": -1,
    "fillRgb": "color#-1",
    "op": "polygon",
    "outline": 1,
    "outlineRgb": "rgb(128, 128, 128)",
    "points": [
      [
        72,
        24,
      ],
      [
        104,
        24,
      ],
      [
        104,
        56,
      ],
      [
        72,
        56,
      ],
    ],
  },
  {
    "color": 1,
    "h": 32,
    "op": "rect",
    "rgb": "rgb(128, 128, 128)",
    "w": 4,
    "x": 110,
    "y": 24,
  },
  {
    "color": 1,
    "h": 4,
    "op": "rect",
    "rgb": "rgb(128, 128, 128)",
    "w": 32,
    "x": 72,
    "y": 62,
  },
  {
    "color": 0,
    "h": 32,
    "op": "rect",
    "rgb": "rgb(211, 211, 211)",
    "w": 32,
    "x": 72,
    "y": 72,
  },
  {
    "fill": -1,
    "fillRgb": "color#-1",
    "op": "polygon",
    "outline": 1,
    "outlineRgb": "rgb(128, 128, 128)",
    "points": [
      [
        72,
        72,
      ],
      [
        104,
        72,
      ],
      [
        104,
        104,
      ],
      [
        72,
        104,
      ],
    ],
  },
  {
    "color": 0,
    "h": 32,
    "op": "rect",
    "rgb": "rgb(211, 211, 211)",
    "w": 4,
    "x": 110,
    "y": 72,
  },
  {
    "color": 0,
    "h": 4,
    "op": "rect",
    "rgb": "rgb(211, 211, 211)",
    "w": 32,
    "x": 72,
    "y": 110,
  },
  {
    "color": 0,
    "h": 32,
    "op": "rect",
    "rgb": "rgb(211, 211, 211)",
    "w": 32,
    "x": 72,
    "y": 120,
  },
  {
    "fill": -1,
    "fillRgb": "color#-1",
    "op": "polygon",
    "outline": 1,
    "outlineRgb": "rgb(128, 128, 128)",
    "points": [
      [
        72,
        120,
      ],
      [
        104,
        120,
      ],
      [
        104,
        152,
      ],
      [
        72,
        152,
      ],
    ],
  },
  {
    "color": 0,
    "h": 32,
    "op": "rect",
    "rgb": "rgb(211, 211, 211)",
    "w": 4,
    "x": 110,
    "y": 120,
  },
  {
    "color": 0,
    "h": 4,
    "op": "rect",
    "rgb": "rgb(211, 211, 211)",
    "w": 32,
    "x": 72,
    "y": 158,
  },
  {
    "color": 0,
    "h": 32,
    "op": "rect",
    "rgb": "rgb(211, 211, 211)",
    "w": 32,
    "x": 72,
    "y": 168,
  },
  {
    "fill": -1,
    "fillRgb": "color#-1",
    "op": "polygon",
    "outline": 1,
    "outlineRgb": "rgb(128, 128, 128)",
    "points": [
      [
        72,
        168,
      ],
      [
        104,
        168,
      ],
      [
        104,
        200,
      ],
      [
        72,
        200,
      ],
    ],
  },
  {
    "color": 1,
    "h": 32,
    "op": "rect",
    "rgb": "rgb(128, 128, 128)",
    "w": 4,
    "x": 110,
    "y": 168,
  },
  {
    "color": 0,
    "h": 4,
    "op": "rect",
    "rgb": "rgb(211, 211, 211)",
    "w": 32,
    "x": 72,
    "y": 206,
  },
  {
    "color": 0,
    "h": 32,
    "op": "rect",
    "rgb": "rgb(211, 211, 211)",
    "w": 32,
    "x": 72,
    "y": 216,
  },
  {
    "fill": -1,
    "fillRgb": "color#-1",
    "op": "polygon",
    "outline": 1,
    "outlineRgb": "rgb(128, 128, 128)",
    "points": [
      [
        72,
        216,
      ],
      [
        104,
        216,
      ],
      [
        104,
        248,
      ],
      [
        72,
        248,
      ],
    ],
  },
  {
    "color": 0,
    "h": 32,
    "op": "rect",
    "rgb": "rgb(211, 211, 211)",
    "w": 4,
    "x": 110,
    "y": 216,
  },
  {
    "color": 0,
    "h": 4,
    "op": "rect",
    "rgb": "rgb(211, 211, 211)",
    "w": 32,
    "x": 72,
    "y": 254,
  },
  {
    "align": "center",
    "baseline": "mathematical",
    "color": 2,
    "fontType": "variable",
    "op": "text",
    "rgb": "rgb(0, 0, 0)",
    "size": 24,
    "text": "5",
    "x": 88,
    "y": 232,
  },
  {
    "color": 0,
    "h": 32,
    "op": "rect",
    "rgb": "rgb(211, 211, 211)",
    "w": 32,
    "x": 120,
    "y": 24,
  },
  {
    "fill": -1,
    "fillRgb": "color#-1",
    "op": "polygon",
    "outline": 1,
    "outlineRgb": "rgb(128, 128, 128)",
    "points": [
      [
        120,
        24,
      ],
      [
        152,
        24,
      ],
      [
        152,
        56,
      ],
      [
        120,
        56,
      ],
    ],
  },
  {
    "color": 1,
    "h": 32,
    "op": "rect",
    "rgb": "rgb(128, 128, 128)",
    "w": 4,
    "x": 158,
    "y": 24,
  },
  {
    "color": 1,
    "h": 4,
    "op": "rect",
    "rgb": "rgb(128, 128, 128)",
    "w": 32,
    "x": 120,
    "y": 62,
  },
  {
    "color": 0,
    "h": 32,
    "op": "rect",
    "rgb": "rgb(211, 211, 211)",
    "w": 32,
    "x": 120,
    "y": 72,
  },
  {
    "fill": -1,
    "fillRgb": "color#-1",
    "op": "polygon",
    "outline": 1,
    "outlineRgb": "rgb(128, 128, 128)",
    "points": [
      [
        120,
        72,
      ],
      [
        152,
        72,
      ],
      [
        152,
        104,
      ],
      [
        120,
        104,
      ],
    ],
  },
  {
    "color": 0,
    "h": 32,
    "op": "rect",
    "rgb": "rgb(211, 211, 211)",
    "w": 4,
    "x": 158,
    "y": 72,
  },
  {
    "color": 0,
    "h": 4,
    "op": "rect",
    "rgb": "rgb(211, 211, 211)",
    "w": 32,
    "x": 120,
    "y": 110,
  },
  {
    "color": 0,
    "h": 32,
    "op": "rect",
    "rgb": "rgb(211, 211, 211)",
    "w": 32,
    "x": 120,
    "y": 120,
  },
  {
    "fill": -1,
    "fillRgb": "color#-1",
    "op": "polygon",
    "outline": 1,
    "outlineRgb": "rgb(128, 128, 128)",
    "points": [
      [
        120,
        120,
      ],
      [
        152,
        120,
      ],
      [
        152,
        152,
      ],
      [
        120,
        152,
      ],
    ],
  },
  {
    "color": 1,
    "h": 32,
    "op": "rect",
    "rgb": "rgb(128, 128, 128)",
    "w": 4,
    "x": 158,
    "y": 120,
  },
  {
    "color": 1,
    "h": 4,
    "op": "rect",
    "rgb": "rgb(128, 128, 128)",
    "w": 32,
    "x": 120,
    "y": 158,
  },
  {
    "color": 0,
    "h": 32,
    "op": "rect",
    "rgb": "rgb(211, 211, 211)",
    "w": 32,
    "x": 120,
    "y": 168,
  },
  {
    "fill": -1,
    "fillRgb": "color#-1",
    "op": "polygon",
    "outline": 1,
    "outlineRgb": "rgb(128, 128, 128)",
    "points": [
      [
        120,
        168,
      ],
      [
        152,
        168,
      ],
      [
        152,
        200,
      ],
      [
        120,
        200,
      ],
    ],
  },
  {
    "color": 0,
    "h": 32,
    "op": "rect",
    "rgb": "rgb(211, 211, 211)",
    "w": 4,
    "x": 158,
    "y": 168,
  },
  {
    "color": 1,
    "h": 4,
    "op": "rect",
    "rgb": "rgb(128, 128, 128)",
    "w": 32,
    "x": 120,
    "y": 206,
  },
  {
    "color": 0,
    "h": 32,
    "op": "rect",
    "rgb": "rgb(211, 211, 211)",
    "w": 32,
    "x": 120,
    "y": 216,
  },
  {
    "fill": -1,
    "fillRgb": "color#-1",
    "op": "polygon",
    "outline": 1,
    "outlineRgb": "rgb(128, 128, 128)",
    "points": [
      [
        120,
        216,
      ],
      [
        152,
        216,
      ],
      [
        152,
        248,
      ],
      [
        120,
        248,
      ],
    ],
  },
  {
    "color": 0,
    "h": 32,
    "op": "rect",
    "rgb": "rgb(211, 211, 211)",
    "w": 4,
    "x": 158,
    "y": 216,
  },
  {
    "color": 0,
    "h": 4,
    "op": "rect",
    "rgb": "rgb(211, 211, 211)",
    "w": 32,
    "x": 120,
    "y": 254,
  },
  {
    "color": 0,
    "h": 32,
    "op": "rect",
    "rgb": "rgb(211, 211, 211)",
    "w": 32,
    "x": 168,
    "y": 24,
  },
  {
    "fill": -1,
    "fillRgb": "color#-1",
    "op": "polygon",
    "outline": 1,
    "outlineRgb": "rgb(128, 128, 128)",
    "points": [
      [
        168,
        24,
      ],
      [
        200,
        24,
      ],
      [
        200,
        56,
      ],
      [
        168,
        56,
      ],
    ],
  },
  {
    "color": 0,
    "h": 32,
    "op": "rect",
    "rgb": "rgb(211, 211, 211)",
    "w": 4,
    "x": 206,
    "y": 24,
  },
  {
    "color": 0,
    "h": 4,
    "op": "rect",
    "rgb": "rgb(211, 211, 211)",
    "w": 32,
    "x": 168,
    "y": 62,
  },
  {
    "color": 0,
    "h": 32,
    "op": "rect",
    "rgb": "rgb(211, 211, 211)",
    "w": 32,
    "x": 168,
    "y": 72,
  },
  {
    "fill": -1,
    "fillRgb": "color#-1",
    "op": "polygon",
    "outline": 1,
    "outlineRgb": "rgb(128, 128, 128)",
    "points": [
      [
        168,
        72,
      ],
      [
        200,
        72,
      ],
      [
        200,
        104,
      ],
      [
        168,
        104,
      ],
    ],
  },
  {
    "color": 0,
    "h": 32,
    "op": "rect",
    "rgb": "rgb(211, 211, 211)",
    "w": 4,
    "x": 206,
    "y": 72,
  },
  {
    "color": 1,
    "h": 4,
    "op": "rect",
    "rgb": "rgb(128, 128, 128)",
    "w": 32,
    "x": 168,
    "y": 110,
  },
  {
    "color": 0,
    "h": 32,
    "op": "rect",
    "rgb": "rgb(211, 211, 211)",
    "w": 32,
    "x": 168,
    "y": 120,
  },
  {
    "fill": -1,
    "fillRgb": "color#-1",
    "op": "polygon",
    "outline": 1,
    "outlineRgb": "rgb(128, 128, 128)",
    "points": [
      [
        168,
        120,
      ],
      [
        200,
        120,
      ],
      [
        200,
        152,
      ],
      [
        168,
        152,
      ],
    ],
  },
  {
    "color": 1,
    "h": 32,
    "op": "rect",
    "rgb": "rgb(128, 128, 128)",
    "w": 4,
    "x": 206,
    "y": 120,
  },
  {
    "color": 0,
    "h": 4,
    "op": "rect",
    "rgb": "rgb(211, 211, 211)",
    "w": 32,
    "x": 168,
    "y": 158,
  },
  {
    "color": 0,
    "h": 32,
    "op": "rect",
    "rgb": "rgb(211, 211, 211)",
    "w": 32,
    "x": 168,
    "y": 168,
  },
  {
    "fill": -1,
    "fillRgb": "color#-1",
    "op": "polygon",
    "outline": 1,
    "outlineRgb": "rgb(128, 128, 128)",
    "points": [
      [
        168,
        168,
      ],
      [
        200,
        168,
      ],
      [
        200,
        200,
      ],
      [
        168,
        200,
      ],
    ],
  },
  {
    "color": 1,
    "h": 32,
    "op": "rect",
    "rgb": "rgb(128, 128, 128)",
    "w": 4,
    "x": 206,
    "y": 168,
  },
  {
    "color": 0,
    "h": 4,
    "op": "rect",
    "rgb": "rgb(211, 211, 211)",
    "w": 32,
    "x": 168,
    "y": 206,
  },
  {
    "color": 0,
    "h": 32,
    "op": "rect",
    "rgb": "rgb(211, 211, 211)",
    "w": 32,
    "x": 168,
    "y": 216,
  },
  {
    "fill": -1,
    "fillRgb": "color#-1",
    "op": "polygon",
    "outline": 1,
    "outlineRgb": "rgb(128, 128, 128)",
    "points": [
      [
        168,
        216,
      ],
      [
        200,
        216,
      ],
      [
        200,
        248,
      ],
      [
        168,
        248,
      ],
    ],
  },
  {
    "color": 0,
    "h": 32,
    "op": "rect",
    "rgb": "rgb(211, 211, 211)",
    "w": 4,
    "x": 206,
    "y": 216,
  },
  {
    "color": 0,
    "h": 4,
    "op": "rect",
    "rgb": "rgb(211, 211, 211)",
    "w": 32,
    "x": 168,
    "y": 254,
  },
  {
    "align": "center",
    "baseline": "mathematical",
    "color": 2,
    "fontType": "variable",
    "op": "text",
    "rgb": "rgb(0, 0, 0)",
    "size": 24,
    "text": "1",
    "x": 184,
    "y": 232,
  },
  {
    "color": 0,
    "h": 32,
    "op": "rect",
    "rgb": "rgb(211, 211, 211)",
    "w": 32,
    "x": 216,
    "y": 24,
  },
  {
    "fill": -1,
    "fillRgb": "color#-1",
    "op": "polygon",
    "outline": 1,
    "outlineRgb": "rgb(128, 128, 128)",
    "points": [
      [
        216,
        24,
      ],
      [
        248,
        24,
      ],
      [
        248,
        56,
      ],
      [
        216,
        56,
      ],
    ],
  },
  {
    "color": 0,
    "h": 32,
    "op": "rect",
    "rgb": "rgb(211, 211, 211)",
    "w": 4,
    "x": 254,
    "y": 24,
  },
  {
    "color": 1,
    "h": 4,
    "op": "rect",
    "rgb": "rgb(128, 128, 128)",
    "w": 32,
    "x": 216,
    "y": 62,
  },
  {
    "color": 0,
    "h": 32,
    "op": "rect",
    "rgb": "rgb(211, 211, 211)",
    "w": 32,
    "x": 216,
    "y": 72,
  },
  {
    "fill": -1,
    "fillRgb": "color#-1",
    "op": "polygon",
    "outline": 1,
    "outlineRgb": "rgb(128, 128, 128)",
    "points": [
      [
        216,
        72,
      ],
      [
        248,
        72,
      ],
      [
        248,
        104,
      ],
      [
        216,
        104,
      ],
    ],
  },
  {
    "color": 0,
    "h": 32,
    "op": "rect",
    "rgb": "rgb(211, 211, 211)",
    "w": 4,
    "x": 254,
    "y": 72,
  },
  {
    "color": 0,
    "h": 4,
    "op": "rect",
    "rgb": "rgb(211, 211, 211)",
    "w": 32,
    "x": 216,
    "y": 110,
  },
  {
    "color": 0,
    "h": 32,
    "op": "rect",
    "rgb": "rgb(211, 211, 211)",
    "w": 32,
    "x": 216,
    "y": 120,
  },
  {
    "fill": -1,
    "fillRgb": "color#-1",
    "op": "polygon",
    "outline": 1,
    "outlineRgb": "rgb(128, 128, 128)",
    "points": [
      [
        216,
        120,
      ],
      [
        248,
        120,
      ],
      [
        248,
        152,
      ],
      [
        216,
        152,
      ],
    ],
  },
  {
    "color": 0,
    "h": 32,
    "op": "rect",
    "rgb": "rgb(211, 211, 211)",
    "w": 4,
    "x": 254,
    "y": 120,
  },
  {
    "color": 0,
    "h": 4,
    "op": "rect",
    "rgb": "rgb(211, 211, 211)",
    "w": 32,
    "x": 216,
    "y": 158,
  },
  {
    "color": 0,
    "h": 32,
    "op": "rect",
    "rgb": "rgb(211, 211, 211)",
    "w": 32,
    "x": 216,
    "y": 168,
  },
  {
    "fill": -1,
    "fillRgb": "color#-1",
    "op": "polygon",
    "outline": 1,
    "outlineRgb": "rgb(128, 128, 128)",
    "points": [
      [
        216,
        168,
      ],
      [
        248,
        168,
      ],
      [
        248,
        200,
      ],
      [
        216,
        200,
      ],
    ],
  },
  {
    "color": 0,
    "h": 32,
    "op": "rect",
    "rgb": "rgb(211, 211, 211)",
    "w": 4,
    "x": 254,
    "y": 168,
  },
  {
    "color": 1,
    "h": 4,
    "op": "rect",
    "rgb": "rgb(128, 128, 128)",
    "w": 32,
    "x": 216,
    "y": 206,
  },
  {
    "color": 0,
    "h": 32,
    "op": "rect",
    "rgb": "rgb(211, 211, 211)",
    "w": 32,
    "x": 216,
    "y": 216,
  },
  {
    "fill": -1,
    "fillRgb": "color#-1",
    "op": "polygon",
    "outline": 1,
    "outlineRgb": "rgb(128, 128, 128)",
    "points": [
      [
        216,
        216,
      ],
      [
        248,
        216,
      ],
      [
        248,
        248,
      ],
      [
        216,
        248,
      ],
    ],
  },
  {
    "color": 0,
    "h": 32,
    "op": "rect",
    "rgb": "rgb(211, 211, 211)",
    "w": 4,
    "x": 254,
    "y": 216,
  },
  {
    "color": 0,
    "h": 4,
    "op": "rect",
    "rgb": "rgb(211, 211, 211)",
    "w": 32,
    "x": 216,
    "y": 254,
  },
  {
    "color": 0,
    "h": 20,
    "op": "rect",
    "rgb": "rgb(211, 211, 211)",
    "w": 20,
    "x": 250,
    "y": 2,
  },
]
`;

exports[`unequal render > draws greater-than chevrons in Unequal mode 1`] = `
[
  {
    "color": 0,
    "h": 272,
    "op": "rect",
    "rgb": "rgb(211, 211, 211)",
    "w": 272,
    "x": 0,
    "y": 0,
  },
  {
    "color": 0,
    "h": 32,
    "op": "rect",
    "rgb": "rgb(211, 211, 211)",
    "w": 32,
    "x": 24,
    "y": 24,
  },
  {
    "fill": -1,
    "fillRgb": "color#-1",
    "op": "polygon",
    "outline": 1,
    "outlineRgb": "rgb(128, 128, 128)",
    "points": [
      [
        24,
        24,
      ],
      [
        56,
        24,
      ],
      [
        56,
        56,
      ],
      [
        24,
        56,
      ],
    ],
  },
  {
    "color": 0,
    "h": 32,
    "op": "rect",
    "rgb": "rgb(211, 211, 211)",
    "w": 16,
    "x": 56,
    "y": 24,
  },
  {
    "fill": 2,
    "fillRgb": "rgb(0, 0, 0)",
    "op": "polygon",
    "outline": 2,
    "outlineRgb": "rgb(0, 0, 0)",
    "points": [
      [
        61,
        32,
      ],
      [
        69,
        40,
      ],
      [
        61,
        48,
      ],
      [
        59,
        48,
      ],
      [
        67,
        40,
      ],
      [
        59,
        32,
      ],
    ],
  },
  {
    "color": 0,
    "h": 32,
    "op": "rect",
    "rgb": "rgb(211, 211, 211)",
    "w": 32,
    "x": 24,
    "y": 72,
  },
  {
    "fill": -1,
    "fillRgb": "color#-1",
    "op": "polygon",
    "outline": 1,
    "outlineRgb": "rgb(128, 128, 128)",
    "points": [
      [
        24,
        72,
      ],
      [
        56,
        72,
      ],
      [
        56,
        104,
      ],
      [
        24,
        104,
      ],
    ],
  },
  {
    "color": 0,
    "h": 32,
    "op": "rect",
    "rgb": "rgb(211, 211, 211)",
    "w": 32,
    "x": 24,
    "y": 120,
  },
  {
    "fill": -1,
    "fillRgb": "color#-1",
    "op": "polygon",
    "outline": 1,
    "outlineRgb": "rgb(128, 128, 128)",
    "points": [
      [
        24,
        120,
      ],
      [
        56,
        120,
      ],
      [
        56,
        152,
      ],
      [
        24,
        152,
      ],
    ],
  },
  {
    "color": 0,
    "h": 16,
    "op": "rect",
    "rgb": "rgb(211, 211, 211)",
    "w": 32,
    "x": 24,
    "y": 104,
  },
  {
    "fill": 2,
    "fillRgb": "rgb(0, 0, 0)",
    "op": "polygon",
    "outline": 2,
    "outlineRgb": "rgb(0, 0, 0)",
    "points": [
      [
        32,
        117,
      ],
      [
        40,
        109,
      ],
      [
        48,
        117,
      ],
      [
        48,
        115,
      ],
      [
        40,
        107,
      ],
      [
        32,
        115,
      ],
    ],
  },
  {
    "color": 0,
    "h": 32,
    "op": "rect",
    "rgb": "rgb(211, 211, 211)",
    "w": 32,
    "x": 24,
    "y": 168,
  },
  {
    "fill": -1,
    "fillRgb": "color#-1",
    "op": "polygon",
    "outline": 1,
    "outlineRgb": "rgb(128, 128, 128)",
    "points": [
      [
        24,
        168,
      ],
      [
        56,
        168,
      ],
      [
        56,
        200,
      ],
      [
        24,
        200,
      ],
    ],
  },
  {
    "color": 0,
    "h": 32,
    "op": "rect",
    "rgb": "rgb(211, 211, 211)",
    "w": 32,
    "x": 24,
    "y": 216,
  },
  {
    "fill": -1,
    "fillRgb": "color#-1",
    "op": "polygon",
    "outline": 1,
    "outlineRgb": "rgb(128, 128, 128)",
    "points": [
      [
        24,
        216,
      ],
      [
        56,
        216,
      ],
      [
        56,
        248,
      ],
      [
        24,
        248,
      ],
    ],
  },
  {
    "color": 0,
    "h": 32,
    "op": "rect",
    "rgb": "rgb(211, 211, 211)",
    "w": 32,
    "x": 72,
    "y": 24,
  },
  {
    "fill": -1,
    "fillRgb": "color#-1",
    "op": "polygon",
    "outline": 1,
    "outlineRgb": "rgb(128, 128, 128)",
    "points": [
      [
        72,
        24,
      ],
      [
        104,
        24,
      ],
      [
        104,
        56,
      ],
      [
        72,
        56,
      ],
    ],
  },
  {
    "color": 0,
    "h": 32,
    "op": "rect",
    "rgb": "rgb(211, 211, 211)",
    "w": 32,
    "x": 72,
    "y": 72,
  },
  {
    "fill": -1,
    "fillRgb": "color#-1",
    "op": "polygon",
    "outline": 1,
    "outlineRgb": "rgb(128, 128, 128)",
    "points": [
      [
        72,
        72,
      ],
      [
        104,
        72,
      ],
      [
        104,
        104,
      ],
      [
        72,
        104,
      ],
    ],
  },
  {
    "color": 0,
    "h": 32,
    "op": "rect",
    "rgb": "rgb(211, 211, 211)",
    "w": 32,
    "x": 72,
    "y": 120,
  },
  {
    "fill": -1,
    "fillRgb": "color#-1",
    "op": "polygon",
    "outline": 1,
    "outlineRgb": "rgb(128, 128, 128)",
    "points": [
      [
        72,
        120,
      ],
      [
        104,
        120,
      ],
      [
        104,
        152,
      ],
      [
        72,
        152,
      ],
    ],
  },
  {
    "color": 0,
    "h": 32,
    "op": "rect",
    "rgb": "rgb(211, 211, 211)",
    "w": 32,
    "x": 72,
    "y": 168,
  },
  {
    "fill": -1,
    "fillRgb": "color#-1",
    "op": "polygon",
    "outline": 1,
    "outlineRgb": "rgb(128, 128, 128)",
    "points": [
      [
        72,
        168,
      ],
      [
        104,
        168,
      ],
      [
        104,
        200,
      ],
      [
        72,
        200,
      ],
    ],
  },
  {
    "color": 0,
    "h": 32,
    "op": "rect",
    "rgb": "rgb(211, 211, 211)",
    "w": 32,
    "x": 72,
    "y": 216,
  },
  {
    "fill": -1,
    "fillRgb": "color#-1",
    "op": "polygon",
    "outline": 1,
    "outlineRgb": "rgb(128, 128, 128)",
    "points": [
      [
        72,
        216,
      ],
      [
        104,
        216,
      ],
      [
        104,
        248,
      ],
      [
        72,
        248,
      ],
    ],
  },
  {
    "color": 0,
    "h": 32,
    "op": "rect",
    "rgb": "rgb(211, 211, 211)",
    "w": 32,
    "x": 120,
    "y": 24,
  },
  {
    "fill": -1,
    "fillRgb": "color#-1",
    "op": "polygon",
    "outline": 1,
    "outlineRgb": "rgb(128, 128, 128)",
    "points": [
      [
        120,
        24,
      ],
      [
        152,
        24,
      ],
      [
        152,
        56,
      ],
      [
        120,
        56,
      ],
    ],
  },
  {
    "color": 0,
    "h": 32,
    "op": "rect",
    "rgb": "rgb(211, 211, 211)",
    "w": 16,
    "x": 104,
    "y": 24,
  },
  {
    "fill": 2,
    "fillRgb": "rgb(0, 0, 0)",
    "op": "polygon",
    "outline": 2,
    "outlineRgb": "rgb(0, 0, 0)",
    "points": [
      [
        117,
        32,
      ],
      [
        109,
        40,
      ],
      [
        117,
        48,
      ],
      [
        115,
        48,
      ],
      [
        107,
        40,
      ],
      [
        115,
        32,
      ],
    ],
  },
  {
    "color": 0,
    "h": 32,
    "op": "rect",
    "rgb": "rgb(211, 211, 211)",
    "w": 32,
    "x": 120,
    "y": 72,
  },
  {
    "fill": -1,
    "fillRgb": "color#-1",
    "op": "polygon",
    "outline": 1,
    "outlineRgb": "rgb(128, 128, 128)",
    "points": [
      [
        120,
        72,
      ],
      [
        152,
        72,
      ],
      [
        152,
        104,
      ],
      [
        120,
        104,
      ],
    ],
  },
  {
    "color": 0,
    "h": 32,
    "op": "rect",
    "rgb": "rgb(211, 211, 211)",
    "w": 32,
    "x": 120,
    "y": 120,
  },
  {
    "fill": -1,
    "fillRgb": "color#-1",
    "op": "polygon",
    "outline": 1,
    "outlineRgb": "rgb(128, 128, 128)",
    "points": [
      [
        120,
        120,
      ],
      [
        152,
        120,
      ],
      [
        152,
        152,
      ],
      [
        120,
        152,
      ],
    ],
  },
  {
    "color": 0,
    "h": 32,
    "op": "rect",
    "rgb": "rgb(211, 211, 211)",
    "w": 32,
    "x": 120,
    "y": 168,
  },
  {
    "fill": -1,
    "fillRgb": "color#-1",
    "op": "polygon",
    "outline": 1,
    "outlineRgb": "rgb(128, 128, 128)",
    "points": [
      [
        120,
        168,
      ],
      [
        152,
        168,
      ],
      [
        152,
        200,
      ],
      [
        120,
        200,
      ],
    ],
  },
  {
    "color": 0,
    "h": 32,
    "op": "rect",
    "rgb": "rgb(211, 211, 211)",
    "w": 32,
    "x": 120,
    "y": 216,
  },
  {
    "fill": -1,
    "fillRgb": "color#-1",
    "op": "polygon",
    "outline": 1,
    "outlineRgb": "rgb(128, 128, 128)",
    "points": [
      [
        120,
        216,
      ],
      [
        152,
        216,
      ],
      [
        152,
        248,
      ],
      [
        120,
        248,
      ],
    ],
  },
  {
    "color": 0,
    "h": 32,
    "op": "rect",
    "rgb": "rgb(211, 211, 211)",
    "w": 16,
    "x": 104,
    "y": 216,
  },
  {
    "fill": 2,
    "fillRgb": "rgb(0, 0, 0)",
    "op": "polygon",
    "outline": 2,
    "outlineRgb": "rgb(0, 0, 0)",
    "points": [
      [
        117,
        224,
      ],
      [
        109,
        232,
      ],
      [
        117,
        240,
      ],
      [
        115,
        240,
      ],
      [
        107,
        232,
      ],
      [
        115,
        224,
      ],
    ],
  },
  {
    "color": 0,
    "h": 32,
    "op": "rect",
    "rgb": "rgb(211, 211, 211)",
    "w": 32,
    "x": 168,
    "y": 24,
  },
  {
    "fill": -1,
    "fillRgb": "color#-1",
    "op": "polygon",
    "outline": 1,
    "outlineRgb": "rgb(128, 128, 128)",
    "points": [
      [
        168,
        24,
      ],
      [
        200,
        24,
      ],
      [
        200,
        56,
      ],
      [
        168,
        56,
      ],
    ],
  },
  {
    "color": 0,
    "h": 32,
    "op": "rect",
    "rgb": "rgb(211, 211, 211)",
    "w": 16,
    "x": 200,
    "y": 24,
  },
  {
    "fill": 2,
    "fillRgb": "rgb(0, 0, 0)",
    "op": "polygon",
    "outline": 2,
    "outlineRgb": "rgb(0, 0, 0)",
    "points": [
      [
        205,
        32,
      ],
      [
        213,
        40,
      ],
      [
        205,
        48,
      ],
      [
        203,
        48,
      ],
      [
        211,
        40,
      ],
      [
        203,
        32,
      ],
    ],
  },
  {
    "align": "center",
    "baseline": "mathematical",
    "color": 2,
    "fontType": "variable",
    "op": "text",
    "rgb": "rgb(0, 0, 0)",
    "size": 24,
    "text": "3",
    "x": 184,
    "y": 40,
  },
  {
    "color": 0,
    "h": 32,
    "op": "rect",
    "rgb": "rgb(211, 211, 211)",
    "w": 32,
    "x": 168,
    "y": 72,
  },
  {
    "fill": -1,
    "fillRgb": "color#-1",
    "op": "polygon",
    "outline": 1,
    "outlineRgb": "rgb(128, 128, 128)",
    "points": [
      [
        168,
        72,
      ],
      [
        200,
        72,
      ],
      [
        200,
        104,
      ],
      [
        168,
        104,
      ],
    ],
  },
  {
    "color": 0,
    "h": 32,
    "op": "rect",
    "rgb": "rgb(211, 211, 211)",
    "w": 32,
    "x": 168,
    "y": 120,
  },
  {
    "fill": -1,
    "fillRgb": "color#-1",
    "op": "polygon",
    "outline": 1,
    "outlineRgb": "rgb(128, 128, 128)",
    "points": [
      [
        168,
        120,
      ],
      [
        200,
        120,
      ],
      [
        200,
        152,
      ],
      [
        168,
        152,
      ],
    ],
  },
  {
    "color": 0,
    "h": 16,
    "op": "rect",
    "rgb": "rgb(211, 211, 211)",
    "w": 32,
    "x": 168,
    "y": 104,
  },
  {
    "fill": 2,
    "fillRgb": "rgb(0, 0, 0)",
    "op": "polygon",
    "outline": 2,
    "outlineRgb": "rgb(0, 0, 0)",
    "points": [
      [
        176,
        117,
      ],
      [
        184,
        109,
      ],
      [
        192,
        117,
      ],
      [
        192,
        115,
      ],
      [
        184,
        107,
      ],
      [
        176,
        115,
      ],
    ],
  },
  {
    "color": 0,
    "h": 32,
    "op": "rect",
    "rgb": "rgb(211, 211, 211)",
    "w": 32,
    "x": 168,
    "y": 168,
  },
  {
    "fill": -1,
    "fillRgb": "color#-1",
    "op": "polygon",
    "outline": 1,
    "outlineRgb": "rgb(128, 128, 128)",
    "points": [
      [
        168,
        168,
      ],
      [
        200,
        168,
      ],
      [
        200,
        200,
      ],
      [
        168,
        200,
      ],
    ],
  },
  {
    "color": 0,
    "h": 32,
    "op": "rect",
    "rgb": "rgb(211, 211, 211)",
    "w": 32,
    "x": 168,
    "y": 216,
  },
  {
    "fill": -1,
    "fillRgb": "color#-1",
    "op": "polygon",
    "outline": 1,
    "outlineRgb": "rgb(128, 128, 128)",
    "points": [
      [
        168,
        216,
      ],
      [
        200,
        216,
      ],
      [
        200,
        248,
      ],
      [
        168,
        248,
      ],
    ],
  },
  {
    "color": 0,
    "h": 32,
    "op": "rect",
    "rgb": "rgb(211, 211, 211)",
    "w": 32,
    "x": 216,
    "y": 24,
  },
  {
    "fill": -1,
    "fillRgb": "color#-1",
    "op": "polygon",
    "outline": 1,
    "outlineRgb": "rgb(128, 128, 128)",
    "points": [
      [
        216,
        24,
      ],
      [
        248,
        24,
      ],
      [
        248,
        56,
      ],
      [
        216,
        56,
      ],
    ],
  },
  {
    "color": 0,
    "h": 16,
    "op": "rect",
    "rgb": "rgb(211, 211, 211)",
    "w": 32,
    "x": 216,
    "y": 56,
  },
  {
    "fill": 2,
    "fillRgb": "rgb(0, 0, 0)",
    "op": "polygon",
    "outline": 2,
    "outlineRgb": "rgb(0, 0, 0)",
    "points": [
      [
        224,
        61,
      ],
      [
        232,
        69,
      ],
      [
        240,
        61,
      ],
      [
        240,
        59,
      ],
      [
        232,
        67,
      ],
      [
        224,
        59,
      ],
    ],
  },
  {
    "color": 0,
    "h": 32,
    "op": "rect",
    "rgb": "rgb(211, 211, 211)",
    "w": 32,
    "x": 216,
    "y": 72,
  },
  {
    "fill": -1,
    "fillRgb": "color#-1",
    "op": "polygon",
    "outline": 1,
    "outlineRgb": "rgb(128, 128, 128)",
    "points": [
      [
        216,
        72,
      ],
      [
        248,
        72,
      ],
      [
        248,
        104,
      ],
      [
        216,
        104,
      ],
    ],
  },
  {
    "color": 0,
    "h": 32,
    "op": "rect",
    "rgb": "rgb(211, 211, 211)",
    "w": 32,
    "x": 216,
    "y": 120,
  },
  {
    "fill": -1,
    "fillRgb": "color#-1",
    "op": "polygon",
    "outline": 1,
    "outlineRgb": "rgb(128, 128, 128)",
    "points": [
      [
        216,
        120,
      ],
      [
        248,
        120,
      ],
      [
        248,
        152,
      ],
      [
        216,
        152,
      ],
    ],
  },
  {
    "color": 0,
    "h": 32,
    "op": "rect",
    "rgb": "rgb(211, 211, 211)",
    "w": 32,
    "x": 216,
    "y": 168,
  },
  {
    "fill": -1,
    "fillRgb": "color#-1",
    "op": "polygon",
    "outline": 1,
    "outlineRgb": "rgb(128, 128, 128)",
    "points": [
      [
        216,
        168,
      ],
      [
        248,
        168,
      ],
      [
        248,
        200,
      ],
      [
        216,
        200,
      ],
    ],
  },
  {
    "color": 0,
    "h": 32,
    "op": "rect",
    "rgb": "rgb(211, 211, 211)",
    "w": 32,
    "x": 216,
    "y": 216,
  },
  {
    "fill": -1,
    "fillRgb": "color#-1",
    "op": "polygon",
    "outline": 1,
    "outlineRgb": "rgb(128, 128, 128)",
    "points": [
      [
        216,
        216,
      ],
      [
        248,
        216,
      ],
      [
        248,
        248,
      ],
      [
        216,
        248,
      ],
    ],
  },
  {
    "color": 0,
    "h": 16,
    "op": "rect",
    "rgb": "rgb(211, 211, 211)",
    "w": 32,
    "x": 216,
    "y": 200,
  },
  {
    "fill": 2,
    "fillRgb": "rgb(0, 0, 0)",
    "op": "polygon",
    "outline": 2,
    "outlineRgb": "rgb(0, 0, 0)",
    "points": [
      [
        224,
        213,
      ],
      [
        232,
        205,
      ],
      [
        240,
        213,
      ],
      [
        240,
        211,
      ],
      [
        232,
        203,
      ],
      [
        224,
        211,
      ],
    ],
  },
  {
    "color": 0,
    "h": 20,
    "op": "rect",
    "rgb": "rgb(211, 211, 211)",
    "w": 20,
    "x": 250,
    "y": 2,
  },
]
`;
